Archive member included because of file (symbol)

C:\Program Files\EPT-Tools\EPT-SDK\EPT-A9L\so\libcolorui.a(color_ui.o)
                              o\main.o (EA_iSetMode)
c:/program files/ept-tools/ept-sdk/sourcery g++ lite/bin/../lib/gcc/arm-none-linux-gnueabi/4.3.3\libgcc.a(_arm_addsubdf3.o)
                              o\M1card.o (__aeabi_dadd)
c:/program files/ept-tools/ept-sdk/sourcery g++ lite/bin/../lib/gcc/arm-none-linux-gnueabi/4.3.3\libgcc.a(_arm_muldivdf3.o)
                              o\Function.o (__aeabi_dmul)
c:/program files/ept-tools/ept-sdk/sourcery g++ lite/bin/../lib/gcc/arm-none-linux-gnueabi/4.3.3\libgcc.a(_arm_fixunsdfsi.o)
                              o\Function.o (__aeabi_d2uiz)
c:/program files/ept-tools/ept-sdk/sourcery g++ lite/bin/../lib/gcc/arm-none-linux-gnueabi/4.3.3\libgcc.a(_fixunsdfdi.o)
                              C:\Program Files\EPT-Tools\EPT-SDK\EPT-A9L\so\libfs.so (__aeabi_d2ulz)
c:\program files\ept-tools\ept-sdk\sourcery g++ lite\bin\../arm-none-linux-gnueabi/libc/usr/lib/libc_nonshared.a(elf-init.oS)
                              c:/program files/ept-tools/ept-sdk/sourcery g++ lite/bin/../arm-none-linux-gnueabi/libc/usr/lib/crt1.o (__libc_csu_fini)

Allocating common symbols
Common symbol       size              file

send_buffer         0x400             o\M1card.o
sendbuf             0x400             o\SIM200.o
ptPartInfo          0x38              o\main.o
clerk_list          0xa0              o\main.o
DevStat             0xc8              o\main.o
hDprinterHandle     0x4               o\main.o
hRS232Handle        0x4               o\main.o
tmpch               0x4               o\tcpip.o
hUSBDHandle         0x4               o\main.o
hMifsHandle         0x4               o\main.o
KeySector           0x54              o\opercard.o
hSam2Handle         0x4               o\main.o
s_add               0x10              o\tcpip.o
hSam1Handle         0x4               o\main.o
ErrCardInfo         0x34              o\M1card.o
hCpuHandle          0x4               o\main.o
CardInfo            0xb8              o\main.o
hSIMHandle          0x4               o\main.o
pppn                0x4               o\tcpip.o
gprs                0x12              o\main.o
ptDiskInfo          0x10              o\main.o
gtPara              0x118             o\tcpip.o
socketID            0x4               o\tcpip.o
hWLMHandle          0x4               o\main.o

Discarded input sections

 .note.ABI-tag  0x00000000        0x0 c:/program files/ept-tools/ept-sdk/sourcery g++ lite/bin/../arm-none-linux-gnueabi/libc/usr/lib/crt1.o
 .rodata.cst4   0x00000000        0x0 c:/program files/ept-tools/ept-sdk/sourcery g++ lite/bin/../arm-none-linux-gnueabi/libc/usr/lib/crt1.o
 .ARM.extab     0x00000000        0x0 c:/program files/ept-tools/ept-sdk/sourcery g++ lite/bin/../arm-none-linux-gnueabi/libc/usr/lib/crt1.o
 .data          0x00000000        0x0 c:/program files/ept-tools/ept-sdk/sourcery g++ lite/bin/../arm-none-linux-gnueabi/libc/usr/lib/crt1.o
 .bss           0x00000000        0x0 c:/program files/ept-tools/ept-sdk/sourcery g++ lite/bin/../arm-none-linux-gnueabi/libc/usr/lib/crt1.o
 .note.GNU-stack
                0x00000000        0x0 c:/program files/ept-tools/ept-sdk/sourcery g++ lite/bin/../arm-none-linux-gnueabi/libc/usr/lib/crt1.o
 .data          0x00000000        0x0 c:/program files/ept-tools/ept-sdk/sourcery g++ lite/bin/../arm-none-linux-gnueabi/libc/usr/lib/crti.o
 .bss           0x00000000        0x0 c:/program files/ept-tools/ept-sdk/sourcery g++ lite/bin/../arm-none-linux-gnueabi/libc/usr/lib/crti.o
 .ARM.extab     0x00000000        0x0 c:/program files/ept-tools/ept-sdk/sourcery g++ lite/bin/../arm-none-linux-gnueabi/libc/usr/lib/crti.o
 .note.GNU-stack
                0x00000000        0x0 c:/program files/ept-tools/ept-sdk/sourcery g++ lite/bin/../arm-none-linux-gnueabi/libc/usr/lib/crti.o
 .data          0x00000000        0x0 c:/program files/ept-tools/ept-sdk/sourcery g++ lite/bin/../lib/gcc/arm-none-linux-gnueabi/4.3.3/crtbegin.o
 .ARM.extab     0x00000000        0x0 c:/program files/ept-tools/ept-sdk/sourcery g++ lite/bin/../lib/gcc/arm-none-linux-gnueabi/4.3.3/crtbegin.o
 .note.GNU-stack
                0x00000000        0x0 c:/program files/ept-tools/ept-sdk/sourcery g++ lite/bin/../lib/gcc/arm-none-linux-gnueabi/4.3.3/crtbegin.o
 .text          0x00000000        0x0 o\DB.o
 .data          0x00000000        0x0 o\DB.o
 .bss           0x00000000        0x0 o\DB.o
 .text.GetBlackName
                0x00000000        0x0 o\DB.o
 .ARM.extab.text.GetBlackName
                0x00000000        0x0 o\DB.o
 .ARM.exidx.text.GetBlackName
                0x00000000        0x0 o\DB.o
 .ARM.extab.text.BlackName_Find
                0x00000000        0x0 o\DB.o
 .ARM.extab.text.SaveCardRecord
                0x00000000        0x0 o\DB.o
 .note.GNU-stack
                0x00000000        0x0 o\DB.o
 .text          0x00000000        0x0 o\Function.o
 .data          0x00000000        0x0 o\Function.o
 .bss           0x00000000        0x0 o\Function.o
 .ARM.extab.text.select_gas_oil_Setting
                0x00000000        0x0 o\Function.o
 .text.SAMCompSelect
                0x00000000        0x0 o\Function.o
 .ARM.extab.text.SAMCompSelect
                0x00000000        0x0 o\Function.o
 .ARM.exidx.text.SAMCompSelect
                0x00000000        0x0 o\Function.o
 .text.DateTime_Setting
                0x00000000        0x0 o\Function.o
 .ARM.extab.text.DateTime_Setting
                0x00000000        0x0 o\Function.o
 .ARM.exidx.text.DateTime_Setting
                0x00000000        0x0 o\Function.o
 .ARM.extab.text.PasswordCheck
                0x00000000        0x0 o\Function.o
 .text.OperPasswordCheck
                0x00000000        0x0 o\Function.o
 .ARM.extab.text.OperPasswordCheck
                0x00000000        0x0 o\Function.o
 .ARM.exidx.text.OperPasswordCheck
                0x00000000        0x0 o\Function.o
 .ARM.extab.text.oper_code_setting
                0x00000000        0x0 o\Function.o
 .ARM.extab.text.SetUserID
                0x00000000        0x0 o\Function.o
 .ARM.extab.text.SetID
                0x00000000        0x0 o\Function.o
 .ARM.extab.text.Reprint_sale_record
                0x00000000        0x0 o\Function.o
 .ARM.extab.text.Note_Query
                0x00000000        0x0 o\Function.o
 .ARM.extab.text.AnalyAndDisplay
                0x00000000        0x0 o\Function.o
 .ARM.extab.text.Record_Query
                0x00000000        0x0 o\Function.o
 .ARM.extab.text.price_Setting
                0x00000000        0x0 o\Function.o
 .ARM.extab.text.PasswordSetting
                0x00000000        0x0 o\Function.o
 .ARM.extab.text.Parm_Setting
                0x00000000        0x0 o\Function.o
 .rodata.SuperPass
                0x00000000        0x0 o\Function.o
 .data.UserPass
                0x00000000        0x0 o\Function.o
 .note.GNU-stack
                0x00000000        0x0 o\Function.o
 .text          0x00000000        0x0 o\M1card.o
 .data          0x00000000        0x0 o\M1card.o
 .bss           0x00000000        0x0 o\M1card.o
 .text.trans_to_int32u
                0x00000000        0x0 o\M1card.o
 .ARM.extab.text.trans_to_int32u
                0x00000000        0x0 o\M1card.o
 .ARM.exidx.text.trans_to_int32u
                0x00000000        0x0 o\M1card.o
 .ARM.extab.text.CardInit
                0x00000000        0x0 o\M1card.o
 .text.pfexist  0x00000000        0x0 o\M1card.o
 .ARM.extab.text.pfexist
                0x00000000        0x0 o\M1card.o
 .ARM.exidx.text.pfexist
                0x00000000        0x0 o\M1card.o
 .text.pfclose  0x00000000        0x0 o\M1card.o
 .ARM.extab.text.pfclose
                0x00000000        0x0 o\M1card.o
 .ARM.exidx.text.pfclose
                0x00000000        0x0 o\M1card.o
 .text.pfseek   0x00000000        0x0 o\M1card.o
 .ARM.extab.text.pfseek
                0x00000000        0x0 o\M1card.o
 .ARM.exidx.text.pfseek
                0x00000000        0x0 o\M1card.o
 .text.pfwrite  0x00000000        0x0 o\M1card.o
 .ARM.extab.text.pfwrite
                0x00000000        0x0 o\M1card.o
 .ARM.exidx.text.pfwrite
                0x00000000        0x0 o\M1card.o
 .text.pfread   0x00000000        0x0 o\M1card.o
 .ARM.extab.text.pfread
                0x00000000        0x0 o\M1card.o
 .ARM.exidx.text.pfread
                0x00000000        0x0 o\M1card.o
 .text.pfopen   0x00000000        0x0 o\M1card.o
 .ARM.extab.text.pfopen
                0x00000000        0x0 o\M1card.o
 .ARM.exidx.text.pfopen
                0x00000000        0x0 o\M1card.o
 .text.Get_Sector_PermissionB
                0x00000000        0x0 o\M1card.o
 .ARM.extab.text.Get_Sector_PermissionB
                0x00000000        0x0 o\M1card.o
 .ARM.exidx.text.Get_Sector_PermissionB
                0x00000000        0x0 o\M1card.o
 .ARM.extab.text.Get_Sector_PermissionA
                0x00000000        0x0 o\M1card.o
 .ARM.extab.text.M1_Card_Consume_Process
                0x00000000        0x0 o\M1card.o
 .text.Get_Record
                0x00000000        0x0 o\M1card.o
 .ARM.extab.text.Get_Record
                0x00000000        0x0 o\M1card.o
 .ARM.exidx.text.Get_Record
                0x00000000        0x0 o\M1card.o
 .text.Cal_Interval
                0x00000000        0x0 o\M1card.o
 .ARM.extab.text.Cal_Interval
                0x00000000        0x0 o\M1card.o
 .ARM.exidx.text.Cal_Interval
                0x00000000        0x0 o\M1card.o
 .text.Cal_Keyval
                0x00000000        0x0 o\M1card.o
 .ARM.extab.text.Cal_Keyval
                0x00000000        0x0 o\M1card.o
 .ARM.exidx.text.Cal_Keyval
                0x00000000        0x0 o\M1card.o
 .ARM.extab.text.StoreRectoSD
                0x00000000        0x0 o\M1card.o
 .ARM.extab.text.StoreRecord
                0x00000000        0x0 o\M1card.o
 .ARM.extab.text.ICCardProcess
                0x00000000        0x0 o\M1card.o
 .ARM.extab.text.M1CardProcess
                0x00000000        0x0 o\M1card.o
 .rodata.RATS   0x00000000        0x0 o\M1card.o
 .rodata.WRITE_16_FILE
                0x00000000        0x0 o\M1card.o
 .rodata.PURCHASE
                0x00000000        0x0 o\M1card.o
 .rodata.APPLICATION_LOCK
                0x00000000        0x0 o\M1card.o
 .rodata.READ_16_FILE
                0x00000000        0x0 o\M1card.o
 .rodata.WRITE_15_FILE
                0x00000000        0x0 o\M1card.o
 .rodata.READ_15_FILE
                0x00000000        0x0 o\M1card.o
 .rodata.DESELECT
                0x00000000        0x0 o\M1card.o
 .rodata.ADDRECORD
                0x00000000        0x0 o\M1card.o
 .rodata.GET_CHALLENGE
                0x00000000        0x0 o\M1card.o
 .rodata.GET_BALANCE
                0x00000000        0x0 o\M1card.o
 .rodata.GET_PROVE_CODE
                0x00000000        0x0 o\M1card.o
 .rodata.APPEND_RECORD
                0x00000000        0x0 o\M1card.o
 .rodata.PURCHASE_INIT
                0x00000000        0x0 o\M1card.o
 .rodata.VERIFY_PIN
                0x00000000        0x0 o\M1card.o
 .rodata.SELECT_USER_ADF1
                0x00000000        0x0 o\M1card.o
 .rodata.SELECT_USER_ADF2
                0x00000000        0x0 o\M1card.o
 .note.GNU-stack
                0x00000000        0x0 o\M1card.o
 .text          0x00000000        0x0 o\main.o
 .data          0x00000000        0x0 o\main.o
 .bss           0x00000000        0x0 o\main.o
 .text.System_reset
                0x00000000        0x0 o\main.o
 .ARM.extab.text.System_reset
                0x00000000        0x0 o\main.o
 .ARM.exidx.text.System_reset
                0x00000000        0x0 o\main.o
 .ARM.extab.text.Power_Down
                0x00000000        0x0 o\main.o
 .ARM.extab.text.format_process
                0x00000000        0x0 o\main.o
 .text.TimeModify
                0x00000000        0x0 o\main.o
 .ARM.extab.text.TimeModify
                0x00000000        0x0 o\main.o
 .ARM.exidx.text.TimeModify
                0x00000000        0x0 o\main.o
 .text.TimeFormatChk
                0x00000000        0x0 o\main.o
 .ARM.extab.text.TimeFormatChk
                0x00000000        0x0 o\main.o
 .ARM.exidx.text.TimeFormatChk
                0x00000000        0x0 o\main.o
 .ARM.extab.text.Device_Handle_Init
                0x00000000        0x0 o\main.o
 .text.zbClerkReadFile
                0x00000000        0x0 o\main.o
 .ARM.extab.text.zbClerkReadFile
                0x00000000        0x0 o\main.o
 .ARM.exidx.text.zbClerkReadFile
                0x00000000        0x0 o\main.o
 .text.zbClerkSaveFile
                0x00000000        0x0 o\main.o
 .ARM.extab.text.zbClerkSaveFile
                0x00000000        0x0 o\main.o
 .ARM.exidx.text.zbClerkSaveFile
                0x00000000        0x0 o\main.o
 .ARM.extab.text.appfile_Init
                0x00000000        0x0 o\main.o
 .ARM.extab.text.SystemCheck
                0x00000000        0x0 o\main.o
 .ARM.extab.text.DisplayWelcomeMenu
                0x00000000        0x0 o\main.o
 .text.AppTimerISR
                0x00000000        0x0 o\main.o
 .ARM.extab.text.AppTimerISR
                0x00000000        0x0 o\main.o
 .ARM.exidx.text.AppTimerISR
                0x00000000        0x0 o\main.o
 .ARM.extab.text.AnalyAndDisplayNote
                0x00000000        0x0 o\main.o
 .ARM.extab.text.query_oil_price
                0x00000000        0x0 o\main.o
 .ARM.extab.text.query_note_and_record
                0x00000000        0x0 o\main.o
 .ARM.extab.text.man_set_busnum
                0x00000000        0x0 o\main.o
 .ARM.extab.text.kuaijiefangshi
                0x00000000        0x0 o\main.o
 .text.Debugprintf
                0x00000000        0x0 o\main.o
 .ARM.extab.text.Debugprintf
                0x00000000        0x0 o\main.o
 .ARM.exidx.text.Debugprintf
                0x00000000        0x0 o\main.o
 .ARM.extab.text.LowBatteryDisplay
                0x00000000        0x0 o\main.o
 .text.zbClerkFileInit
                0x00000000        0x0 o\main.o
 .ARM.extab.text.zbClerkFileInit
                0x00000000        0x0 o\main.o
 .ARM.exidx.text.zbClerkFileInit
                0x00000000        0x0 o\main.o
 .ARM.extab.text.print_work_note_his
                0x00000000        0x0 o\main.o
 .ARM.extab.text.System_Init
                0x00000000        0x0 o\main.o
 .ARM.extab.text.main
                0x00000000        0x0 o\main.o
 .note.GNU-stack
                0x00000000        0x0 o\main.o
 .text          0x00000000        0x0 o\Menu.o
 .data          0x00000000        0x0 o\Menu.o
 .bss           0x00000000        0x0 o\Menu.o
 .ARM.extab.text.Cal_CRC
                0x00000000        0x0 o\Menu.o
 .ARM.extab.text.a_to_h
                0x00000000        0x0 o\Menu.o
 .text.bcdhex   0x00000000        0x0 o\Menu.o
 .ARM.extab.text.bcdhex
                0x00000000        0x0 o\Menu.o
 .ARM.exidx.text.bcdhex
                0x00000000        0x0 o\Menu.o
 .text.ascii    0x00000000        0x0 o\Menu.o
 .ARM.extab.text.ascii
                0x00000000        0x0 o\Menu.o
 .ARM.exidx.text.ascii
                0x00000000        0x0 o\Menu.o
 .ARM.extab.text.htoa2
                0x00000000        0x0 o\Menu.o
 .ARM.extab.text.htoa
                0x00000000        0x0 o\Menu.o
 .ARM.extab.text.GPRS_Input_IP
                0x00000000        0x0 o\Menu.o
 .ARM.extab.text.print_work_note
                0x00000000        0x0 o\Menu.o
 .ARM.extab.text.print_record
                0x00000000        0x0 o\Menu.o
 .ARM.extab.text.print_sale_record
                0x00000000        0x0 o\Menu.o
 .note.GNU-stack
                0x00000000        0x0 o\Menu.o
 .text          0x00000000        0x0 o\NormalData.o
 .data          0x00000000        0x0 o\NormalData.o
 .bss           0x00000000        0x0 o\NormalData.o
 .note.GNU-stack
                0x00000000        0x0 o\NormalData.o
 .text          0x00000000        0x0 o\opercard.o
 .data          0x00000000        0x0 o\opercard.o
 .bss           0x00000000        0x0 o\opercard.o
 .text.CheckPeriodOfValidity
                0x00000000        0x0 o\opercard.o
 .ARM.extab.text.CheckPeriodOfValidity
                0x00000000        0x0 o\opercard.o
 .ARM.exidx.text.CheckPeriodOfValidity
                0x00000000        0x0 o\opercard.o
 .text.Purse_Block_Is_Right
                0x00000000        0x0 o\opercard.o
 .ARM.extab.text.Purse_Block_Is_Right
                0x00000000        0x0 o\opercard.o
 .ARM.exidx.text.Purse_Block_Is_Right
                0x00000000        0x0 o\opercard.o
 .text.HextoBcd
                0x00000000        0x0 o\opercard.o
 .ARM.extab.text.HextoBcd
                0x00000000        0x0 o\opercard.o
 .ARM.exidx.text.HextoBcd
                0x00000000        0x0 o\opercard.o
 .ARM.extab.text.Is_timeup
                0x00000000        0x0 o\opercard.o
 .ARM.extab.text.TextHeadDisplayTimer
                0x00000000        0x0 o\opercard.o
 .ARM.extab.text.Sec0_Block_Is_Legal
                0x00000000        0x0 o\opercard.o
 .ARM.extab.text.CardFlush
                0x00000000        0x0 o\opercard.o
 .ARM.extab.text.SaveCardInTime
                0x00000000        0x0 o\opercard.o
 .ARM.extab.text.query_rec_num
                0x00000000        0x0 o\opercard.o
 .ARM.extab.text.Beeperr
                0x00000000        0x0 o\opercard.o
 .ARM.extab.text.Beep
                0x00000000        0x0 o\opercard.o
 .ARM.extab.text.DisplayPurchaseResult
                0x00000000        0x0 o\opercard.o
 .ARM.extab.text.printf_debug
                0x00000000        0x0 o\opercard.o
 .text.Sector6_Process
                0x00000000        0x0 o\opercard.o
 .ARM.extab.text.Sector6_Process
                0x00000000        0x0 o\opercard.o
 .ARM.exidx.text.Sector6_Process
                0x00000000        0x0 o\opercard.o
 .ARM.extab.text.Logout
                0x00000000        0x0 o\opercard.o
 .ARM.extab.text.download_price_table
                0x00000000        0x0 o\opercard.o
 .text.CalTAC   0x00000000        0x0 o\opercard.o
 .ARM.extab.text.CalTAC
                0x00000000        0x0 o\opercard.o
 .ARM.exidx.text.CalTAC
                0x00000000        0x0 o\opercard.o
 .text.CalConsumeTAC
                0x00000000        0x0 o\opercard.o
 .ARM.extab.text.CalConsumeTAC
                0x00000000        0x0 o\opercard.o
 .ARM.exidx.text.CalConsumeTAC
                0x00000000        0x0 o\opercard.o
 .ARM.extab.text.oper_login_check
                0x00000000        0x0 o\opercard.o
 .ARM.extab.text.Login
                0x00000000        0x0 o\opercard.o
 .ARM.extab.text.download_whiltelist
                0x00000000        0x0 o\opercard.o
 .rodata        0x00000000        0x0 o\opercard.o
 .note.GNU-stack
                0x00000000        0x0 o\opercard.o
 .text          0x00000000        0x0 o\sam_card.o
 .data          0x00000000        0x0 o\sam_card.o
 .bss           0x00000000        0x0 o\sam_card.o
 .ARM.extab.text.CmdPsam
                0x00000000        0x0 o\sam_card.o
 .ARM.extab.text.SamCheck
                0x00000000        0x0 o\sam_card.o
 .ARM.extab.text.PsamRst
                0x00000000        0x0 o\sam_card.o
 .rodata.DESCOMMUNICATION
                0x00000000        0x0 o\sam_card.o
 .rodata.SELECT_JDSAM_ADF1
                0x00000000        0x0 o\sam_card.o
 .rodata.GET_MI_FUZA_KEY_YINZI
                0x00000000        0x0 o\sam_card.o
 .rodata.ISAM_CAL_KEY
                0x00000000        0x0 o\sam_card.o
 .rodata.SELECT_SAM_ADF2
                0x00000000        0x0 o\sam_card.o
 .rodata.VERIFY_MAC2
                0x00000000        0x0 o\sam_card.o
 .rodata.GET_MAC1
                0x00000000        0x0 o\sam_card.o
 .rodata.GetChallenge
                0x00000000        0x0 o\sam_card.o
 .rodata.CAL_TAC_M1_FUZA
                0x00000000        0x0 o\sam_card.o
 .rodata.FUZHA_TAC_INIT
                0x00000000        0x0 o\sam_card.o
 .rodata.TAC_FUZA_INIT
                0x00000000        0x0 o\sam_card.o
 .rodata.SELECT_SAM_ADF3
                0x00000000        0x0 o\sam_card.o
 .rodata.DES_INIT
                0x00000000        0x0 o\sam_card.o
 .rodata.READ_SAM_KEY_NUM
                0x00000000        0x0 o\sam_card.o
 .rodata.SELECT_SAM_3F01
                0x00000000        0x0 o\sam_card.o
 .rodata.ISAM_CAL_KEY_INIT
                0x00000000        0x0 o\sam_card.o
 .rodata.DES_CRYPT
                0x00000000        0x0 o\sam_card.o
 .rodata.TAC_JDINIT
                0x00000000        0x0 o\sam_card.o
 .rodata.GetResponse
                0x00000000        0x0 o\sam_card.o
 .rodata.GET_M1_FUZA_KEY
                0x00000000        0x0 o\sam_card.o
 .rodata.DESCOMMUNICATION1
                0x00000000        0x0 o\sam_card.o
 .rodata.FUZHA_CAL_TAC_M1
                0x00000000        0x0 o\sam_card.o
 .rodata.CAL_TAC_M1
                0x00000000        0x0 o\sam_card.o
 .rodata.TAC_INIT
                0x00000000        0x0 o\sam_card.o
 .note.GNU-stack
                0x00000000        0x0 o\sam_card.o
 .text          0x00000000        0x0 o\SIM200.o
 .data          0x00000000        0x0 o\SIM200.o
 .bss           0x00000000        0x0 o\SIM200.o
 .ARM.extab.text.gprs_test
                0x00000000        0x0 o\SIM200.o
 .ARM.extab.text.SaveNoteRecord
                0x00000000        0x0 o\SIM200.o
 .ARM.extab.text.PackageCheck
                0x00000000        0x0 o\SIM200.o
 .ARM.extab.text.upload_price_log
                0x00000000        0x0 o\SIM200.o
 .ARM.extab.text.gprs_send_record
                0x00000000        0x0 o\SIM200.o
 .ARM.extab.text.Gprs_Upload_data
                0x00000000        0x0 o\SIM200.o
 .note.GNU-stack
                0x00000000        0x0 o\SIM200.o
 .text          0x00000000        0x0 o\tcpip.o
 .data          0x00000000        0x0 o\tcpip.o
 .bss           0x00000000        0x0 o\tcpip.o
 .ARM.extab.text.SIM_power_off
                0x00000000        0x0 o\tcpip.o
 .text.SIM_power_on
                0x00000000        0x0 o\tcpip.o
 .ARM.extab.text.SIM_power_on
                0x00000000        0x0 o\tcpip.o
 .ARM.exidx.text.SIM_power_on
                0x00000000        0x0 o\tcpip.o
 .ARM.extab.text.close_gprs_module
                0x00000000        0x0 o\tcpip.o
 .ARM.extab.text.GPRS_Close
                0x00000000        0x0 o\tcpip.o
 .text.GPRS_TCP_Send
                0x00000000        0x0 o\tcpip.o
 .ARM.extab.text.GPRS_TCP_Send
                0x00000000        0x0 o\tcpip.o
 .ARM.exidx.text.GPRS_TCP_Send
                0x00000000        0x0 o\tcpip.o
 .text.GPRS_TCP_Receive
                0x00000000        0x0 o\tcpip.o
 .ARM.extab.text.GPRS_TCP_Receive
                0x00000000        0x0 o\tcpip.o
 .ARM.exidx.text.GPRS_TCP_Receive
                0x00000000        0x0 o\tcpip.o
 .ARM.extab.text.ConnectServer
                0x00000000        0x0 o\tcpip.o
 .ARM.extab.text.open_gprs_module
                0x00000000        0x0 o\tcpip.o
 .rodata.COM_END
                0x00000000        0x0 o\tcpip.o
 .note.GNU-stack
                0x00000000        0x0 o\tcpip.o
 .text          0x00000000        0x0 o\utils.o
 .data          0x00000000        0x0 o\utils.o
 .bss           0x00000000        0x0 o\utils.o
 .text.bcd2int  0x00000000        0x0 o\utils.o
 .ARM.extab.text.bcd2int
                0x00000000        0x0 o\utils.o
 .ARM.exidx.text.bcd2int
                0x00000000        0x0 o\utils.o
 .text.bcd2int_2
                0x00000000        0x0 o\utils.o
 .ARM.extab.text.bcd2int_2
                0x00000000        0x0 o\utils.o
 .ARM.exidx.text.bcd2int_2
                0x00000000        0x0 o\utils.o
 .ARM.extab.text.bcd2asc
                0x00000000        0x0 o\utils.o
 .ARM.extab.text.var_bcd2asc
                0x00000000        0x0 o\utils.o
 .ARM.extab.text.asc2bcd
                0x00000000        0x0 o\utils.o
 .ARM.extab.text.var_asc2bcd
                0x00000000        0x0 o\utils.o
 .text.unpackInt
                0x00000000        0x0 o\utils.o
 .ARM.extab.text.unpackInt
                0x00000000        0x0 o\utils.o
 .ARM.exidx.text.unpackInt
                0x00000000        0x0 o\utils.o
 .text.packInt  0x00000000        0x0 o\utils.o
 .ARM.extab.text.packInt
                0x00000000        0x0 o\utils.o
 .ARM.exidx.text.packInt
                0x00000000        0x0 o\utils.o
 .text.over_turn
                0x00000000        0x0 o\utils.o
 .ARM.extab.text.over_turn
                0x00000000        0x0 o\utils.o
 .ARM.exidx.text.over_turn
                0x00000000        0x0 o\utils.o
 .text.var_hex2asc
                0x00000000        0x0 o\utils.o
 .ARM.extab.text.var_hex2asc
                0x00000000        0x0 o\utils.o
 .ARM.exidx.text.var_hex2asc
                0x00000000        0x0 o\utils.o
 .text.CheckDateTimeValidity
                0x00000000        0x0 o\utils.o
 .ARM.extab.text.CheckDateTimeValidity
                0x00000000        0x0 o\utils.o
 .ARM.exidx.text.CheckDateTimeValidity
                0x00000000        0x0 o\utils.o
 .text.fmtAmtStr
                0x00000000        0x0 o\utils.o
 .ARM.extab.text.fmtAmtStr
                0x00000000        0x0 o\utils.o
 .ARM.exidx.text.fmtAmtStr
                0x00000000        0x0 o\utils.o
 .text.fmtTimeStr
                0x00000000        0x0 o\utils.o
 .ARM.extab.text.fmtTimeStr
                0x00000000        0x0 o\utils.o
 .ARM.exidx.text.fmtTimeStr
                0x00000000        0x0 o\utils.o
 .text.fmtDateStr
                0x00000000        0x0 o\utils.o
 .ARM.extab.text.fmtDateStr
                0x00000000        0x0 o\utils.o
 .ARM.exidx.text.fmtDateStr
                0x00000000        0x0 o\utils.o
 .text.scrShowMsgInfo
                0x00000000        0x0 o\utils.o
 .ARM.extab.text.scrShowMsgInfo
                0x00000000        0x0 o\utils.o
 .ARM.exidx.text.scrShowMsgInfo
                0x00000000        0x0 o\utils.o
 .rodata.str1.4
                0x00000000        0x0 o\utils.o
 .note.GNU-stack
                0x00000000        0x0 o\utils.o
 .text          0x00000000        0x0 o\ydt.o
 .data          0x00000000        0x0 o\ydt.o
 .bss           0x00000000        0x0 o\ydt.o
 .ARM.extab.text.CheckTimeFormat
                0x00000000        0x0 o\ydt.o
 .ARM.extab.text.ascii_to_hex
                0x00000000        0x0 o\ydt.o
 .text.bcdtohex
                0x00000000        0x0 o\ydt.o
 .ARM.extab.text.bcdtohex
                0x00000000        0x0 o\ydt.o
 .ARM.exidx.text.bcdtohex
                0x00000000        0x0 o\ydt.o
 .ARM.extab.text.hextobcd
                0x00000000        0x0 o\ydt.o
 .text.atoh     0x00000000        0x0 o\ydt.o
 .ARM.extab.text.atoh
                0x00000000        0x0 o\ydt.o
 .ARM.exidx.text.atoh
                0x00000000        0x0 o\ydt.o
 .text.ascii_comm
                0x00000000        0x0 o\ydt.o
 .ARM.extab.text.ascii_comm
                0x00000000        0x0 o\ydt.o
 .ARM.exidx.text.ascii_comm
                0x00000000        0x0 o\ydt.o
 .text.Cal_Crc  0x00000000        0x0 o\ydt.o
 .ARM.extab.text.Cal_Crc
                0x00000000        0x0 o\ydt.o
 .ARM.exidx.text.Cal_Crc
                0x00000000        0x0 o\ydt.o
 .ARM.extab.text.SleepMs
                0x00000000        0x0 o\ydt.o
 .text.pf_open  0x00000000        0x0 o\ydt.o
 .ARM.extab.text.pf_open
                0x00000000        0x0 o\ydt.o
 .ARM.exidx.text.pf_open
                0x00000000        0x0 o\ydt.o
 .text.pf_close
                0x00000000        0x0 o\ydt.o
 .ARM.extab.text.pf_close
                0x00000000        0x0 o\ydt.o
 .ARM.exidx.text.pf_close
                0x00000000        0x0 o\ydt.o
 .text.pf_exist
                0x00000000        0x0 o\ydt.o
 .ARM.extab.text.pf_exist
                0x00000000        0x0 o\ydt.o
 .ARM.exidx.text.pf_exist
                0x00000000        0x0 o\ydt.o
 .text.pf_read  0x00000000        0x0 o\ydt.o
 .ARM.extab.text.pf_read
                0x00000000        0x0 o\ydt.o
 .ARM.exidx.text.pf_read
                0x00000000        0x0 o\ydt.o
 .text.pf_write
                0x00000000        0x0 o\ydt.o
 .ARM.extab.text.pf_write
                0x00000000        0x0 o\ydt.o
 .ARM.exidx.text.pf_write
                0x00000000        0x0 o\ydt.o
 .text.pf_creat
                0x00000000        0x0 o\ydt.o
 .ARM.extab.text.pf_creat
                0x00000000        0x0 o\ydt.o
 .ARM.exidx.text.pf_creat
                0x00000000        0x0 o\ydt.o
 .ARM.extab.text.lcddisperr
                0x00000000        0x0 o\ydt.o
 .ARM.extab.text.ReadParam
                0x00000000        0x0 o\ydt.o
 .ARM.extab.text.WriteParam
                0x00000000        0x0 o\ydt.o
 .ARM.extab.text.lcddisp
                0x00000000        0x0 o\ydt.o
 .ARM.extab.text.get_input_str
                0x00000000        0x0 o\ydt.o
 .ARM.extab.text.Modify_Time
                0x00000000        0x0 o\ydt.o
 .text.WriteParamRecNum
                0x00000000        0x0 o\ydt.o
 .ARM.extab.text.WriteParamRecNum
                0x00000000        0x0 o\ydt.o
 .ARM.exidx.text.WriteParamRecNum
                0x00000000        0x0 o\ydt.o
 .text.ReadParamRecNum
                0x00000000        0x0 o\ydt.o
 .ARM.extab.text.ReadParamRecNum
                0x00000000        0x0 o\ydt.o
 .ARM.exidx.text.ReadParamRecNum
                0x00000000        0x0 o\ydt.o
 .ARM.extab.text.Get_Time
                0x00000000        0x0 o\ydt.o
 .text.browse_menu_time
                0x00000000        0x0 o\ydt.o
 .ARM.extab.text.browse_menu_time
                0x00000000        0x0 o\ydt.o
 .ARM.exidx.text.browse_menu_time
                0x00000000        0x0 o\ydt.o
 .ARM.extab.text.param_factory_default
                0x00000000        0x0 o\ydt.o
 .rodata.clerkFileName
                0x00000000        0x0 o\ydt.o
 .rodata.grayrecFileName
                0x00000000        0x0 o\ydt.o
 .data.clerkLen
                0x00000000        0x0 o\ydt.o
 .note.GNU-stack
                0x00000000        0x0 o\ydt.o
 .data          0x00000000        0x0 C:\Program Files\EPT-Tools\EPT-SDK\EPT-A9L\so\libcolorui.a(color_ui.o)
 .ARM.extab     0x00000000        0x0 C:\Program Files\EPT-Tools\EPT-SDK\EPT-A9L\so\libcolorui.a(color_ui.o)
 .note.GNU-stack
                0x00000000        0x0 C:\Program Files\EPT-Tools\EPT-SDK\EPT-A9L\so\libcolorui.a(color_ui.o)
 .data          0x00000000        0x0 c:/program files/ept-tools/ept-sdk/sourcery g++ lite/bin/../lib/gcc/arm-none-linux-gnueabi/4.3.3\libgcc.a(_arm_addsubdf3.o)
 .bss           0x00000000        0x0 c:/program files/ept-tools/ept-sdk/sourcery g++ lite/bin/../lib/gcc/arm-none-linux-gnueabi/4.3.3\libgcc.a(_arm_addsubdf3.o)
 .note.GNU-stack
                0x00000000        0x0 c:/program files/ept-tools/ept-sdk/sourcery g++ lite/bin/../lib/gcc/arm-none-linux-gnueabi/4.3.3\libgcc.a(_arm_addsubdf3.o)
 .data          0x00000000        0x0 c:/program files/ept-tools/ept-sdk/sourcery g++ lite/bin/../lib/gcc/arm-none-linux-gnueabi/4.3.3\libgcc.a(_arm_muldivdf3.o)
 .bss           0x00000000        0x0 c:/program files/ept-tools/ept-sdk/sourcery g++ lite/bin/../lib/gcc/arm-none-linux-gnueabi/4.3.3\libgcc.a(_arm_muldivdf3.o)
 .note.GNU-stack
                0x00000000        0x0 c:/program files/ept-tools/ept-sdk/sourcery g++ lite/bin/../lib/gcc/arm-none-linux-gnueabi/4.3.3\libgcc.a(_arm_muldivdf3.o)
 .data          0x00000000        0x0 c:/program files/ept-tools/ept-sdk/sourcery g++ lite/bin/../lib/gcc/arm-none-linux-gnueabi/4.3.3\libgcc.a(_arm_fixunsdfsi.o)
 .bss           0x00000000        0x0 c:/program files/ept-tools/ept-sdk/sourcery g++ lite/bin/../lib/gcc/arm-none-linux-gnueabi/4.3.3\libgcc.a(_arm_fixunsdfsi.o)
 .note.GNU-stack
                0x00000000        0x0 c:/program files/ept-tools/ept-sdk/sourcery g++ lite/bin/../lib/gcc/arm-none-linux-gnueabi/4.3.3\libgcc.a(_arm_fixunsdfsi.o)
 .data          0x00000000        0x0 c:/program files/ept-tools/ept-sdk/sourcery g++ lite/bin/../lib/gcc/arm-none-linux-gnueabi/4.3.3\libgcc.a(_fixunsdfdi.o)
 .bss           0x00000000        0x0 c:/program files/ept-tools/ept-sdk/sourcery g++ lite/bin/../lib/gcc/arm-none-linux-gnueabi/4.3.3\libgcc.a(_fixunsdfdi.o)
 .ARM.extab     0x00000000        0x0 c:/program files/ept-tools/ept-sdk/sourcery g++ lite/bin/../lib/gcc/arm-none-linux-gnueabi/4.3.3\libgcc.a(_fixunsdfdi.o)
 .note.GNU-stack
                0x00000000        0x0 c:/program files/ept-tools/ept-sdk/sourcery g++ lite/bin/../lib/gcc/arm-none-linux-gnueabi/4.3.3\libgcc.a(_fixunsdfdi.o)
 .data          0x00000000        0x0 c:\program files\ept-tools\ept-sdk\sourcery g++ lite\bin\../arm-none-linux-gnueabi/libc/usr/lib/libc_nonshared.a(elf-init.oS)
 .bss           0x00000000        0x0 c:\program files\ept-tools\ept-sdk\sourcery g++ lite\bin\../arm-none-linux-gnueabi/libc/usr/lib/libc_nonshared.a(elf-init.oS)
 .ARM.extab     0x00000000        0x0 c:\program files\ept-tools\ept-sdk\sourcery g++ lite\bin\../arm-none-linux-gnueabi/libc/usr/lib/libc_nonshared.a(elf-init.oS)
 .note.GNU-stack
                0x00000000        0x0 c:\program files\ept-tools\ept-sdk\sourcery g++ lite\bin\../arm-none-linux-gnueabi/libc/usr/lib/libc_nonshared.a(elf-init.oS)
 .text          0x00000000        0x0 c:/program files/ept-tools/ept-sdk/sourcery g++ lite/bin/../lib/gcc/arm-none-linux-gnueabi/4.3.3/crtend.o
 .data          0x00000000        0x0 c:/program files/ept-tools/ept-sdk/sourcery g++ lite/bin/../lib/gcc/arm-none-linux-gnueabi/4.3.3/crtend.o
 .bss           0x00000000        0x0 c:/program files/ept-tools/ept-sdk/sourcery g++ lite/bin/../lib/gcc/arm-none-linux-gnueabi/4.3.3/crtend.o
 .note.GNU-stack
                0x00000000        0x0 c:/program files/ept-tools/ept-sdk/sourcery g++ lite/bin/../lib/gcc/arm-none-linux-gnueabi/4.3.3/crtend.o
 .text          0x00000000        0x0 c:/program files/ept-tools/ept-sdk/sourcery g++ lite/bin/../arm-none-linux-gnueabi/libc/usr/lib/crtn.o
 .data          0x00000000        0x0 c:/program files/ept-tools/ept-sdk/sourcery g++ lite/bin/../arm-none-linux-gnueabi/libc/usr/lib/crtn.o
 .bss           0x00000000        0x0 c:/program files/ept-tools/ept-sdk/sourcery g++ lite/bin/../arm-none-linux-gnueabi/libc/usr/lib/crtn.o
 .ARM.extab.init
                0x00000000        0x0 c:/program files/ept-tools/ept-sdk/sourcery g++ lite/bin/../arm-none-linux-gnueabi/libc/usr/lib/crtn.o
 .ARM.extab.fini
                0x00000000        0x0 c:/program files/ept-tools/ept-sdk/sourcery g++ lite/bin/../arm-none-linux-gnueabi/libc/usr/lib/crtn.o
 .note.GNU-stack
                0x00000000        0x0 c:/program files/ept-tools/ept-sdk/sourcery g++ lite/bin/../arm-none-linux-gnueabi/libc/usr/lib/crtn.o

Memory Configuration

Name             Origin             Length             Attributes
*default*        0x00000000         0xffffffff

Linker script and memory map

LOAD c:/program files/ept-tools/ept-sdk/sourcery g++ lite/bin/../arm-none-linux-gnueabi/libc/usr/lib/crt1.o
LOAD c:/program files/ept-tools/ept-sdk/sourcery g++ lite/bin/../arm-none-linux-gnueabi/libc/usr/lib/crti.o
LOAD c:/program files/ept-tools/ept-sdk/sourcery g++ lite/bin/../lib/gcc/arm-none-linux-gnueabi/4.3.3/crtbegin.o
LOAD o\DB.o
LOAD o\Function.o
LOAD o\M1card.o
LOAD o\main.o
LOAD o\Menu.o
LOAD o\NormalData.o
LOAD o\opercard.o
LOAD o\sam_card.o
LOAD o\SIM200.o
LOAD o\tcpip.o
LOAD o\utils.o
LOAD o\ydt.o
LOAD C:\Program Files\EPT-Tools\EPT-SDK\EPT-A9L\so\libcolorui.a
LOAD C:\Program Files\EPT-Tools\EPT-SDK\EPT-A9L\so\libdigitalled.a
LOAD C:\Program Files\EPT-Tools\EPT-SDK\EPT-A9L\so\libjpeg.a
LOAD C:\Program Files\EPT-Tools\EPT-SDK\EPT-A9L\so\libsignpanel.a
LOAD C:\Program Files\EPT-Tools\EPT-SDK\EPT-A9L\so\libSM.a
LOAD C:\Program Files\EPT-Tools\EPT-SDK\EPT-A9L\so\libalgorithm.so
LOAD C:\Program Files\EPT-Tools\EPT-SDK\EPT-A9L\so\libAt1604.so
LOAD C:\Program Files\EPT-Tools\EPT-SDK\EPT-A9L\so\libAt1608.so
LOAD C:\Program Files\EPT-Tools\EPT-SDK\EPT-A9L\so\libat24cxx.so
LOAD C:\Program Files\EPT-Tools\EPT-SDK\EPT-A9L\so\libAt45d041.so
LOAD C:\Program Files\EPT-Tools\EPT-SDK\EPT-A9L\so\libaudio.so
LOAD C:\Program Files\EPT-Tools\EPT-SDK\EPT-A9L\so\libbaseinfo.so
LOAD C:\Program Files\EPT-Tools\EPT-SDK\EPT-A9L\so\libbt.so
LOAD C:\Program Files\EPT-Tools\EPT-SDK\EPT-A9L\so\libcashbox.so
LOAD C:\Program Files\EPT-Tools\EPT-SDK\EPT-A9L\so\libcfginfo.so
LOAD C:\Program Files\EPT-Tools\EPT-SDK\EPT-A9L\so\libcommon.so
LOAD C:\Program Files\EPT-Tools\EPT-SDK\EPT-A9L\so\libCommu.so
LOAD C:\Program Files\EPT-Tools\EPT-SDK\EPT-A9L\so\libDhcp.so
LOAD C:\Program Files\EPT-Tools\EPT-SDK\EPT-A9L\so\libfam.so
LOAD C:\Program Files\EPT-Tools\EPT-SDK\EPT-A9L\so\libfindhidcomdev.so
LOAD C:\Program Files\EPT-Tools\EPT-SDK\EPT-A9L\so\libfs.so
LOAD C:\Program Files\EPT-Tools\EPT-SDK\EPT-A9L\so\libFsk.so
LOAD C:\Program Files\EPT-Tools\EPT-SDK\EPT-A9L\so\libGps.so
LOAD C:\Program Files\EPT-Tools\EPT-SDK\EPT-A9L\so\libGsm.so
LOAD C:\Program Files\EPT-Tools\EPT-SDK\EPT-A9L\so\libIccard.so
LOAD C:\Program Files\EPT-Tools\EPT-SDK\EPT-A9L\so\libissl.so
LOAD C:\Program Files\EPT-Tools\EPT-SDK\EPT-A9L\so\libjpeg.so
LOAD C:\Program Files\EPT-Tools\EPT-SDK\EPT-A9L\so\libMagcard.so
LOAD C:\Program Files\EPT-Tools\EPT-SDK\EPT-A9L\so\libMifs.so
LOAD C:\Program Files\EPT-Tools\EPT-SDK\EPT-A9L\so\libmodem.so
LOAD C:\Program Files\EPT-Tools\EPT-SDK\EPT-A9L\so\libpara.so
LOAD C:\Program Files\EPT-Tools\EPT-SDK\EPT-A9L\so\libpinpad.so
LOAD C:\Program Files\EPT-Tools\EPT-SDK\EPT-A9L\so\libpl2303.so
LOAD C:\Program Files\EPT-Tools\EPT-SDK\EPT-A9L\so\libpm.so
LOAD C:\Program Files\EPT-Tools\EPT-SDK\EPT-A9L\so\libPppdial.so
LOAD C:\Program Files\EPT-Tools\EPT-SDK\EPT-A9L\so\libPrinter.so
LOAD C:\Program Files\EPT-Tools\EPT-SDK\EPT-A9L\so\libscan.so
LOAD C:\Program Files\EPT-Tools\EPT-SDK\EPT-A9L\so\libsfs.so
LOAD C:\Program Files\EPT-Tools\EPT-SDK\EPT-A9L\so\libSim4428.so
LOAD C:\Program Files\EPT-Tools\EPT-SDK\EPT-A9L\so\libSim4442.so
LOAD C:\Program Files\EPT-Tools\EPT-SDK\EPT-A9L\so\libsysserv.so
LOAD C:\Program Files\EPT-Tools\EPT-SDK\EPT-A9L\so\libtms.so
LOAD C:\Program Files\EPT-Tools\EPT-SDK\EPT-A9L\so\libui.so
LOAD C:\Program Files\EPT-Tools\EPT-SDK\EPT-A9L\so\libvoice.so
LOAD C:\Program Files\EPT-Tools\EPT-SDK\Sourcery G++ Lite\arm-none-linux-gnueabi\libc\usr\lib/librt.so
LOAD C:\Program Files\EPT-Tools\EPT-SDK\Sourcery G++ Lite\arm-none-linux-gnueabi\libc\usr\lib/libpthread.so
START GROUP
LOAD c:\program files\ept-tools\ept-sdk\sourcery g++ lite\bin\../arm-none-linux-gnueabi/libc/lib/libpthread.so.0
LOAD c:\program files\ept-tools\ept-sdk\sourcery g++ lite\bin\../arm-none-linux-gnueabi/libc/usr/lib/libpthread_nonshared.a
END GROUP
LOAD C:\Program Files\EPT-Tools\EPT-SDK\Sourcery G++ Lite\arm-none-linux-gnueabi\libc\usr\lib/libdl.so
LOAD c:/program files/ept-tools/ept-sdk/sourcery g++ lite/bin/../lib/gcc/arm-none-linux-gnueabi/4.3.3\libgcc.a
LOAD c:/program files/ept-tools/ept-sdk/sourcery g++ lite/bin/../arm-none-linux-gnueabi/libc/lib/libgcc_s.so
LOAD C:\Program Files\EPT-Tools\EPT-SDK\Sourcery G++ Lite\arm-none-linux-gnueabi\libc\usr\lib/libc.so
START GROUP
LOAD c:\program files\ept-tools\ept-sdk\sourcery g++ lite\bin\../arm-none-linux-gnueabi/libc/lib/libc.so.6
LOAD c:\program files\ept-tools\ept-sdk\sourcery g++ lite\bin\../arm-none-linux-gnueabi/libc/usr/lib/libc_nonshared.a
LOAD c:\program files\ept-tools\ept-sdk\sourcery g++ lite\bin\../arm-none-linux-gnueabi/libc/lib/ld-linux.so.3
END GROUP
LOAD c:/program files/ept-tools/ept-sdk/sourcery g++ lite/bin/../lib/gcc/arm-none-linux-gnueabi/4.3.3\libgcc.a
LOAD c:/program files/ept-tools/ept-sdk/sourcery g++ lite/bin/../arm-none-linux-gnueabi/libc/lib/libgcc_s.so
LOAD c:/program files/ept-tools/ept-sdk/sourcery g++ lite/bin/../lib/gcc/arm-none-linux-gnueabi/4.3.3/crtend.o
LOAD c:/program files/ept-tools/ept-sdk/sourcery g++ lite/bin/../arm-none-linux-gnueabi/libc/usr/lib/crtn.o
                0x00008000                PROVIDE (__executable_start, 0x8000)
                0x00008114                . = (0x8000 + SIZEOF_HEADERS)

.interp         0x00008114       0x13
 *(.interp)
 .interp        0x00008114       0x13 c:/program files/ept-tools/ept-sdk/sourcery g++ lite/bin/../arm-none-linux-gnueabi/libc/usr/lib/crti.o

.note.gnu.build-id
 *(.note.gnu.build-id)

.hash
 *(.hash)

.gnu.hash       0x00008128      0x508
 *(.gnu.hash)
 .gnu.hash      0x00008128      0x508 c:/program files/ept-tools/ept-sdk/sourcery g++ lite/bin/../arm-none-linux-gnueabi/libc/usr/lib/crti.o

.dynsym         0x00008630      0x6b0
 *(.dynsym)
 .dynsym        0x00008630      0x6b0 c:/program files/ept-tools/ept-sdk/sourcery g++ lite/bin/../arm-none-linux-gnueabi/libc/usr/lib/crti.o

.dynstr         0x00008ce0      0x6cd
 *(.dynstr)
 .dynstr        0x00008ce0      0x6cd c:/program files/ept-tools/ept-sdk/sourcery g++ lite/bin/../arm-none-linux-gnueabi/libc/usr/lib/crti.o

.gnu.version    0x000093ae       0xd6
 *(.gnu.version)
 .gnu.version   0x000093ae       0xd6 c:/program files/ept-tools/ept-sdk/sourcery g++ lite/bin/../arm-none-linux-gnueabi/libc/usr/lib/crti.o

.gnu.version_d  0x00009484        0x0
 *(.gnu.version_d)
 .gnu.version_d
                0x00000000        0x0 c:/program files/ept-tools/ept-sdk/sourcery g++ lite/bin/../arm-none-linux-gnueabi/libc/usr/lib/crti.o

.gnu.version_r  0x00009484      0x1f0
 *(.gnu.version_r)
 .gnu.version_r
                0x00009484      0x1f0 c:/program files/ept-tools/ept-sdk/sourcery g++ lite/bin/../arm-none-linux-gnueabi/libc/usr/lib/crti.o

.rel.dyn        0x00009674        0x8
 *(.rel.init)
 *(.rel.text .rel.text.* .rel.gnu.linkonce.t.*)
 *(.rel.fini)
 *(.rel.rodata .rel.rodata.* .rel.gnu.linkonce.r.*)
 *(.rel.data.rel.ro* .rel.gnu.linkonce.d.rel.ro.*)
 *(.rel.data .rel.data.* .rel.gnu.linkonce.d.*)
 *(.rel.tdata .rel.tdata.* .rel.gnu.linkonce.td.*)
 *(.rel.tbss .rel.tbss.* .rel.gnu.linkonce.tb.*)
 *(.rel.ctors)
 *(.rel.dtors)
 *(.rel.got)
 .rel.got       0x00009674        0x8 c:/program files/ept-tools/ept-sdk/sourcery g++ lite/bin/../arm-none-linux-gnueabi/libc/usr/lib/crti.o
 *(.rel.bss .rel.bss.* .rel.gnu.linkonce.b.*)
 .rel.bss       0x00000000        0x0 c:/program files/ept-tools/ept-sdk/sourcery g++ lite/bin/../arm-none-linux-gnueabi/libc/usr/lib/crti.o

.rel.ifunc.dyn
 *(.rel.ifunc.*)

.rela.dyn
 *(.rela.init)
 *(.rela.text .rela.text.* .rela.gnu.linkonce.t.*)
 *(.rela.fini)
 *(.rela.rodata .rela.rodata.* .rela.gnu.linkonce.r.*)
 *(.rela.data .rela.data.* .rela.gnu.linkonce.d.*)
 *(.rela.tdata .rela.tdata.* .rela.gnu.linkonce.td.*)
 *(.rela.tbss .rela.tbss.* .rela.gnu.linkonce.tb.*)
 *(.rela.ctors)
 *(.rela.dtors)
 *(.rela.got)
 *(.rela.bss .rela.bss.* .rela.gnu.linkonce.b.*)

.rela.ifunc.dyn
 *(.rela.ifunc.*)

.rel.plt        0x0000967c      0x308
 *(.rel.plt)
 .rel.plt       0x0000967c      0x308 c:/program files/ept-tools/ept-sdk/sourcery g++ lite/bin/../arm-none-linux-gnueabi/libc/usr/lib/crti.o

.rela.plt
 *(.rela.plt)

.init           0x00009984        0xc
 *(.init)
 .init          0x00009984        0x8 c:/program files/ept-tools/ept-sdk/sourcery g++ lite/bin/../arm-none-linux-gnueabi/libc/usr/lib/crti.o
                0x00009984                _init
 .init          0x0000998c        0x4 c:/program files/ept-tools/ept-sdk/sourcery g++ lite/bin/../arm-none-linux-gnueabi/libc/usr/lib/crtn.o

.plt            0x00009990      0x4a0
 *(.plt)
 .plt           0x00009990      0x4a0 c:/program files/ept-tools/ept-sdk/sourcery g++ lite/bin/../arm-none-linux-gnueabi/libc/usr/lib/crti.o
                0x000099a4                EA_ucICInitModule@@Iccard_1.0
                0x000099b0                EA_ucPFReadRec@@FFS_1.0
                0x000099bc                EA_ucPrinterAutoFeeding@@PRINT_1.0
                0x000099c8                EA_ucPFDel@@FFS_1.0
                0x000099d4                EA_ucInitPpp@@PPPDIAL_1.0
                0x000099e0                EA_ucMIFHalt@@Mifs_1.0
                0x000099ec                abort@@GLIBC_2.4
                0x000099f8                connect@@GLIBC_2.4
                0x00009a04                memcmp@@GLIBC_2.4
                0x00009a10                EA_ucICInComing@@Iccard_1.0
                0x00009a1c                __libc_start_main@@GLIBC_2.4
                0x00009a28                EA_ucPFOpen@@FFS_1.0
                0x00009a34                EA_ucGetPowerInfo@@PM_1.1
                0x00009a40                EA_vTextOut@@UI_1.0
                0x00009a4c                EA_ucMIFSelect@@Mifs_1.0
                0x00009a64                EA_ucGetDateTime@@COMMON_1.0
                0x00009a70                inet_addr@@GLIBC_2.4
                0x00009a7c                __strcat_chk@@GLIBC_2.4
                0x00009a88                fclose@@GLIBC_2.4
                0x00009a94                strchr@@GLIBC_2.4
                0x00009aa0                EA_ucICOutGoing@@Iccard_1.0
                0x00009aac                EA_ucMIFRequest@@Mifs_1.0
                0x00009ab8                EA_ucGetInputStr@@UI_1.0
                0x00009ac4                EA_ucLinePrinter@@PRINT_1.0
                0x00009ad0                EA_ucBlkSearch@@FFS_1.0
                0x00009adc                EA_ucCommuExpand@@CommuLib_1.0
                0x00009ae8                EA_ucInitPrinter@@PRINT_1.0
                0x00009af4                fopen@@GLIBC_2.4
                0x00009b00                EA_vDelayMs@@COMMON_1.0
                0x00009b0c                memset@@GLIBC_2.4
                0x00009b18                EA_ucSetDateTime@@COMMON_1.0
                0x00009b24                EA_ucClrKeyBuf@@UI_1.0
                0x00009b30                EA_vDrawIcons@@UI_1.0
                0x00009b3c                dlopen@@GLIBC_2.4
                0x00009b48                EA_ucPFFormat@@FFS_1.0
                0x00009b54                EA_ucPFClose@@FFS_1.0
                0x00009b60                EA_ucMIFRead@@Mifs_1.0
                0x00009b6c                read@@GLIBC_2.4
                0x00009b78                write@@GLIBC_2.4
                0x00009b84                EA_ucPFCreateLoop@@FFS_1.0
                0x00009b90                access@@GLIBC_2.4
                0x00009b9c                EA_ucMIFWrite@@Mifs_1.0
                0x00009ba8                fseek@@GLIBC_2.4
                0x00009bb4                EA_ucICExchangeAPDU@@Iccard_1.0
                0x00009bc0                EA_vDisp@@UI_1.0
                0x00009bcc                __memcpy_chk@@GLIBC_2.4
                0x00009bd8                socket@@GLIBC_2.4
                0x00009be4                EA_ucMIFAntiColl@@Mifs_1.0
                0x00009bf0                EA_ucGetPartInfo@@COMMON_1.0
                0x00009bfc                strlen@@GLIBC_2.4
                0x00009c08                sscanf@@GLIBC_2.4
                0x00009c14                EA_uiInkey@@UI_1.0
                0x00009c20                memcpy@@GLIBC_2.4
                0x00009c2c                EA_ucPFInfo@@FFS_1.0
                0x00009c38                EA_ucGetPrinterStatus@@PRINT_1.0
                0x00009c44                ftell@@GLIBC_2.4
                0x00009c50                EA_vCls@@UI_1.0
                0x00009c5c                strtol@@GLIBC_2.4
                0x00009c68                strcpy@@GLIBC_2.4
                0x00009c74                EA_ucBlkAppendBase@@FFS_1.0
                0x00009c80                EA_ucPFWriteRec@@FFS_1.0
                0x00009c8c                EA_vDisplay@@UI_1.0
                0x00009c98                EA_ucBlkClose@@FFS_1.0
                0x00009ca4                EA_ucInitRS232@@COMMON_1.0
                0x00009cb0                EA_ucBlkGetFileInfo@@FFS_1.0
                0x00009cbc                EA_ucSetInverse@@UI_1.0
                0x00009cc8                EA_ucAuthenPara@@PPPDIAL_1.0
                0x00009cd4                close@@GLIBC_2.4
                0x00009ce0                EA_ucKBHit@@UI_1.0
                0x00009cec                EA_vSystemManage@@SYSSERV_1.0
                0x00009cf8                EA_ucSetPrinterFormat@@PRINT_1.0
                0x00009d04                EA_ucGetLocalDynIp@@PPPDIAL_1.0
                0x00009d10                fwrite@@GLIBC_2.4
                0x00009d1c                EA_ucDialOffPpp@@PPPDIAL_1.0
                0x00009d28                EA_ucICPowerDown@@Iccard_1.0
                0x00009d34                EA_vBeepMs@@COMMON_1.0
                0x00009d40                EA_ucGetLinkState@@PPPDIAL_1.0
                0x00009d4c                EA_ucICPowerUp@@Iccard_1.0
                0x00009d58                EA_ucOpenDevice@@COMMON_1.0
                0x00009d64                EA_ucBlkCreate@@FFS_1.0
                0x00009d70                EA_uiInkeyMs@@UI_1.0
                0x00009d7c                EA_ucCloseDevice@@COMMON_1.0
                0x00009d88                EA_ucBlkClean@@FFS_1.0
                0x00009d94                EA_ucCallPpp@@PPPDIAL_1.0
                0x00009da0                EA_ucBlkOpen@@FFS_1.0
                0x00009dac                __sprintf_chk@@GLIBC_2.4
                0x00009db8                EA_ucPFCreate@@FFS_1.0
                0x00009dc4                EA_ucMIFAuthToRam@@Mifs_1.0
                0x00009dd0                __strcpy_chk@@GLIBC_2.4
                0x00009ddc                EA_ucGetDiskInfo@@COMMON_1.0
                0x00009de8                EA_ucSetStopFlag@@PM_1.0
                0x00009df4                setsockopt@@GLIBC_2.4
                0x00009e00                EI_win_ptGetDefaultWindow@@UI_1.0
                0x00009e0c                strcmp@@GLIBC_2.4
                0x00009e18                dlsym@@GLIBC_2.4
                0x00009e24                EA_ucBlkDelete@@FFS_1.0

.text           0x00009e30     0xabe8
 *(.text .stub .text.* .gnu.linkonce.t.*)
 .text          0x00009e30       0x38 c:/program files/ept-tools/ept-sdk/sourcery g++ lite/bin/../arm-none-linux-gnueabi/libc/usr/lib/crt1.o
                0x00009e30                _start
 .text          0x00009e68       0x24 c:/program files/ept-tools/ept-sdk/sourcery g++ lite/bin/../arm-none-linux-gnueabi/libc/usr/lib/crti.o
 .text          0x00009e8c       0x4c c:/program files/ept-tools/ept-sdk/sourcery g++ lite/bin/../lib/gcc/arm-none-linux-gnueabi/4.3.3/crtbegin.o
 .text.BlackName_Find
                0x00009ed8       0x90 o\DB.o
                0x00009ed8                BlackName_Find
 .text.SaveCardRecord
                0x00009f68      0x148 o\DB.o
                0x00009f68                SaveCardRecord
 .text.select_gas_oil_Setting
                0x0000a0b0       0xa8 o\Function.o
                0x0000a0b0                select_gas_oil_Setting
 .text.PasswordCheck
                0x0000a158       0xd8 o\Function.o
                0x0000a158                PasswordCheck
 .text.oper_code_setting
                0x0000a230      0x304 o\Function.o
                0x0000a230                oper_code_setting
 .text.SetUserID
                0x0000a534      0x110 o\Function.o
                0x0000a534                SetUserID
 .text.SetID    0x0000a644      0x114 o\Function.o
                0x0000a644                SetID
 .text.Reprint_sale_record
                0x0000a758        0x4 o\Function.o
                0x0000a758                Reprint_sale_record
 .text.Note_Query
                0x0000a75c      0x1f0 o\Function.o
                0x0000a75c                Note_Query
 .text.AnalyAndDisplay
                0x0000a94c      0x318 o\Function.o
                0x0000a94c                AnalyAndDisplay
 .text.Record_Query
                0x0000ac64      0x1f0 o\Function.o
                0x0000ac64                Record_Query
 .text.price_Setting
                0x0000ae54      0x54c o\Function.o
                0x0000ae54                price_Setting
 .text.PasswordSetting
                0x0000b3a0      0x1fc o\Function.o
                0x0000b3a0                PasswordSetting
 .text.Parm_Setting
                0x0000b59c      0x10c o\Function.o
                0x0000b59c                Parm_Setting
 .text.CardInit
                0x0000b6a8       0xc0 o\M1card.o
                0x0000b6a8                CardInit
 .text.Get_Sector_PermissionA
                0x0000b768       0x34 o\M1card.o
                0x0000b768                Get_Sector_PermissionA
 .text.M1_Card_Consume_Process
                0x0000b79c      0x408 o\M1card.o
                0x0000b79c                M1_Card_Consume_Process
 .text.StoreRectoSD
                0x0000bba4      0x254 o\M1card.o
                0x0000bba4                StoreRectoSD
 .text.StoreRecord
                0x0000bdf8      0x2c0 o\M1card.o
                0x0000bdf8                StoreRecord
 .text.ICCardProcess
                0x0000c0b8      0x210 o\M1card.o
                0x0000c0b8                ICCardProcess
 .text.M1CardProcess
                0x0000c2c8      0x3d0 o\M1card.o
                0x0000c2c8                M1CardProcess
 .text.Power_Down
                0x0000c698       0x20 o\main.o
                0x0000c698                Power_Down
 .text.format_process
                0x0000c6b8       0xf8 o\main.o
                0x0000c6b8                format_process
 .text.Device_Handle_Init
                0x0000c7b0      0x370 o\main.o
                0x0000c7b0                Device_Handle_Init
 .text.appfile_Init
                0x0000cb20       0x70 o\main.o
                0x0000cb20                appfile_Init
 .text.SystemCheck
                0x0000cb90       0x50 o\main.o
                0x0000cb90                SystemCheck
 .text.DisplayWelcomeMenu
                0x0000cbe0       0x94 o\main.o
                0x0000cbe0                DisplayWelcomeMenu
 .text.AnalyAndDisplayNote
                0x0000cc74      0x154 o\main.o
                0x0000cc74                AnalyAndDisplayNote
 .text.query_oil_price
                0x0000cdc8       0xd8 o\main.o
                0x0000cdc8                query_oil_price
 .text.query_note_and_record
                0x0000cea0       0x48 o\main.o
                0x0000cea0                query_note_and_record
 .text.man_set_busnum
                0x0000cee8      0x15c o\main.o
                0x0000cee8                man_set_busnum
 .text.kuaijiefangshi
                0x0000d044       0x7c o\main.o
                0x0000d044                kuaijiefangshi
 .text.LowBatteryDisplay
                0x0000d0c0       0xa4 o\main.o
                0x0000d0c0                LowBatteryDisplay
 .text.print_work_note_his
                0x0000d164      0x6e4 o\main.o
                0x0000d164                print_work_note_his
 .text.System_Init
                0x0000d848      0x134 o\main.o
                0x0000d848                System_Init
 .text.main     0x0000d97c      0x15c o\main.o
                0x0000d97c                main
 .text.Cal_CRC  0x0000dad8       0x68 o\Menu.o
                0x0000dad8                Cal_CRC
 .text.a_to_h   0x0000db40       0x68 o\Menu.o
                0x0000db40                a_to_h
 .text.htoa2    0x0000dba8       0x60 o\Menu.o
                0x0000dba8                htoa2
 .text.htoa     0x0000dc08       0x60 o\Menu.o
                0x0000dc08                htoa
 .text.GPRS_Input_IP
                0x0000dc68      0x1d8 o\Menu.o
                0x0000dc68                GPRS_Input_IP
 .text.print_work_note
                0x0000de40      0x728 o\Menu.o
                0x0000de40                print_work_note
 .text.print_record
                0x0000e568      0x5e0 o\Menu.o
                0x0000e568                print_record
 .text.print_sale_record
                0x0000eb48      0xb60 o\Menu.o
                0x0000eb48                print_sale_record
 .text.Is_timeup
                0x0000f6a8       0xbc o\opercard.o
                0x0000f6a8                Is_timeup
 .text.TextHeadDisplayTimer
                0x0000f764       0xb4 o\opercard.o
                0x0000f764                TextHeadDisplayTimer
 .text.Sec0_Block_Is_Legal
                0x0000f818       0x50 o\opercard.o
                0x0000f818                Sec0_Block_Is_Legal
 .text.CardFlush
                0x0000f868       0x74 o\opercard.o
                0x0000f868                CardFlush
 .text.SaveCardInTime
                0x0000f8dc       0x54 o\opercard.o
                0x0000f8dc                SaveCardInTime
 .text.query_rec_num
                0x0000f930       0x84 o\opercard.o
                0x0000f930                query_rec_num
 .text.Beeperr  0x0000f9b4       0x20 o\opercard.o
                0x0000f9b4                Beeperr
 .text.Beep     0x0000f9d4        0x4 o\opercard.o
                0x0000f9d4                Beep
 .text.DisplayPurchaseResult
                0x0000f9d8      0x164 o\opercard.o
                0x0000f9d8                DisplayPurchaseResult
 .text.printf_debug
                0x0000fb3c       0x30 o\opercard.o
                0x0000fb3c                printf_debug
 .text.Logout   0x0000fb6c       0x80 o\opercard.o
                0x0000fb6c                Logout
 .text.download_price_table
                0x0000fbec      0x280 o\opercard.o
                0x0000fbec                download_price_table
 .text.oper_login_check
                0x0000fe6c      0x280 o\opercard.o
                0x0000fe6c                oper_login_check
 .text.Login    0x000100ec      0x2a8 o\opercard.o
                0x000100ec                Login
 .text.download_whiltelist
                0x00010394      0x3cc o\opercard.o
                0x00010394                download_whiltelist
 .text.CmdPsam  0x00010760       0x34 o\sam_card.o
                0x00010760                CmdPsam
 .text.SamCheck
                0x00010794      0x188 o\sam_card.o
                0x00010794                SamCheck
 .text.PsamRst  0x0001091c       0x98 o\sam_card.o
                0x0001091c                PsamRst
 .text.gprs_test
                0x000109b4       0xcc o\SIM200.o
                0x000109b4                gprs_test
 .text.SaveNoteRecord
                0x00010a80       0x90 o\SIM200.o
                0x00010a80                SaveNoteRecord
 .text.PackageCheck
                0x00010b10       0xec o\SIM200.o
                0x00010b10                PackageCheck
 .text.upload_price_log
                0x00010bfc      0x204 o\SIM200.o
                0x00010bfc                upload_price_log
 .text.gprs_send_record
                0x00010e00      0x5dc o\SIM200.o
                0x00010e00                gprs_send_record
 .text.Gprs_Upload_data
                0x000113dc      0x19c o\SIM200.o
                0x000113dc                Gprs_Upload_data
 .text.SIM_power_off
                0x00011578       0x38 o\tcpip.o
                0x00011578                SIM_power_off
 .text.close_gprs_module
                0x000115b0       0xc4 o\tcpip.o
                0x000115b0                close_gprs_module
 .text.GPRS_Close
                0x00011674       0x38 o\tcpip.o
                0x00011674                GPRS_Close
 .text.ConnectServer
                0x000116ac      0x208 o\tcpip.o
                0x000116ac                ConnectServer
 .text.open_gprs_module
                0x000118b4      0x358 o\tcpip.o
                0x000118b4                open_gprs_module
 .text.FindStr  0x00011c0c      0x66c o\tcpip.o
                0x00011c0c                FindStr
 .text.GPRS_Send_Receive
                0x00012278      0x1d0 o\tcpip.o
                0x00012278                GPRS_Send_Receive
 .text.bcd2asc  0x00012448       0x34 o\utils.o
                0x00012448                bcd2asc
 .text.var_bcd2asc
                0x0001247c       0x38 o\utils.o
                0x0001247c                var_bcd2asc
 .text.asc2bcd  0x000124b4       0x48 o\utils.o
                0x000124b4                asc2bcd
 .text.var_asc2bcd
                0x000124fc       0x38 o\utils.o
                0x000124fc                var_asc2bcd
 .text.CheckTimeFormat
                0x00012534       0x84 o\ydt.o
                0x00012534                CheckTimeFormat
 .text.ascii_to_hex
                0x000125b8       0x64 o\ydt.o
                0x000125b8                ascii_to_hex
 .text.hextobcd
                0x0001261c       0x24 o\ydt.o
                0x0001261c                hextobcd
 .text.SleepMs  0x00012640       0x10 o\ydt.o
                0x00012640                SleepMs
 .text.lcddisperr
                0x00012650       0x6c o\ydt.o
                0x00012650                lcddisperr
 .text.ReadParam
                0x000126bc       0xb4 o\ydt.o
                0x000126bc                ReadParam
 .text.WriteParam
                0x00012770       0x88 o\ydt.o
                0x00012770                WriteParam
 .text.lcddisp  0x000127f8        0x4 o\ydt.o
                0x000127f8                lcddisp
 .text.get_input_str
                0x000127fc      0x460 o\ydt.o
                0x000127fc                get_input_str
 .text.browse_menu
                0x00012c5c      0x514 o\ydt.o
                0x00012c5c                browse_menu
 .text.Modify_Time
                0x00013170       0xb8 o\ydt.o
                0x00013170                Modify_Time
 .text.Get_Time
                0x00013228      0x110 o\ydt.o
                0x00013228                Get_Time
 .text.param_factory_default
                0x00013338      0x3ec o\ydt.o
                0x00013338                param_factory_default
 .text          0x00013724      0x9a8 C:\Program Files\EPT-Tools\EPT-SDK\EPT-A9L\so\libcolorui.a(color_ui.o)
                0x00013f9c                EA_iSetMode
                0x00013870                EA_iLockFB
                0x00013740                EA_iUnLockFB
                0x000139a0                EA_iGetLockScreenConfig
                0x00013d4c                EA_iIsEnableZoomMode
                0x00013e74                EA_iGetMode
                0x00013c10                EA_vGetLcdInfo
                0x00013724                EA_SetUILibName
                0x00013ad8                EA_iSetLockScreenConfig
 .text          0x000140cc      0x3b8 c:/program files/ept-tools/ept-sdk/sourcery g++ lite/bin/../lib/gcc/arm-none-linux-gnueabi/4.3.3\libgcc.a(_arm_addsubdf3.o)
                0x00014410                __floatundidf
                0x000143a8                __floatsidf
                0x00014384                __aeabi_ui2d
                0x000143a8                __aeabi_i2d
                0x00014384                __floatunsidf
                0x000140d4                __subdf3
                0x00014424                __floatdidf
                0x000140d8                __adddf3
                0x00014424                __aeabi_l2d
                0x000143d0                __aeabi_f2d
                0x00014410                __aeabi_ul2d
                0x000140cc                __aeabi_drsub
                0x000143d0                __extendsfdf2
                0x000140d8                __aeabi_dadd
                0x000140d4                __aeabi_dsub
 .text          0x00014484      0x470 c:/program files/ept-tools/ept-sdk/sourcery g++ lite/bin/../lib/gcc/arm-none-linux-gnueabi/4.3.3\libgcc.a(_arm_muldivdf3.o)
                0x00014484                __muldf3
                0x000146f0                __divdf3
                0x00014484                __aeabi_dmul
                0x000146f0                __aeabi_ddiv
 .text          0x000148f4       0x54 c:/program files/ept-tools/ept-sdk/sourcery g++ lite/bin/../lib/gcc/arm-none-linux-gnueabi/4.3.3\libgcc.a(_arm_fixunsdfsi.o)
                0x000148f4                __fixunsdfsi
                0x000148f4                __aeabi_d2uiz
 .text          0x00014948       0x60 c:/program files/ept-tools/ept-sdk/sourcery g++ lite/bin/../lib/gcc/arm-none-linux-gnueabi/4.3.3\libgcc.a(_fixunsdfdi.o)
                0x00014948                __aeabi_d2ulz
                0x00014948                __fixunsdfdi
 .text          0x000149a8       0x70 c:\program files\ept-tools\ept-sdk\sourcery g++ lite\bin\../arm-none-linux-gnueabi/libc/usr/lib/libc_nonshared.a(elf-init.oS)
                0x000149a8                __libc_csu_fini
                0x000149ac                __libc_csu_init
 *(.gnu.warning)
 *(.glue_7t)
 .glue_7t       0x00000000        0x0 linker stubs
 *(.glue_7)
 .glue_7        0x00000000        0x0 linker stubs
 *(.vfp11_veneer)
 .vfp11_veneer  0x00000000        0x0 linker stubs
 *(.v4_bx)
 .v4_bx         0x00000000        0x0 linker stubs

.fini           0x00014a18        0x8
 *(.fini)
 .fini          0x00014a18        0x4 c:/program files/ept-tools/ept-sdk/sourcery g++ lite/bin/../arm-none-linux-gnueabi/libc/usr/lib/crti.o
                0x00014a18                _fini
 .fini          0x00014a1c        0x4 c:/program files/ept-tools/ept-sdk/sourcery g++ lite/bin/../arm-none-linux-gnueabi/libc/usr/lib/crtn.o
                0x00014a20                PROVIDE (__etext, .)
                0x00014a20                PROVIDE (_etext, .)
                0x00014a20                PROVIDE (etext, .)

.rodata         0x00014a20     0x2040
 *(.rodata .rodata.* .gnu.linkonce.r.*)
 .rodata.str1.4
                0x00014a20       0xa9 o\DB.o
                                 0xac (size before relaxing)
 *fill*         0x00014ac9        0x3 00
 .rodata        0x00014acc       0x58 o\Function.o
 .rodata.C.35.9002
                0x00014b24       0x10 o\Function.o
 .rodata.str1.4
                0x00014b34      0x3a9 o\Function.o
                                0x3c8 (size before relaxing)
 *fill*         0x00014edd        0x3 00
 .rodata.str1.4
                0x00014ee0      0x22c o\M1card.o
                                0x2c4 (size before relaxing)
 .rodata        0x0001510c        0xc o\main.o
 .rodata.str1.4
                0x00015118      0x75e o\main.o
                                0x7e8 (size before relaxing)
 *fill*         0x00015876        0x2 00
 .rodata.str1.4
                0x00015878      0x529 o\Menu.o
                                0x638 (size before relaxing)
 *fill*         0x00015da1        0x3 00
 .rodata.str1.4
                0x00015da4      0x3c5 o\opercard.o
                                0x4a0 (size before relaxing)
 *fill*         0x00016169        0x3 00
 .rodata        0x0001616c        0x4 o\sam_card.o
 .rodata.SELECT_SAM_ADF1
                0x00016170        0x7 o\sam_card.o
                0x00016170                SELECT_SAM_ADF1
 *fill*         0x00016177        0x1 00
 .rodata.str1.4
                0x00016178       0x43 o\sam_card.o
                                 0x44 (size before relaxing)
 .rodata.ReadPOSNumber
                0x000161bb        0x5 o\sam_card.o
                0x000161bb                ReadPOSNumber
 .rodata.GET_M1_KEY
                0x000161c0        0x5 o\sam_card.o
                0x000161c0                GET_M1_KEY
 *fill*         0x000161c5        0x3 00
 .rodata.str1.4
                0x000161c8      0x225 o\SIM200.o
                                0x2bc (size before relaxing)
 *fill*         0x000163ed        0x3 00
 .rodata.str1.4
                0x000163f0      0x33b o\tcpip.o
                                0x348 (size before relaxing)
 *fill*         0x0001672b        0x1 00
 .rodata.blackFileName
                0x0001672c        0x8 o\ydt.o
                0x0001672c                blackFileName
 .rodata.conrecFileName
                0x00016734        0x8 o\ydt.o
                0x00016734                conrecFileName
 .rodata.str1.4
                0x0001673c      0x279 o\ydt.o
                                0x2b0 (size before relaxing)
 *fill*         0x000169b5        0x3 00
 .rodata.parmFileName
                0x000169b8        0x8 o\ydt.o
                0x000169b8                parmFileName
 .rodata.currecFileName
                0x000169c0        0x8 o\ydt.o
                0x000169c0                currecFileName
 .rodata.hisrecFileName
                0x000169c8        0x8 o\ydt.o
                0x000169c8                hisrecFileName
 .rodata.str1.4
                0x000169d0       0x90 C:\Program Files\EPT-Tools\EPT-SDK\EPT-A9L\so\libcolorui.a(color_ui.o)

.rodata1
 *(.rodata1)

.ARM.extab      0x00016a60       0x24
 *(.ARM.extab* .gnu.linkonce.armextab.*)
 .ARM.extab.text.FindStr
                0x00016a60        0xc o\tcpip.o
 .ARM.extab.text.GPRS_Send_Receive
                0x00016a6c        0xc o\tcpip.o
 .ARM.extab.text.browse_menu
                0x00016a78        0xc o\ydt.o
                0x00016a84                __exidx_start = .

.ARM.exidx      0x00016a84      0x320
 *(.ARM.exidx* .gnu.linkonce.armexidx.*)
 .ARM.exidx     0x00016a94        0x0 c:/program files/ept-tools/ept-sdk/sourcery g++ lite/bin/../arm-none-linux-gnueabi/libc/usr/lib/crt1.o
                                  0x8 (size before relaxing)
 .ARM.exidx     0x00016a94        0x8 c:/program files/ept-tools/ept-sdk/sourcery g++ lite/bin/../arm-none-linux-gnueabi/libc/usr/lib/crti.o
 .ARM.exidx     0x00016a9c        0x8 c:/program files/ept-tools/ept-sdk/sourcery g++ lite/bin/../lib/gcc/arm-none-linux-gnueabi/4.3.3/crtbegin.o
                                 0x10 (size before relaxing)
 .ARM.exidx.text.BlackName_Find
                0x00016aa4        0x8 o\DB.o
 .ARM.exidx.text.SaveCardRecord
                0x00016aac        0x8 o\DB.o
 .ARM.exidx.text.select_gas_oil_Setting
                0x00016ab4        0x8 o\Function.o
 .ARM.exidx.text.PasswordCheck
                0x00016abc        0x8 o\Function.o
 .ARM.exidx.text.oper_code_setting
                0x00016ac4        0x8 o\Function.o
 .ARM.exidx.text.SetUserID
                0x00016acc        0x8 o\Function.o
 .ARM.exidx.text.SetID
                0x00016ad4        0x8 o\Function.o
 .ARM.exidx.text.Reprint_sale_record
                0x00016adc        0x8 o\Function.o
 .ARM.exidx.text.Note_Query
                0x00016ae4        0x8 o\Function.o
 .ARM.exidx.text.AnalyAndDisplay
                0x00016aec        0x8 o\Function.o
 .ARM.exidx.text.Record_Query
                0x00016af4        0x8 o\Function.o
 .ARM.exidx.text.price_Setting
                0x00016afc        0x8 o\Function.o
 .ARM.exidx.text.PasswordSetting
                0x00016b04        0x8 o\Function.o
 .ARM.exidx.text.Parm_Setting
                0x00016b0c        0x8 o\Function.o
 .ARM.exidx.text.CardInit
                0x00016b14        0x8 o\M1card.o
 .ARM.exidx.text.Get_Sector_PermissionA
                0x00016b1c        0x8 o\M1card.o
 .ARM.exidx.text.M1_Card_Consume_Process
                0x00016b24        0x8 o\M1card.o
 .ARM.exidx.text.StoreRectoSD
                0x00016b2c        0x8 o\M1card.o
 .ARM.exidx.text.StoreRecord
                0x00016b34        0x8 o\M1card.o
 .ARM.exidx.text.ICCardProcess
                0x00016b3c        0x8 o\M1card.o
 .ARM.exidx.text.M1CardProcess
                0x00016b44        0x8 o\M1card.o
 .ARM.exidx.text.Power_Down
                0x00016b4c        0x8 o\main.o
 .ARM.exidx.text.format_process
                0x00016b54        0x8 o\main.o
 .ARM.exidx.text.Device_Handle_Init
                0x00016b5c        0x8 o\main.o
 .ARM.exidx.text.appfile_Init
                0x00016b64        0x8 o\main.o
 .ARM.exidx.text.SystemCheck
                0x00016b6c        0x0 o\main.o
                                  0x8 (size before relaxing)
 .ARM.exidx.text.DisplayWelcomeMenu
                0x00016b6c        0x0 o\main.o
                                  0x8 (size before relaxing)
 .ARM.exidx.text.AnalyAndDisplayNote
                0x00016b6c        0x8 o\main.o
 .ARM.exidx.text.query_oil_price
                0x00016b74        0x8 o\main.o
 .ARM.exidx.text.query_note_and_record
                0x00016b7c        0x8 o\main.o
 .ARM.exidx.text.man_set_busnum
                0x00016b84        0x8 o\main.o
 .ARM.exidx.text.kuaijiefangshi
                0x00016b8c        0x8 o\main.o
 .ARM.exidx.text.LowBatteryDisplay
                0x00016b94        0x8 o\main.o
 .ARM.exidx.text.print_work_note_his
                0x00016b9c        0x8 o\main.o
 .ARM.exidx.text.System_Init
                0x00016ba4        0x8 o\main.o
 .ARM.exidx.text.main
                0x00016bac        0x0 o\main.o
                                  0x8 (size before relaxing)
 .ARM.exidx.text.Cal_CRC
                0x00016bac        0x8 o\Menu.o
 .ARM.exidx.text.a_to_h
                0x00016bb4        0x8 o\Menu.o
 .ARM.exidx.text.htoa2
                0x00016bbc        0x8 o\Menu.o
 .ARM.exidx.text.htoa
                0x00016bc4        0x0 o\Menu.o
                                  0x8 (size before relaxing)
 .ARM.exidx.text.GPRS_Input_IP
                0x00016bc4        0x8 o\Menu.o
 .ARM.exidx.text.print_work_note
                0x00016bcc        0x8 o\Menu.o
 .ARM.exidx.text.print_record
                0x00016bd4        0x8 o\Menu.o
 .ARM.exidx.text.print_sale_record
                0x00016bdc        0x8 o\Menu.o
 .ARM.exidx.text.Is_timeup
                0x00016be4        0x8 o\opercard.o
 .ARM.exidx.text.TextHeadDisplayTimer
                0x00016bec        0x8 o\opercard.o
 .ARM.exidx.text.Sec0_Block_Is_Legal
                0x00016bf4        0x8 o\opercard.o
 .ARM.exidx.text.CardFlush
                0x00016bfc        0x0 o\opercard.o
                                  0x8 (size before relaxing)
 .ARM.exidx.text.SaveCardInTime
                0x00016bfc        0x8 o\opercard.o
 .ARM.exidx.text.query_rec_num
                0x00016c04        0x8 o\opercard.o
 .ARM.exidx.text.Beeperr
                0x00016c0c        0x8 o\opercard.o
 .ARM.exidx.text.Beep
                0x00016c14        0x8 o\opercard.o
 .ARM.exidx.text.DisplayPurchaseResult
                0x00016c1c        0x8 o\opercard.o
 .ARM.exidx.text.printf_debug
                0x00016c24        0x8 o\opercard.o
 .ARM.exidx.text.Logout
                0x00016c2c        0x8 o\opercard.o
 .ARM.exidx.text.download_price_table
                0x00016c34        0x8 o\opercard.o
 .ARM.exidx.text.oper_login_check
                0x00016c3c        0x8 o\opercard.o
 .ARM.exidx.text.Login
                0x00016c44        0x8 o\opercard.o
 .ARM.exidx.text.download_whiltelist
                0x00016c4c        0x8 o\opercard.o
 .ARM.exidx.text.CmdPsam
                0x00016c54        0x8 o\sam_card.o
 .ARM.exidx.text.SamCheck
                0x00016c5c        0x8 o\sam_card.o
 .ARM.exidx.text.PsamRst
                0x00016c64        0x8 o\sam_card.o
 .ARM.exidx.text.gprs_test
                0x00016c6c        0x8 o\SIM200.o
 .ARM.exidx.text.SaveNoteRecord
                0x00016c74        0x8 o\SIM200.o
 .ARM.exidx.text.PackageCheck
                0x00016c7c        0x8 o\SIM200.o
 .ARM.exidx.text.upload_price_log
                0x00016c84        0x8 o\SIM200.o
 .ARM.exidx.text.gprs_send_record
                0x00016c8c        0x8 o\SIM200.o
 .ARM.exidx.text.Gprs_Upload_data
                0x00016c94        0x8 o\SIM200.o
 .ARM.exidx.text.SIM_power_off
                0x00016c9c        0x8 o\tcpip.o
 .ARM.exidx.text.close_gprs_module
                0x00016ca4        0x8 o\tcpip.o
 .ARM.exidx.text.GPRS_Close
                0x00016cac        0x8 o\tcpip.o
 .ARM.exidx.text.ConnectServer
                0x00016cb4        0x8 o\tcpip.o
 .ARM.exidx.text.open_gprs_module
                0x00016cbc        0x8 o\tcpip.o
 .ARM.exidx.text.FindStr
                0x00016cc4        0x8 o\tcpip.o
 .ARM.exidx.text.GPRS_Send_Receive
                0x00016ccc        0x8 o\tcpip.o
 .ARM.exidx.text.bcd2asc
                0x00016cd4        0x8 o\utils.o
 .ARM.exidx.text.var_bcd2asc
                0x00016cdc        0x8 o\utils.o
 .ARM.exidx.text.asc2bcd
                0x00016ce4        0x8 o\utils.o
 .ARM.exidx.text.var_asc2bcd
                0x00016cec        0x8 o\utils.o
 .ARM.exidx.text.CheckTimeFormat
                0x00016cf4        0x8 o\ydt.o
 .ARM.exidx.text.ascii_to_hex
                0x00016cfc        0x0 o\ydt.o
                                  0x8 (size before relaxing)
 .ARM.exidx.text.hextobcd
                0x00016cfc        0x0 o\ydt.o
                                  0x8 (size before relaxing)
 .ARM.exidx.text.SleepMs
                0x00016cfc        0x8 o\ydt.o
 .ARM.exidx.text.lcddisperr
                0x00016d04        0x8 o\ydt.o
 .ARM.exidx.text.ReadParam
                0x00016d0c        0x8 o\ydt.o
 .ARM.exidx.text.WriteParam
                0x00016d14        0x8 o\ydt.o
 .ARM.exidx.text.lcddisp
                0x00016d1c        0x8 o\ydt.o
 .ARM.exidx.text.get_input_str
                0x00016d24        0x8 o\ydt.o
 .ARM.exidx.text.browse_menu
                0x00016d2c        0x8 o\ydt.o
 .ARM.exidx.text.Modify_Time
                0x00016d34        0x8 o\ydt.o
 .ARM.exidx.text.Get_Time
                0x00016d3c        0x8 o\ydt.o
 .ARM.exidx.text.param_factory_default
                0x00016d44        0x8 o\ydt.o
 .ARM.exidx     0x00016d4c       0x28 C:\Program Files\EPT-Tools\EPT-SDK\EPT-A9L\so\libcolorui.a(color_ui.o)
                                 0x48 (size before relaxing)
 .ARM.exidx     0x00016d74        0x8 c:/program files/ept-tools/ept-sdk/sourcery g++ lite/bin/../lib/gcc/arm-none-linux-gnueabi/4.3.3\libgcc.a(_fixunsdfdi.o)
 .ARM.exidx     0x00016d7c       0x18 c:\program files\ept-tools\ept-sdk\sourcery g++ lite\bin\../arm-none-linux-gnueabi/libc/usr/lib/libc_nonshared.a(elf-init.oS)
                                 0x10 (size before relaxing)
 .ARM.exidx.init
                0x00016a84       0x10 c:/program files/ept-tools/ept-sdk/sourcery g++ lite/bin/../arm-none-linux-gnueabi/libc/usr/lib/crtn.o
                                  0x8 (size before relaxing)
 .ARM.exidx.fini
                0x00016d94       0x10 c:/program files/ept-tools/ept-sdk/sourcery g++ lite/bin/../arm-none-linux-gnueabi/libc/usr/lib/crtn.o
                                  0x8 (size before relaxing)
                0x00016da4                __exidx_end = .

.eh_frame_hdr
 *(.eh_frame_hdr)

.eh_frame       0x00016da4        0x4
 *(.eh_frame)
 .eh_frame      0x00016da4        0x4 c:/program files/ept-tools/ept-sdk/sourcery g++ lite/bin/../lib/gcc/arm-none-linux-gnueabi/4.3.3/crtend.o

.gcc_except_table
 *(.gcc_except_table .gcc_except_table.*)
                0x00016da8                . = (ALIGN (0x8000) - ((0x8000 - .) & 0x7fff))
                0x0001eda8                . = (0x8000 DATA_SEGMENT_ALIGN 0x1000)

.eh_frame
 *(.eh_frame)

.gcc_except_table
 *(.gcc_except_table .gcc_except_table.*)

.tdata
 *(.tdata .tdata.* .gnu.linkonce.td.*)

.tbss
 *(.tbss .tbss.* .gnu.linkonce.tb.*)
 *(.tcommon)

.preinit_array  0x0001eda8        0x0
                0x0001eda8                PROVIDE (__preinit_array_start, .)
 *(.preinit_array)
                0x0001eda8                PROVIDE (__preinit_array_end, .)

.init_array     0x0001eda8        0x4
                0x0001eda8                PROVIDE (__init_array_start, .)
 *(SORT(.init_array.*))
 *(.init_array)
 .init_array    0x0001eda8        0x4 c:/program files/ept-tools/ept-sdk/sourcery g++ lite/bin/../lib/gcc/arm-none-linux-gnueabi/4.3.3/crtbegin.o
                0x0001edac                PROVIDE (__init_array_end, .)

.fini_array     0x0001edac        0x4
                0x0001edac                PROVIDE (__fini_array_start, .)
 *(.fini_array)
 .fini_array    0x0001edac        0x4 c:/program files/ept-tools/ept-sdk/sourcery g++ lite/bin/../lib/gcc/arm-none-linux-gnueabi/4.3.3/crtbegin.o
 *(SORT(.fini_array.*))
                0x0001edb0                PROVIDE (__fini_array_end, .)

.ctors
 *crtbegin.o(.ctors)
 *crtbegin?.o(.ctors)
 *(EXCLUDE_FILE(*crtend?.o *crtend.o) .ctors)
 *(SORT(.ctors.*))
 *(.ctors)

.dtors
 *crtbegin.o(.dtors)
 *crtbegin?.o(.dtors)
 *(EXCLUDE_FILE(*crtend?.o *crtend.o) .dtors)
 *(SORT(.dtors.*))
 *(.dtors)

.jcr            0x0001edb0        0x4
 *(.jcr)
 .jcr           0x0001edb0        0x0 c:/program files/ept-tools/ept-sdk/sourcery g++ lite/bin/../lib/gcc/arm-none-linux-gnueabi/4.3.3/crtbegin.o
 .jcr           0x0001edb0        0x4 c:/program files/ept-tools/ept-sdk/sourcery g++ lite/bin/../lib/gcc/arm-none-linux-gnueabi/4.3.3/crtend.o

.data.rel.ro
 *(.data.rel.ro.local* .gnu.linkonce.d.rel.ro.local.*)
 *(.data.rel.ro* .gnu.linkonce.d.rel.ro.*)

.dynamic        0x0001edb4      0x158
 *(.dynamic)
 .dynamic       0x0001edb4      0x158 c:/program files/ept-tools/ept-sdk/sourcery g++ lite/bin/../arm-none-linux-gnueabi/libc/usr/lib/crti.o
                0x0001edb4                _DYNAMIC
                0x0001ef0c                . = (. DATA_SEGMENT_RELRO_END 0x0)

.got            0x0001ef0c      0x194
 *(.got.plt)
 .got.plt       0x0001ef0c      0x190 c:/program files/ept-tools/ept-sdk/sourcery g++ lite/bin/../arm-none-linux-gnueabi/libc/usr/lib/crti.o
                0x0001ef0c                _GLOBAL_OFFSET_TABLE_
 *(.got)
 .got           0x0001f09c        0x4 c:/program files/ept-tools/ept-sdk/sourcery g++ lite/bin/../arm-none-linux-gnueabi/libc/usr/lib/crti.o

.data           0x0001f0a0      0x1cc
                0x0001f0a0                __data_start = .
 *(.data .data.* .gnu.linkonce.d.*)
 .data.gas_set  0x0001f0a0       0x54 o\Function.o
                0x0001f0a0                gas_set
 .data.parm_set
                0x0001f0f4       0xcc o\Function.o
                0x0001f0f4                parm_set
 .data.rec_query
                0x0001f1c0       0x2c o\Function.o
                0x0001f1c0                rec_query
 .data.VERSION  0x0001f1ec        0x4 o\main.o
                0x0001f1ec                VERSION
 .data.kuaijie_set
                0x0001f1f0       0x68 o\main.o
                0x0001f1f0                kuaijie_set
 .data.uihisrecLen
                0x0001f258        0x4 o\ydt.o
                0x0001f258                uihisrecLen
 .data.uicurrecLen
                0x0001f25c        0x4 o\ydt.o
                0x0001f25c                uicurrecLen
 .data.uiblackLen
                0x0001f260        0x4 o\ydt.o
                0x0001f260                uiblackLen
 .data.uiparamclen
                0x0001f264        0x4 o\ydt.o
                0x0001f264                uiparamclen
 .data.rel.local
                0x0001f268        0x4 C:\Program Files\EPT-Tools\EPT-SDK\EPT-A9L\so\libcolorui.a(color_ui.o)

.data1
 *(.data1)
                0x0001f26c                _edata = .
                0x0001f26c                PROVIDE (edata, .)
                0x0001f26c                __bss_start = .
                0x0001f26c                __bss_start__ = .

.bss            0x0001f270      0xc84
 *(.dynbss)
 .dynbss        0x00000000        0x0 c:/program files/ept-tools/ept-sdk/sourcery g++ lite/bin/../arm-none-linux-gnueabi/libc/usr/lib/crti.o
 *(.bss .bss.* .gnu.linkonce.b.*)
 .bss           0x0001f270        0x1 c:/program files/ept-tools/ept-sdk/sourcery g++ lite/bin/../lib/gcc/arm-none-linux-gnueabi/4.3.3/crtbegin.o
 *fill*         0x0001f271        0x3 00
 .bss           0x0001f274       0x20 C:\Program Files\EPT-Tools\EPT-SDK\EPT-A9L\so\libcolorui.a(color_ui.o)
 *(COMMON)
 COMMON         0x0001f294      0x434 o\M1card.o
                0x0001f294                send_buffer
                0x0001f694                ErrCardInfo
 COMMON         0x0001f6c8      0x2a4 o\main.o
                0x0001f6c8                ptPartInfo
                0x0001f700                clerk_list
                0x0001f7a0                DevStat
                0x0001f868                hDprinterHandle
                0x0001f86c                hRS232Handle
                0x0001f870                hUSBDHandle
                0x0001f874                hMifsHandle
                0x0001f878                hSam2Handle
                0x0001f87c                hSam1Handle
                0x0001f880                hCpuHandle
                0x0001f884                CardInfo
                0x0001f93c                hSIMHandle
                0x0001f940                gprs
                0x0001f958                ptDiskInfo
                0x0001f968                hWLMHandle
 COMMON         0x0001f96c       0x54 o\opercard.o
                0x0001f96c                KeySector
 COMMON         0x0001f9c0      0x400 o\SIM200.o
                0x0001f9c0                sendbuf
 COMMON         0x0001fdc0      0x134 o\tcpip.o
                0x0001fdc0                tmpch
                0x0001fdc4                s_add
                0x0001fdd4                pppn
                0x0001fdd8                gtPara
                0x0001fef0                socketID
                0x0001fef4                . = ALIGN ((. != 0x0)?0x4:0x1)
                0x0001fef4                _bss_end__ = .
                0x0001fef4                __bss_end__ = .
                0x0001fef4                . = ALIGN (0x4)
                0x0001fef4                . = ALIGN (0x4)
                0x0001fef4                __end__ = .
                0x0001fef4                _end = .
                0x0001fef4                PROVIDE (end, .)
                0x0001fef4                . = DATA_SEGMENT_END (.)

.stab
 *(.stab)

.stabstr
 *(.stabstr)

.stab.excl
 *(.stab.excl)

.stab.exclstr
 *(.stab.exclstr)

.stab.index
 *(.stab.index)

.stab.indexstr
 *(.stab.indexstr)

.ARM.attributes
                0x00000000       0x2d
 .ARM.attributes
                0x00000000       0x2d c:/program files/ept-tools/ept-sdk/sourcery g++ lite/bin/../arm-none-linux-gnueabi/libc/usr/lib/crt1.o
 .ARM.attributes
                0x0000002d       0x31 c:/program files/ept-tools/ept-sdk/sourcery g++ lite/bin/../arm-none-linux-gnueabi/libc/usr/lib/crti.o
 .ARM.attributes
                0x0000005e       0x31 c:/program files/ept-tools/ept-sdk/sourcery g++ lite/bin/../lib/gcc/arm-none-linux-gnueabi/4.3.3/crtbegin.o
 .ARM.attributes
                0x0000008f       0x31 o\DB.o
 .ARM.attributes
                0x000000c0       0x31 o\Function.o
 .ARM.attributes
                0x000000f1       0x31 o\M1card.o
 .ARM.attributes
                0x00000122       0x31 o\main.o
 .ARM.attributes
                0x00000153       0x31 o\Menu.o
 .ARM.attributes
                0x00000184       0x31 o\NormalData.o
 .ARM.attributes
                0x000001b5       0x31 o\opercard.o
 .ARM.attributes
                0x000001e6       0x31 o\sam_card.o
 .ARM.attributes
                0x00000217       0x31 o\SIM200.o
 .ARM.attributes
                0x00000248       0x31 o\tcpip.o
 .ARM.attributes
                0x00000279       0x31 o\utils.o
 .ARM.attributes
                0x000002aa       0x31 o\ydt.o
 .ARM.attributes
                0x000002db       0x31 C:\Program Files\EPT-Tools\EPT-SDK\EPT-A9L\so\libcolorui.a(color_ui.o)
 .ARM.attributes
                0x0000030c       0x16 c:/program files/ept-tools/ept-sdk/sourcery g++ lite/bin/../lib/gcc/arm-none-linux-gnueabi/4.3.3\libgcc.a(_arm_addsubdf3.o)
 .ARM.attributes
                0x00000322       0x16 c:/program files/ept-tools/ept-sdk/sourcery g++ lite/bin/../lib/gcc/arm-none-linux-gnueabi/4.3.3\libgcc.a(_arm_muldivdf3.o)
 .ARM.attributes
                0x00000338       0x16 c:/program files/ept-tools/ept-sdk/sourcery g++ lite/bin/../lib/gcc/arm-none-linux-gnueabi/4.3.3\libgcc.a(_arm_fixunsdfsi.o)
 .ARM.attributes
                0x0000034e       0x31 c:/program files/ept-tools/ept-sdk/sourcery g++ lite/bin/../lib/gcc/arm-none-linux-gnueabi/4.3.3\libgcc.a(_fixunsdfdi.o)
 .ARM.attributes
                0x0000037f       0x31 c:\program files\ept-tools\ept-sdk\sourcery g++ lite\bin\../arm-none-linux-gnueabi/libc/usr/lib/libc_nonshared.a(elf-init.oS)
 .ARM.attributes
                0x000003b0       0x31 c:/program files/ept-tools/ept-sdk/sourcery g++ lite/bin/../lib/gcc/arm-none-linux-gnueabi/4.3.3/crtend.o
 .ARM.attributes
                0x000003e1       0x31 c:/program files/ept-tools/ept-sdk/sourcery g++ lite/bin/../arm-none-linux-gnueabi/libc/usr/lib/crtn.o

.comment        0x00000000      0x22f
 *(.comment)
 .comment       0x00000000       0x2b o\DB.o
 .comment       0x0000002b       0x2b o\Function.o
 .comment       0x00000056       0x2b o\M1card.o
 .comment       0x00000081       0x2b o\main.o
 .comment       0x000000ac       0x2b o\Menu.o
 .comment       0x000000d7       0x2b o\NormalData.o
 .comment       0x00000102       0x2b o\opercard.o
 .comment       0x0000012d       0x2b o\sam_card.o
 .comment       0x00000158       0x2b o\SIM200.o
 .comment       0x00000183       0x2b o\tcpip.o
 .comment       0x000001ae       0x2b o\utils.o
 .comment       0x000001d9       0x2b o\ydt.o
 .comment       0x00000204       0x2b C:\Program Files\EPT-Tools\EPT-SDK\EPT-A9L\so\libcolorui.a(color_ui.o)

.debug
 *(.debug)

.line
 *(.line)

.debug_srcinfo
 *(.debug_srcinfo)

.debug_sfnames
 *(.debug_sfnames)

.debug_aranges  0x00000000      0x5b8
 *(.debug_aranges)
 .debug_aranges
                0x00000000       0x30 o\DB.o
 .debug_aranges
                0x00000030       0x90 o\Function.o
 .debug_aranges
                0x000000c0       0xa8 o\M1card.o
 .debug_aranges
                0x00000168       0xd0 o\main.o
 .debug_aranges
                0x00000238       0x68 o\Menu.o
 .debug_aranges
                0x000002a0       0xc0 o\opercard.o
 .debug_aranges
                0x00000360       0x30 o\sam_card.o
 .debug_aranges
                0x00000390       0x48 o\SIM200.o
 .debug_aranges
                0x000003d8       0x68 o\tcpip.o
 .debug_aranges
                0x00000440       0x90 o\utils.o
 .debug_aranges
                0x000004d0       0xe8 o\ydt.o

.debug_pubnames
                0x00000000     0x1073
 *(.debug_pubnames)
 .debug_pubnames
                0x00000000       0x49 o\DB.o
 .debug_pubnames
                0x00000049      0x16f o\Function.o
 .debug_pubnames
                0x000001b8      0x27c o\M1card.o
 .debug_pubnames
                0x00000434      0x2d1 o\main.o
 .debug_pubnames
                0x00000705       0xb2 o\Menu.o
 .debug_pubnames
                0x000007b7      0x19e o\opercard.o
 .debug_pubnames
                0x00000955      0x225 o\sam_card.o
 .debug_pubnames
                0x00000b7a       0x8f o\SIM200.o
 .debug_pubnames
                0x00000c09      0x10b o\tcpip.o
 .debug_pubnames
                0x00000d14       0xf5 o\utils.o
 .debug_pubnames
                0x00000e09      0x26a o\ydt.o

.debug_info     0x00000000     0xd0f0
 *(.debug_info .gnu.linkonce.wi.*)
 .debug_info    0x00000000      0x9dc o\DB.o
 .debug_info    0x000009dc     0x14a9 o\Function.o
 .debug_info    0x00001e85     0x1b08 o\M1card.o
 .debug_info    0x0000398d     0x1a80 o\main.o
 .debug_info    0x0000540d     0x1482 o\Menu.o
 .debug_info    0x0000688f        0x0 o\NormalData.o
 .debug_info    0x0000688f     0x14ee o\opercard.o
 .debug_info    0x00007d7d      0xd1e o\sam_card.o
 .debug_info    0x00008a9b      0xe8a o\SIM200.o
 .debug_info    0x00009925     0x11de o\tcpip.o
 .debug_info    0x0000ab03      0xb45 o\utils.o
 .debug_info    0x0000b648     0x1aa8 o\ydt.o

.debug_abbrev   0x00000000     0x20b1
 *(.debug_abbrev)
 .debug_abbrev  0x00000000      0x195 o\DB.o
 .debug_abbrev  0x00000195      0x2d1 o\Function.o
 .debug_abbrev  0x00000466      0x3df o\M1card.o
 .debug_abbrev  0x00000845      0x34c o\main.o
 .debug_abbrev  0x00000b91      0x2e1 o\Menu.o
 .debug_abbrev  0x00000e72        0x1 o\NormalData.o
 .debug_abbrev  0x00000e73      0x392 o\opercard.o
 .debug_abbrev  0x00001205      0x1e0 o\sam_card.o
 .debug_abbrev  0x000013e5      0x2e3 o\SIM200.o
 .debug_abbrev  0x000016c8      0x36e o\tcpip.o
 .debug_abbrev  0x00001a36      0x2f2 o\utils.o
 .debug_abbrev  0x00001d28      0x389 o\ydt.o

.debug_line     0x00000000     0x448b
 *(.debug_line)
 .debug_line    0x00000000      0x275 o\DB.o
 .debug_line    0x00000275      0x6c8 o\Function.o
 .debug_line    0x0000093d      0x78e o\M1card.o
 .debug_line    0x000010cb      0x84a o\main.o
 .debug_line    0x00001915      0x7a4 o\Menu.o
 .debug_line    0x000020b9        0x0 o\NormalData.o
 .debug_line    0x000020b9      0x765 o\opercard.o
 .debug_line    0x0000281e      0x2f0 o\sam_card.o
 .debug_line    0x00002b0e      0x554 o\SIM200.o
 .debug_line    0x00003062      0x757 o\tcpip.o
 .debug_line    0x000037b9      0x45c o\utils.o
 .debug_line    0x00003c15      0x876 o\ydt.o

.debug_frame    0x00000000     0x11e4
 *(.debug_frame)
 .debug_frame   0x00000000       0x64 o\DB.o
 .debug_frame   0x00000064      0x1e0 o\Function.o
 .debug_frame   0x00000244      0x200 o\M1card.o
 .debug_frame   0x00000444      0x2a0 o\main.o
 .debug_frame   0x000006e4      0x148 o\Menu.o
 .debug_frame   0x0000082c      0x26c o\opercard.o
 .debug_frame   0x00000a98       0x6c o\sam_card.o
 .debug_frame   0x00000b04       0xd4 o\SIM200.o
 .debug_frame   0x00000bd8      0x158 o\tcpip.o
 .debug_frame   0x00000d30      0x1ac o\utils.o
 .debug_frame   0x00000edc      0x298 o\ydt.o
 .debug_frame   0x00001174       0x2c c:/program files/ept-tools/ept-sdk/sourcery g++ lite/bin/../lib/gcc/arm-none-linux-gnueabi/4.3.3\libgcc.a(_fixunsdfdi.o)
 .debug_frame   0x000011a0       0x44 c:\program files\ept-tools\ept-sdk\sourcery g++ lite\bin\../arm-none-linux-gnueabi/libc/usr/lib/libc_nonshared.a(elf-init.oS)

.debug_str      0x00000000     0x1e80
 *(.debug_str)
 .debug_str     0x00000000      0x604 o\DB.o
                                0x6c0 (size before relaxing)
 .debug_str     0x00000604      0x3f0 o\Function.o
                                0xa8e (size before relaxing)
 .debug_str     0x000009f4      0x3db o\M1card.o
                                0xced (size before relaxing)
 .debug_str     0x00000dcf      0x54c o\main.o
                                0xf03 (size before relaxing)
 .debug_str     0x0000131b       0xa1 o\Menu.o
                                0x73f (size before relaxing)
 .debug_str     0x000013bc      0x1aa o\opercard.o
                                0xac4 (size before relaxing)
 .debug_str     0x00001566      0x207 o\sam_card.o
                                0x7e2 (size before relaxing)
 .debug_str     0x0000176d       0x93 o\SIM200.o
                                0x75e (size before relaxing)
 .debug_str     0x00001800      0x28b o\tcpip.o
                                0x998 (size before relaxing)
 .debug_str     0x00001a8b       0xf3 o\utils.o
                                0x3cd (size before relaxing)
 .debug_str     0x00001b7e      0x302 o\ydt.o
                                0xbcc (size before relaxing)

.debug_loc      0x00000000     0x3214
 *(.debug_loc)
 .debug_loc     0x00000000      0x19e o\DB.o
 .debug_loc     0x0000019e      0x526 o\Function.o
 .debug_loc     0x000006c4      0x62c o\M1card.o
 .debug_loc     0x00000cf0      0x45c o\main.o
 .debug_loc     0x0000114c      0x340 o\Menu.o
 .debug_loc     0x0000148c      0x4a7 o\opercard.o
 .debug_loc     0x00001933       0xda o\sam_card.o
 .debug_loc     0x00001a0d      0x332 o\SIM200.o
 .debug_loc     0x00001d3f      0x683 o\tcpip.o
 .debug_loc     0x000023c2      0x5a1 o\utils.o
 .debug_loc     0x00002963      0x8b1 o\ydt.o

.debug_macinfo
 *(.debug_macinfo)

.debug_weaknames
 *(.debug_weaknames)

.debug_funcnames
 *(.debug_funcnames)

.debug_typenames
 *(.debug_typenames)

.debug_varnames
 *(.debug_varnames)

.debug_pubtypes
 *(.debug_pubtypes)

.debug_ranges   0x00000000     0x1208
 *(.debug_ranges)
 .debug_ranges  0x00000000       0x28 o\DB.o
 .debug_ranges  0x00000028      0x208 o\Function.o
 .debug_ranges  0x00000230      0x2e8 o\M1card.o
 .debug_ranges  0x00000518      0x168 o\main.o
 .debug_ranges  0x00000680       0xd8 o\Menu.o
 .debug_ranges  0x00000758      0x2d0 o\opercard.o
 .debug_ranges  0x00000a28       0x70 o\sam_card.o
 .debug_ranges  0x00000a98      0x168 o\SIM200.o
 .debug_ranges  0x00000c00      0x1d8 o\tcpip.o
 .debug_ranges  0x00000dd8      0x198 o\utils.o
 .debug_ranges  0x00000f70      0x298 o\ydt.o

.gnu.attributes
 *(.gnu.attributes)

.note.gnu.arm.ident
 *(.note.gnu.arm.ident)

/DISCARD/
 *(.note.GNU-stack)
 *(.gnu_debuglink)
OUTPUT(o\POS elf32-littlearm)
