Archive member included because of file (symbol)

C:\Program Files\EPT-Tools\EPT-SDK\EPT-A9L\so\libcolorui.a(color_ui.o)
                              o\main.o (EA_iSetMode)
c:/program files/ept-tools/ept-sdk/sourcery g++ lite/bin/../lib/gcc/arm-none-linux-gnueabi/4.3.3\libgcc.a(_arm_addsubdf3.o)
                              o\M1card.o (__aeabi_dadd)
c:/program files/ept-tools/ept-sdk/sourcery g++ lite/bin/../lib/gcc/arm-none-linux-gnueabi/4.3.3\libgcc.a(_arm_muldivdf3.o)
                              o\Function.o (__aeabi_dmul)
c:/program files/ept-tools/ept-sdk/sourcery g++ lite/bin/../lib/gcc/arm-none-linux-gnueabi/4.3.3\libgcc.a(_arm_fixunsdfsi.o)
                              o\Function.o (__aeabi_d2uiz)
c:/program files/ept-tools/ept-sdk/sourcery g++ lite/bin/../lib/gcc/arm-none-linux-gnueabi/4.3.3\libgcc.a(_fixunsdfdi.o)
                              C:\Program Files\EPT-Tools\EPT-SDK\EPT-A9L\so\libfs.so (__aeabi_d2ulz)
c:\program files\ept-tools\ept-sdk\sourcery g++ lite\bin\../arm-none-linux-gnueabi/libc/usr/lib/libc_nonshared.a(elf-init.oS)
                              c:/program files/ept-tools/ept-sdk/sourcery g++ lite/bin/../arm-none-linux-gnueabi/libc/usr/lib/crt1.o (__libc_csu_fini)

Allocating common symbols
Common symbol       size              file

send_buffer         0x400             o\M1card.o
sendbuf             0x400             o\SIM200.o
ptPartInfo          0x38              o\main.o
clerk_list          0xa0              o\main.o
DevStat             0xc8              o\main.o
hDprinterHandle     0x4               o\main.o
hRS232Handle        0x4               o\main.o
tmpch               0x4               o\tcpip.o
hUSBDHandle         0x4               o\main.o
hMifsHandle         0x4               o\main.o
KeySector           0x54              o\opercard.o
hSam2Handle         0x4               o\main.o
s_add               0x10              o\tcpip.o
hSam1Handle         0x4               o\main.o
ErrCardInfo         0x34              o\M1card.o
hCpuHandle          0x4               o\main.o
CardInfo            0xb8              o\main.o
hSIMHandle          0x4               o\main.o
pppn                0x4               o\tcpip.o
ptDiskInfo          0x10              o\main.o
gtPara              0x118             o\tcpip.o
socketID            0x4               o\tcpip.o
hWLMHandle          0x4               o\main.o

Discarded input sections

 .note.ABI-tag  0x00000000        0x0 c:/program files/ept-tools/ept-sdk/sourcery g++ lite/bin/../arm-none-linux-gnueabi/libc/usr/lib/crt1.o
 .rodata.cst4   0x00000000        0x0 c:/program files/ept-tools/ept-sdk/sourcery g++ lite/bin/../arm-none-linux-gnueabi/libc/usr/lib/crt1.o
 .ARM.extab     0x00000000        0x0 c:/program files/ept-tools/ept-sdk/sourcery g++ lite/bin/../arm-none-linux-gnueabi/libc/usr/lib/crt1.o
 .data          0x00000000        0x0 c:/program files/ept-tools/ept-sdk/sourcery g++ lite/bin/../arm-none-linux-gnueabi/libc/usr/lib/crt1.o
 .bss           0x00000000        0x0 c:/program files/ept-tools/ept-sdk/sourcery g++ lite/bin/../arm-none-linux-gnueabi/libc/usr/lib/crt1.o
 .note.GNU-stack
                0x00000000        0x0 c:/program files/ept-tools/ept-sdk/sourcery g++ lite/bin/../arm-none-linux-gnueabi/libc/usr/lib/crt1.o
 .data          0x00000000        0x0 c:/program files/ept-tools/ept-sdk/sourcery g++ lite/bin/../arm-none-linux-gnueabi/libc/usr/lib/crti.o
 .bss           0x00000000        0x0 c:/program files/ept-tools/ept-sdk/sourcery g++ lite/bin/../arm-none-linux-gnueabi/libc/usr/lib/crti.o
 .ARM.extab     0x00000000        0x0 c:/program files/ept-tools/ept-sdk/sourcery g++ lite/bin/../arm-none-linux-gnueabi/libc/usr/lib/crti.o
 .note.GNU-stack
                0x00000000        0x0 c:/program files/ept-tools/ept-sdk/sourcery g++ lite/bin/../arm-none-linux-gnueabi/libc/usr/lib/crti.o
 .data          0x00000000        0x0 c:/program files/ept-tools/ept-sdk/sourcery g++ lite/bin/../lib/gcc/arm-none-linux-gnueabi/4.3.3/crtbegin.o
 .ARM.extab     0x00000000        0x0 c:/program files/ept-tools/ept-sdk/sourcery g++ lite/bin/../lib/gcc/arm-none-linux-gnueabi/4.3.3/crtbegin.o
 .note.GNU-stack
                0x00000000        0x0 c:/program files/ept-tools/ept-sdk/sourcery g++ lite/bin/../lib/gcc/arm-none-linux-gnueabi/4.3.3/crtbegin.o
 .text          0x00000000        0x0 o\DB.o
 .data          0x00000000        0x0 o\DB.o
 .bss           0x00000000        0x0 o\DB.o
 .text.GetBlackName
                0x00000000        0x0 o\DB.o
 .ARM.extab.text.GetBlackName
                0x00000000        0x0 o\DB.o
 .ARM.exidx.text.GetBlackName
                0x00000000        0x0 o\DB.o
 .ARM.extab.text.BlackName_Find
                0x00000000        0x0 o\DB.o
 .ARM.extab.text.SaveCardRecord
                0x00000000        0x0 o\DB.o
 .note.GNU-stack
                0x00000000        0x0 o\DB.o
 .text          0x00000000        0x0 o\Function.o
 .data          0x00000000        0x0 o\Function.o
 .bss           0x00000000        0x0 o\Function.o
 .ARM.extab.text.select_gas_oil_Setting
                0x00000000        0x0 o\Function.o
 .text.SAMCompSelect
                0x00000000        0x0 o\Function.o
 .ARM.extab.text.SAMCompSelect
                0x00000000        0x0 o\Function.o
 .ARM.exidx.text.SAMCompSelect
                0x00000000        0x0 o\Function.o
 .text.DateTime_Setting
                0x00000000        0x0 o\Function.o
 .ARM.extab.text.DateTime_Setting
                0x00000000        0x0 o\Function.o
 .ARM.exidx.text.DateTime_Setting
                0x00000000        0x0 o\Function.o
 .ARM.extab.text.PasswordCheck
                0x00000000        0x0 o\Function.o
 .text.OperPasswordCheck
                0x00000000        0x0 o\Function.o
 .ARM.extab.text.OperPasswordCheck
                0x00000000        0x0 o\Function.o
 .ARM.exidx.text.OperPasswordCheck
                0x00000000        0x0 o\Function.o
 .ARM.extab.text.oper_code_setting
                0x00000000        0x0 o\Function.o
 .ARM.extab.text.SetUserID
                0x00000000        0x0 o\Function.o
 .ARM.extab.text.SetID
                0x00000000        0x0 o\Function.o
 .ARM.extab.text.Reprint_sale_record
                0x00000000        0x0 o\Function.o
 .ARM.extab.text.Note_Query
                0x00000000        0x0 o\Function.o
 .ARM.extab.text.AnalyAndDisplay
                0x00000000        0x0 o\Function.o
 .ARM.extab.text.Record_Query
                0x00000000        0x0 o\Function.o
 .ARM.extab.text.price_Setting
                0x00000000        0x0 o\Function.o
 .ARM.extab.text.PasswordSetting
                0x00000000        0x0 o\Function.o
 .ARM.extab.text.Parm_Setting
                0x00000000        0x0 o\Function.o
 .rodata.SuperPass
                0x00000000        0x0 o\Function.o
 .data.UserPass
                0x00000000        0x0 o\Function.o
 .note.GNU-stack
                0x00000000        0x0 o\Function.o
 .text          0x00000000        0x0 o\M1card.o
 .data          0x00000000        0x0 o\M1card.o
 .bss           0x00000000        0x0 o\M1card.o
 .text.trans_to_int32u
                0x00000000        0x0 o\M1card.o
 .ARM.extab.text.trans_to_int32u
                0x00000000        0x0 o\M1card.o
 .ARM.exidx.text.trans_to_int32u
                0x00000000        0x0 o\M1card.o
 .ARM.extab.text.CardInit
                0x00000000        0x0 o\M1card.o
 .text.pfexist  0x00000000        0x0 o\M1card.o
 .ARM.extab.text.pfexist
                0x00000000        0x0 o\M1card.o
 .ARM.exidx.text.pfexist
                0x00000000        0x0 o\M1card.o
 .text.pfclose  0x00000000        0x0 o\M1card.o
 .ARM.extab.text.pfclose
                0x00000000        0x0 o\M1card.o
 .ARM.exidx.text.pfclose
                0x00000000        0x0 o\M1card.o
 .text.pfseek   0x00000000        0x0 o\M1card.o
 .ARM.extab.text.pfseek
                0x00000000        0x0 o\M1card.o
 .ARM.exidx.text.pfseek
                0x00000000        0x0 o\M1card.o
 .text.pfwrite  0x00000000        0x0 o\M1card.o
 .ARM.extab.text.pfwrite
                0x00000000        0x0 o\M1card.o
 .ARM.exidx.text.pfwrite
                0x00000000        0x0 o\M1card.o
 .text.pfread   0x00000000        0x0 o\M1card.o
 .ARM.extab.text.pfread
                0x00000000        0x0 o\M1card.o
 .ARM.exidx.text.pfread
                0x00000000        0x0 o\M1card.o
 .text.pfopen   0x00000000        0x0 o\M1card.o
 .ARM.extab.text.pfopen
                0x00000000        0x0 o\M1card.o
 .ARM.exidx.text.pfopen
                0x00000000        0x0 o\M1card.o
 .text.Get_Sector_PermissionB
                0x00000000        0x0 o\M1card.o
 .ARM.extab.text.Get_Sector_PermissionB
                0x00000000        0x0 o\M1card.o
 .ARM.exidx.text.Get_Sector_PermissionB
                0x00000000        0x0 o\M1card.o
 .ARM.extab.text.Get_Sector_PermissionA
                0x00000000        0x0 o\M1card.o
 .ARM.extab.text.M1_Card_Consume_Process
                0x00000000        0x0 o\M1card.o
 .text.Get_Record
                0x00000000        0x0 o\M1card.o
 .ARM.extab.text.Get_Record
                0x00000000        0x0 o\M1card.o
 .ARM.exidx.text.Get_Record
                0x00000000        0x0 o\M1card.o
 .text.Cal_Interval
                0x00000000        0x0 o\M1card.o
 .ARM.extab.text.Cal_Interval
                0x00000000        0x0 o\M1card.o
 .ARM.exidx.text.Cal_Interval
                0x00000000        0x0 o\M1card.o
 .text.Cal_Keyval
                0x00000000        0x0 o\M1card.o
 .ARM.extab.text.Cal_Keyval
                0x00000000        0x0 o\M1card.o
 .ARM.exidx.text.Cal_Keyval
                0x00000000        0x0 o\M1card.o
 .ARM.extab.text.StoreRectoSD
                0x00000000        0x0 o\M1card.o
 .ARM.extab.text.StoreRecord
                0x00000000        0x0 o\M1card.o
 .ARM.extab.text.ICCardProcess
                0x00000000        0x0 o\M1card.o
 .ARM.extab.text.M1CardProcess
                0x00000000        0x0 o\M1card.o
 .rodata.RATS   0x00000000        0x0 o\M1card.o
 .rodata.WRITE_16_FILE
                0x00000000        0x0 o\M1card.o
 .rodata.PURCHASE
                0x00000000        0x0 o\M1card.o
 .rodata.APPLICATION_LOCK
                0x00000000        0x0 o\M1card.o
 .rodata.READ_16_FILE
                0x00000000        0x0 o\M1card.o
 .rodata.WRITE_15_FILE
                0x00000000        0x0 o\M1card.o
 .rodata.READ_15_FILE
                0x00000000        0x0 o\M1card.o
 .rodata.DESELECT
                0x00000000        0x0 o\M1card.o
 .rodata.ADDRECORD
                0x00000000        0x0 o\M1card.o
 .rodata.GET_CHALLENGE
                0x00000000        0x0 o\M1card.o
 .rodata.GET_BALANCE
                0x00000000        0x0 o\M1card.o
 .rodata.GET_PROVE_CODE
                0x00000000        0x0 o\M1card.o
 .rodata.APPEND_RECORD
                0x00000000        0x0 o\M1card.o
 .rodata.PURCHASE_INIT
                0x00000000        0x0 o\M1card.o
 .rodata.VERIFY_PIN
                0x00000000        0x0 o\M1card.o
 .rodata.SELECT_USER_ADF1
                0x00000000        0x0 o\M1card.o
 .rodata.SELECT_USER_ADF2
                0x00000000        0x0 o\M1card.o
 .note.GNU-stack
                0x00000000        0x0 o\M1card.o
 .text          0x00000000        0x0 o\main.o
 .data          0x00000000        0x0 o\main.o
 .bss           0x00000000        0x0 o\main.o
 .text.System_reset
                0x00000000        0x0 o\main.o
 .ARM.extab.text.System_reset
                0x00000000        0x0 o\main.o
 .ARM.exidx.text.System_reset
                0x00000000        0x0 o\main.o
 .ARM.extab.text.Power_Down
                0x00000000        0x0 o\main.o
 .ARM.extab.text.format_process
                0x00000000        0x0 o\main.o
 .text.TimeModify
                0x00000000        0x0 o\main.o
 .ARM.extab.text.TimeModify
                0x00000000        0x0 o\main.o
 .ARM.exidx.text.TimeModify
                0x00000000        0x0 o\main.o
 .text.TimeFormatChk
                0x00000000        0x0 o\main.o
 .ARM.extab.text.TimeFormatChk
                0x00000000        0x0 o\main.o
 .ARM.exidx.text.TimeFormatChk
                0x00000000        0x0 o\main.o
 .ARM.extab.text.Device_Handle_Init
                0x00000000        0x0 o\main.o
 .text.zbClerkReadFile
                0x00000000        0x0 o\main.o
 .ARM.extab.text.zbClerkReadFile
                0x00000000        0x0 o\main.o
 .ARM.exidx.text.zbClerkReadFile
                0x00000000        0x0 o\main.o
 .text.zbClerkSaveFile
                0x00000000        0x0 o\main.o
 .ARM.extab.text.zbClerkSaveFile
                0x00000000        0x0 o\main.o
 .ARM.exidx.text.zbClerkSaveFile
                0x00000000        0x0 o\main.o
 .ARM.extab.text.appfile_Init
                0x00000000        0x0 o\main.o
 .ARM.extab.text.SystemCheck
                0x00000000        0x0 o\main.o
 .ARM.extab.text.DisplayWelcomeMenu
                0x00000000        0x0 o\main.o
 .text.AppTimerISR
                0x00000000        0x0 o\main.o
 .ARM.extab.text.AppTimerISR
                0x00000000        0x0 o\main.o
 .ARM.exidx.text.AppTimerISR
                0x00000000        0x0 o\main.o
 .ARM.extab.text.AnalyAndDisplayNote
                0x00000000        0x0 o\main.o
 .ARM.extab.text.query_oil_price
                0x00000000        0x0 o\main.o
 .ARM.extab.text.query_note_and_record
                0x00000000        0x0 o\main.o
 .ARM.extab.text.man_set_busnum
                0x00000000        0x0 o\main.o
 .ARM.extab.text.kuaijiefangshi
                0x00000000        0x0 o\main.o
 .text.Debugprintf
                0x00000000        0x0 o\main.o
 .ARM.extab.text.Debugprintf
                0x00000000        0x0 o\main.o
 .ARM.exidx.text.Debugprintf
                0x00000000        0x0 o\main.o
 .ARM.extab.text.LowBatteryDisplay
                0x00000000        0x0 o\main.o
 .text.zbClerkFileInit
                0x00000000        0x0 o\main.o
 .ARM.extab.text.zbClerkFileInit
                0x00000000        0x0 o\main.o
 .ARM.exidx.text.zbClerkFileInit
                0x00000000        0x0 o\main.o
 .ARM.extab.text.print_work_note_his
                0x00000000        0x0 o\main.o
 .ARM.extab.text.System_Init
                0x00000000        0x0 o\main.o
 .ARM.extab.text.main
                0x00000000        0x0 o\main.o
 .note.GNU-stack
                0x00000000        0x0 o\main.o
 .text          0x00000000        0x0 o\Menu.o
 .data          0x00000000        0x0 o\Menu.o
 .bss           0x00000000        0x0 o\Menu.o
 .ARM.extab.text.Cal_CRC
                0x00000000        0x0 o\Menu.o
 .ARM.extab.text.a_to_h
                0x00000000        0x0 o\Menu.o
 .text.bcdhex   0x00000000        0x0 o\Menu.o
 .ARM.extab.text.bcdhex
                0x00000000        0x0 o\Menu.o
 .ARM.exidx.text.bcdhex
                0x00000000        0x0 o\Menu.o
 .text.ascii    0x00000000        0x0 o\Menu.o
 .ARM.extab.text.ascii
                0x00000000        0x0 o\Menu.o
 .ARM.exidx.text.ascii
                0x00000000        0x0 o\Menu.o
 .ARM.extab.text.htoa2
                0x00000000        0x0 o\Menu.o
 .ARM.extab.text.htoa
                0x00000000        0x0 o\Menu.o
 .ARM.extab.text.GPRS_Input_IP
                0x00000000        0x0 o\Menu.o
 .ARM.extab.text.print_work_note
                0x00000000        0x0 o\Menu.o
 .ARM.extab.text.print_record
                0x00000000        0x0 o\Menu.o
 .ARM.extab.text.print_sale_record
                0x00000000        0x0 o\Menu.o
 .note.GNU-stack
                0x00000000        0x0 o\Menu.o
 .text          0x00000000        0x0 o\NormalData.o
 .data          0x00000000        0x0 o\NormalData.o
 .bss           0x00000000        0x0 o\NormalData.o
 .note.GNU-stack
                0x00000000        0x0 o\NormalData.o
 .text          0x00000000        0x0 o\opercard.o
 .data          0x00000000        0x0 o\opercard.o
 .bss           0x00000000        0x0 o\opercard.o
 .text.CheckPeriodOfValidity
                0x00000000        0x0 o\opercard.o
 .ARM.extab.text.CheckPeriodOfValidity
                0x00000000        0x0 o\opercard.o
 .ARM.exidx.text.CheckPeriodOfValidity
                0x00000000        0x0 o\opercard.o
 .text.Purse_Block_Is_Right
                0x00000000        0x0 o\opercard.o
 .ARM.extab.text.Purse_Block_Is_Right
                0x00000000        0x0 o\opercard.o
 .ARM.exidx.text.Purse_Block_Is_Right
                0x00000000        0x0 o\opercard.o
 .text.HextoBcd
                0x00000000        0x0 o\opercard.o
 .ARM.extab.text.HextoBcd
                0x00000000        0x0 o\opercard.o
 .ARM.exidx.text.HextoBcd
                0x00000000        0x0 o\opercard.o
 .ARM.extab.text.TextHeadDisplayTimer
                0x00000000        0x0 o\opercard.o
 .ARM.extab.text.Sec0_Block_Is_Legal
                0x00000000        0x0 o\opercard.o
 .ARM.extab.text.CardFlush
                0x00000000        0x0 o\opercard.o
 .ARM.extab.text.SaveCardInTime
                0x00000000        0x0 o\opercard.o
 .ARM.extab.text.query_rec_num
                0x00000000        0x0 o\opercard.o
 .ARM.extab.text.Beeperr
                0x00000000        0x0 o\opercard.o
 .ARM.extab.text.Beep
                0x00000000        0x0 o\opercard.o
 .ARM.extab.text.DisplayPurchaseResult
                0x00000000        0x0 o\opercard.o
 .ARM.extab.text.printf_debug
                0x00000000        0x0 o\opercard.o
 .text.Sector6_Process
                0x00000000        0x0 o\opercard.o
 .ARM.extab.text.Sector6_Process
                0x00000000        0x0 o\opercard.o
 .ARM.exidx.text.Sector6_Process
                0x00000000        0x0 o\opercard.o
 .ARM.extab.text.Logout
                0x00000000        0x0 o\opercard.o
 .text.CalTAC   0x00000000        0x0 o\opercard.o
 .ARM.extab.text.CalTAC
                0x00000000        0x0 o\opercard.o
 .ARM.exidx.text.CalTAC
                0x00000000        0x0 o\opercard.o
 .text.CalConsumeTAC
                0x00000000        0x0 o\opercard.o
 .ARM.extab.text.CalConsumeTAC
                0x00000000        0x0 o\opercard.o
 .ARM.exidx.text.CalConsumeTAC
                0x00000000        0x0 o\opercard.o
 .ARM.extab.text.oper_login_check
                0x00000000        0x0 o\opercard.o
 .ARM.extab.text.Login
                0x00000000        0x0 o\opercard.o
 .rodata        0x00000000        0x0 o\opercard.o
 .note.GNU-stack
                0x00000000        0x0 o\opercard.o
 .text          0x00000000        0x0 o\sam_card.o
 .data          0x00000000        0x0 o\sam_card.o
 .bss           0x00000000        0x0 o\sam_card.o
 .ARM.extab.text.CmdPsam
                0x00000000        0x0 o\sam_card.o
 .ARM.extab.text.SamCheck
                0x00000000        0x0 o\sam_card.o
 .ARM.extab.text.PsamRst
                0x00000000        0x0 o\sam_card.o
 .rodata.DESCOMMUNICATION
                0x00000000        0x0 o\sam_card.o
 .rodata.SELECT_JDSAM_ADF1
                0x00000000        0x0 o\sam_card.o
 .rodata.GET_MI_FUZA_KEY_YINZI
                0x00000000        0x0 o\sam_card.o
 .rodata.ISAM_CAL_KEY
                0x00000000        0x0 o\sam_card.o
 .rodata.SELECT_SAM_ADF2
                0x00000000        0x0 o\sam_card.o
 .rodata.VERIFY_MAC2
                0x00000000        0x0 o\sam_card.o
 .rodata.GET_MAC1
                0x00000000        0x0 o\sam_card.o
 .rodata.GetChallenge
                0x00000000        0x0 o\sam_card.o
 .rodata.CAL_TAC_M1_FUZA
                0x00000000        0x0 o\sam_card.o
 .rodata.FUZHA_TAC_INIT
                0x00000000        0x0 o\sam_card.o
 .rodata.TAC_FUZA_INIT
                0x00000000        0x0 o\sam_card.o
 .rodata.SELECT_SAM_ADF3
                0x00000000        0x0 o\sam_card.o
 .rodata.DES_INIT
                0x00000000        0x0 o\sam_card.o
 .rodata.READ_SAM_KEY_NUM
                0x00000000        0x0 o\sam_card.o
 .rodata.SELECT_SAM_3F01
                0x00000000        0x0 o\sam_card.o
 .rodata.ISAM_CAL_KEY_INIT
                0x00000000        0x0 o\sam_card.o
 .rodata.DES_CRYPT
                0x00000000        0x0 o\sam_card.o
 .rodata.TAC_JDINIT
                0x00000000        0x0 o\sam_card.o
 .rodata.GetResponse
                0x00000000        0x0 o\sam_card.o
 .rodata.GET_M1_FUZA_KEY
                0x00000000        0x0 o\sam_card.o
 .rodata.DESCOMMUNICATION1
                0x00000000        0x0 o\sam_card.o
 .rodata.FUZHA_CAL_TAC_M1
                0x00000000        0x0 o\sam_card.o
 .rodata.CAL_TAC_M1
                0x00000000        0x0 o\sam_card.o
 .rodata.TAC_INIT
                0x00000000        0x0 o\sam_card.o
 .note.GNU-stack
                0x00000000        0x0 o\sam_card.o
 .text          0x00000000        0x0 o\SIM200.o
 .data          0x00000000        0x0 o\SIM200.o
 .bss           0x00000000        0x0 o\SIM200.o
 .ARM.extab.text.gprs_test
                0x00000000        0x0 o\SIM200.o
 .ARM.extab.text.SaveNoteRecord
                0x00000000        0x0 o\SIM200.o
 .text.upload_price_log
                0x00000000        0x0 o\SIM200.o
 .ARM.extab.text.upload_price_log
                0x00000000        0x0 o\SIM200.o
 .ARM.exidx.text.upload_price_log
                0x00000000        0x0 o\SIM200.o
 .ARM.extab.text.PackageCheck
                0x00000000        0x0 o\SIM200.o
 .ARM.extab.text.gprs_send_record
                0x00000000        0x0 o\SIM200.o
 .ARM.extab.text.Gprs_Upload_data
                0x00000000        0x0 o\SIM200.o
 .note.GNU-stack
                0x00000000        0x0 o\SIM200.o
 .text          0x00000000        0x0 o\tcpip.o
 .data          0x00000000        0x0 o\tcpip.o
 .bss           0x00000000        0x0 o\tcpip.o
 .ARM.extab.text.SIM_power_off
                0x00000000        0x0 o\tcpip.o
 .text.SIM_power_on
                0x00000000        0x0 o\tcpip.o
 .ARM.extab.text.SIM_power_on
                0x00000000        0x0 o\tcpip.o
 .ARM.exidx.text.SIM_power_on
                0x00000000        0x0 o\tcpip.o
 .ARM.extab.text.close_gprs_module
                0x00000000        0x0 o\tcpip.o
 .ARM.extab.text.GPRS_Close
                0x00000000        0x0 o\tcpip.o
 .text.GPRS_TCP_Send
                0x00000000        0x0 o\tcpip.o
 .ARM.extab.text.GPRS_TCP_Send
                0x00000000        0x0 o\tcpip.o
 .ARM.exidx.text.GPRS_TCP_Send
                0x00000000        0x0 o\tcpip.o
 .text.GPRS_TCP_Receive
                0x00000000        0x0 o\tcpip.o
 .ARM.extab.text.GPRS_TCP_Receive
                0x00000000        0x0 o\tcpip.o
 .ARM.exidx.text.GPRS_TCP_Receive
                0x00000000        0x0 o\tcpip.o
 .ARM.extab.text.ConnectServer
                0x00000000        0x0 o\tcpip.o
 .ARM.extab.text.open_gprs_module
                0x00000000        0x0 o\tcpip.o
 .rodata.COM_END
                0x00000000        0x0 o\tcpip.o
 .note.GNU-stack
                0x00000000        0x0 o\tcpip.o
 .text          0x00000000        0x0 o\utils.o
 .data          0x00000000        0x0 o\utils.o
 .bss           0x00000000        0x0 o\utils.o
 .text.bcd2int  0x00000000        0x0 o\utils.o
 .ARM.extab.text.bcd2int
                0x00000000        0x0 o\utils.o
 .ARM.exidx.text.bcd2int
                0x00000000        0x0 o\utils.o
 .text.bcd2int_2
                0x00000000        0x0 o\utils.o
 .ARM.extab.text.bcd2int_2
                0x00000000        0x0 o\utils.o
 .ARM.exidx.text.bcd2int_2
                0x00000000        0x0 o\utils.o
 .ARM.extab.text.bcd2asc
                0x00000000        0x0 o\utils.o
 .ARM.extab.text.var_bcd2asc
                0x00000000        0x0 o\utils.o
 .ARM.extab.text.asc2bcd
                0x00000000        0x0 o\utils.o
 .ARM.extab.text.var_asc2bcd
                0x00000000        0x0 o\utils.o
 .text.unpackInt
                0x00000000        0x0 o\utils.o
 .ARM.extab.text.unpackInt
                0x00000000        0x0 o\utils.o
 .ARM.exidx.text.unpackInt
                0x00000000        0x0 o\utils.o
 .text.packInt  0x00000000        0x0 o\utils.o
 .ARM.extab.text.packInt
                0x00000000        0x0 o\utils.o
 .ARM.exidx.text.packInt
                0x00000000        0x0 o\utils.o
 .text.over_turn
                0x00000000        0x0 o\utils.o
 .ARM.extab.text.over_turn
                0x00000000        0x0 o\utils.o
 .ARM.exidx.text.over_turn
                0x00000000        0x0 o\utils.o
 .text.var_hex2asc
                0x00000000        0x0 o\utils.o
 .ARM.extab.text.var_hex2asc
                0x00000000        0x0 o\utils.o
 .ARM.exidx.text.var_hex2asc
                0x00000000        0x0 o\utils.o
 .text.CheckDateTimeValidity
                0x00000000        0x0 o\utils.o
 .ARM.extab.text.CheckDateTimeValidity
                0x00000000        0x0 o\utils.o
 .ARM.exidx.text.CheckDateTimeValidity
                0x00000000        0x0 o\utils.o
 .text.fmtAmtStr
                0x00000000        0x0 o\utils.o
 .ARM.extab.text.fmtAmtStr
                0x00000000        0x0 o\utils.o
 .ARM.exidx.text.fmtAmtStr
                0x00000000        0x0 o\utils.o
 .text.fmtTimeStr
                0x00000000        0x0 o\utils.o
 .ARM.extab.text.fmtTimeStr
                0x00000000        0x0 o\utils.o
 .ARM.exidx.text.fmtTimeStr
                0x00000000        0x0 o\utils.o
 .text.fmtDateStr
                0x00000000        0x0 o\utils.o
 .ARM.extab.text.fmtDateStr
                0x00000000        0x0 o\utils.o
 .ARM.exidx.text.fmtDateStr
                0x00000000        0x0 o\utils.o
 .text.scrShowMsgInfo
                0x00000000        0x0 o\utils.o
 .ARM.extab.text.scrShowMsgInfo
                0x00000000        0x0 o\utils.o
 .ARM.exidx.text.scrShowMsgInfo
                0x00000000        0x0 o\utils.o
 .rodata.str1.4
                0x00000000        0x0 o\utils.o
 .note.GNU-stack
                0x00000000        0x0 o\utils.o
 .text          0x00000000        0x0 o\ydt.o
 .data          0x00000000        0x0 o\ydt.o
 .bss           0x00000000        0x0 o\ydt.o
 .ARM.extab.text.CheckTimeFormat
                0x00000000        0x0 o\ydt.o
 .ARM.extab.text.ascii_to_hex
                0x00000000        0x0 o\ydt.o
 .text.bcdtohex
                0x00000000        0x0 o\ydt.o
 .ARM.extab.text.bcdtohex
                0x00000000        0x0 o\ydt.o
 .ARM.exidx.text.bcdtohex
                0x00000000        0x0 o\ydt.o
 .ARM.extab.text.hextobcd
                0x00000000        0x0 o\ydt.o
 .text.atoh     0x00000000        0x0 o\ydt.o
 .ARM.extab.text.atoh
                0x00000000        0x0 o\ydt.o
 .ARM.exidx.text.atoh
                0x00000000        0x0 o\ydt.o
 .text.ascii_comm
                0x00000000        0x0 o\ydt.o
 .ARM.extab.text.ascii_comm
                0x00000000        0x0 o\ydt.o
 .ARM.exidx.text.ascii_comm
                0x00000000        0x0 o\ydt.o
 .text.Cal_Crc  0x00000000        0x0 o\ydt.o
 .ARM.extab.text.Cal_Crc
                0x00000000        0x0 o\ydt.o
 .ARM.exidx.text.Cal_Crc
                0x00000000        0x0 o\ydt.o
 .ARM.extab.text.SleepMs
                0x00000000        0x0 o\ydt.o
 .text.pf_open  0x00000000        0x0 o\ydt.o
 .ARM.extab.text.pf_open
                0x00000000        0x0 o\ydt.o
 .ARM.exidx.text.pf_open
                0x00000000        0x0 o\ydt.o
 .text.pf_close
                0x00000000        0x0 o\ydt.o
 .ARM.extab.text.pf_close
                0x00000000        0x0 o\ydt.o
 .ARM.exidx.text.pf_close
                0x00000000        0x0 o\ydt.o
 .text.pf_exist
                0x00000000        0x0 o\ydt.o
 .ARM.extab.text.pf_exist
                0x00000000        0x0 o\ydt.o
 .ARM.exidx.text.pf_exist
                0x00000000        0x0 o\ydt.o
 .text.pf_read  0x00000000        0x0 o\ydt.o
 .ARM.extab.text.pf_read
                0x00000000        0x0 o\ydt.o
 .ARM.exidx.text.pf_read
                0x00000000        0x0 o\ydt.o
 .text.pf_write
                0x00000000        0x0 o\ydt.o
 .ARM.extab.text.pf_write
                0x00000000        0x0 o\ydt.o
 .ARM.exidx.text.pf_write
                0x00000000        0x0 o\ydt.o
 .text.pf_creat
                0x00000000        0x0 o\ydt.o
 .ARM.extab.text.pf_creat
                0x00000000        0x0 o\ydt.o
 .ARM.exidx.text.pf_creat
                0x00000000        0x0 o\ydt.o
 .ARM.extab.text.lcddisperr
                0x00000000        0x0 o\ydt.o
 .ARM.extab.text.ReadParam
                0x00000000        0x0 o\ydt.o
 .ARM.extab.text.WriteParam
                0x00000000        0x0 o\ydt.o
 .ARM.extab.text.lcddisp
                0x00000000        0x0 o\ydt.o
 .ARM.extab.text.get_input_str
                0x00000000        0x0 o\ydt.o
 .ARM.extab.text.Modify_Time
                0x00000000        0x0 o\ydt.o
 .ARM.extab.text.Get_Time
                0x00000000        0x0 o\ydt.o
 .text.browse_menu_time
                0x00000000        0x0 o\ydt.o
 .ARM.extab.text.browse_menu_time
                0x00000000        0x0 o\ydt.o
 .ARM.exidx.text.browse_menu_time
                0x00000000        0x0 o\ydt.o
 .ARM.extab.text.param_factory_default
                0x00000000        0x0 o\ydt.o
 .rodata.clerkFileName
                0x00000000        0x0 o\ydt.o
 .rodata.grayrecFileName
                0x00000000        0x0 o\ydt.o
 .data.clerkLen
                0x00000000        0x0 o\ydt.o
 .note.GNU-stack
                0x00000000        0x0 o\ydt.o
 .data          0x00000000        0x0 C:\Program Files\EPT-Tools\EPT-SDK\EPT-A9L\so\libcolorui.a(color_ui.o)
 .ARM.extab     0x00000000        0x0 C:\Program Files\EPT-Tools\EPT-SDK\EPT-A9L\so\libcolorui.a(color_ui.o)
 .note.GNU-stack
                0x00000000        0x0 C:\Program Files\EPT-Tools\EPT-SDK\EPT-A9L\so\libcolorui.a(color_ui.o)
 .data          0x00000000        0x0 c:/program files/ept-tools/ept-sdk/sourcery g++ lite/bin/../lib/gcc/arm-none-linux-gnueabi/4.3.3\libgcc.a(_arm_addsubdf3.o)
 .bss           0x00000000        0x0 c:/program files/ept-tools/ept-sdk/sourcery g++ lite/bin/../lib/gcc/arm-none-linux-gnueabi/4.3.3\libgcc.a(_arm_addsubdf3.o)
 .note.GNU-stack
                0x00000000        0x0 c:/program files/ept-tools/ept-sdk/sourcery g++ lite/bin/../lib/gcc/arm-none-linux-gnueabi/4.3.3\libgcc.a(_arm_addsubdf3.o)
 .data          0x00000000        0x0 c:/program files/ept-tools/ept-sdk/sourcery g++ lite/bin/../lib/gcc/arm-none-linux-gnueabi/4.3.3\libgcc.a(_arm_muldivdf3.o)
 .bss           0x00000000        0x0 c:/program files/ept-tools/ept-sdk/sourcery g++ lite/bin/../lib/gcc/arm-none-linux-gnueabi/4.3.3\libgcc.a(_arm_muldivdf3.o)
 .note.GNU-stack
                0x00000000        0x0 c:/program files/ept-tools/ept-sdk/sourcery g++ lite/bin/../lib/gcc/arm-none-linux-gnueabi/4.3.3\libgcc.a(_arm_muldivdf3.o)
 .data          0x00000000        0x0 c:/program files/ept-tools/ept-sdk/sourcery g++ lite/bin/../lib/gcc/arm-none-linux-gnueabi/4.3.3\libgcc.a(_arm_fixunsdfsi.o)
 .bss           0x00000000        0x0 c:/program files/ept-tools/ept-sdk/sourcery g++ lite/bin/../lib/gcc/arm-none-linux-gnueabi/4.3.3\libgcc.a(_arm_fixunsdfsi.o)
 .note.GNU-stack
                0x00000000        0x0 c:/program files/ept-tools/ept-sdk/sourcery g++ lite/bin/../lib/gcc/arm-none-linux-gnueabi/4.3.3\libgcc.a(_arm_fixunsdfsi.o)
 .data          0x00000000        0x0 c:/program files/ept-tools/ept-sdk/sourcery g++ lite/bin/../lib/gcc/arm-none-linux-gnueabi/4.3.3\libgcc.a(_fixunsdfdi.o)
 .bss           0x00000000        0x0 c:/program files/ept-tools/ept-sdk/sourcery g++ lite/bin/../lib/gcc/arm-none-linux-gnueabi/4.3.3\libgcc.a(_fixunsdfdi.o)
 .ARM.extab     0x00000000        0x0 c:/program files/ept-tools/ept-sdk/sourcery g++ lite/bin/../lib/gcc/arm-none-linux-gnueabi/4.3.3\libgcc.a(_fixunsdfdi.o)
 .note.GNU-stack
                0x00000000        0x0 c:/program files/ept-tools/ept-sdk/sourcery g++ lite/bin/../lib/gcc/arm-none-linux-gnueabi/4.3.3\libgcc.a(_fixunsdfdi.o)
 .data          0x00000000        0x0 c:\program files\ept-tools\ept-sdk\sourcery g++ lite\bin\../arm-none-linux-gnueabi/libc/usr/lib/libc_nonshared.a(elf-init.oS)
 .bss           0x00000000        0x0 c:\program files\ept-tools\ept-sdk\sourcery g++ lite\bin\../arm-none-linux-gnueabi/libc/usr/lib/libc_nonshared.a(elf-init.oS)
 .ARM.extab     0x00000000        0x0 c:\program files\ept-tools\ept-sdk\sourcery g++ lite\bin\../arm-none-linux-gnueabi/libc/usr/lib/libc_nonshared.a(elf-init.oS)
 .note.GNU-stack
                0x00000000        0x0 c:\program files\ept-tools\ept-sdk\sourcery g++ lite\bin\../arm-none-linux-gnueabi/libc/usr/lib/libc_nonshared.a(elf-init.oS)
 .text          0x00000000        0x0 c:/program files/ept-tools/ept-sdk/sourcery g++ lite/bin/../lib/gcc/arm-none-linux-gnueabi/4.3.3/crtend.o
 .data          0x00000000        0x0 c:/program files/ept-tools/ept-sdk/sourcery g++ lite/bin/../lib/gcc/arm-none-linux-gnueabi/4.3.3/crtend.o
 .bss           0x00000000        0x0 c:/program files/ept-tools/ept-sdk/sourcery g++ lite/bin/../lib/gcc/arm-none-linux-gnueabi/4.3.3/crtend.o
 .note.GNU-stack
                0x00000000        0x0 c:/program files/ept-tools/ept-sdk/sourcery g++ lite/bin/../lib/gcc/arm-none-linux-gnueabi/4.3.3/crtend.o
 .text          0x00000000        0x0 c:/program files/ept-tools/ept-sdk/sourcery g++ lite/bin/../arm-none-linux-gnueabi/libc/usr/lib/crtn.o
 .data          0x00000000        0x0 c:/program files/ept-tools/ept-sdk/sourcery g++ lite/bin/../arm-none-linux-gnueabi/libc/usr/lib/crtn.o
 .bss           0x00000000        0x0 c:/program files/ept-tools/ept-sdk/sourcery g++ lite/bin/../arm-none-linux-gnueabi/libc/usr/lib/crtn.o
 .ARM.extab.init
                0x00000000        0x0 c:/program files/ept-tools/ept-sdk/sourcery g++ lite/bin/../arm-none-linux-gnueabi/libc/usr/lib/crtn.o
 .ARM.extab.fini
                0x00000000        0x0 c:/program files/ept-tools/ept-sdk/sourcery g++ lite/bin/../arm-none-linux-gnueabi/libc/usr/lib/crtn.o
 .note.GNU-stack
                0x00000000        0x0 c:/program files/ept-tools/ept-sdk/sourcery g++ lite/bin/../arm-none-linux-gnueabi/libc/usr/lib/crtn.o

Memory Configuration

Name             Origin             Length             Attributes
*default*        0x00000000         0xffffffff

Linker script and memory map

LOAD c:/program files/ept-tools/ept-sdk/sourcery g++ lite/bin/../arm-none-linux-gnueabi/libc/usr/lib/crt1.o
LOAD c:/program files/ept-tools/ept-sdk/sourcery g++ lite/bin/../arm-none-linux-gnueabi/libc/usr/lib/crti.o
LOAD c:/program files/ept-tools/ept-sdk/sourcery g++ lite/bin/../lib/gcc/arm-none-linux-gnueabi/4.3.3/crtbegin.o
LOAD o\DB.o
LOAD o\Function.o
LOAD o\M1card.o
LOAD o\main.o
LOAD o\Menu.o
LOAD o\NormalData.o
LOAD o\opercard.o
LOAD o\sam_card.o
LOAD o\SIM200.o
LOAD o\tcpip.o
LOAD o\utils.o
LOAD o\ydt.o
LOAD C:\Program Files\EPT-Tools\EPT-SDK\EPT-A9L\so\libcolorui.a
LOAD C:\Program Files\EPT-Tools\EPT-SDK\EPT-A9L\so\libdigitalled.a
LOAD C:\Program Files\EPT-Tools\EPT-SDK\EPT-A9L\so\libjpeg.a
LOAD C:\Program Files\EPT-Tools\EPT-SDK\EPT-A9L\so\libsignpanel.a
LOAD C:\Program Files\EPT-Tools\EPT-SDK\EPT-A9L\so\libSM.a
LOAD C:\Program Files\EPT-Tools\EPT-SDK\EPT-A9L\so\libalgorithm.so
LOAD C:\Program Files\EPT-Tools\EPT-SDK\EPT-A9L\so\libAt1604.so
LOAD C:\Program Files\EPT-Tools\EPT-SDK\EPT-A9L\so\libAt1608.so
LOAD C:\Program Files\EPT-Tools\EPT-SDK\EPT-A9L\so\libat24cxx.so
LOAD C:\Program Files\EPT-Tools\EPT-SDK\EPT-A9L\so\libAt45d041.so
LOAD C:\Program Files\EPT-Tools\EPT-SDK\EPT-A9L\so\libaudio.so
LOAD C:\Program Files\EPT-Tools\EPT-SDK\EPT-A9L\so\libbaseinfo.so
LOAD C:\Program Files\EPT-Tools\EPT-SDK\EPT-A9L\so\libbt.so
LOAD C:\Program Files\EPT-Tools\EPT-SDK\EPT-A9L\so\libcashbox.so
LOAD C:\Program Files\EPT-Tools\EPT-SDK\EPT-A9L\so\libcfginfo.so
LOAD C:\Program Files\EPT-Tools\EPT-SDK\EPT-A9L\so\libcommon.so
LOAD C:\Program Files\EPT-Tools\EPT-SDK\EPT-A9L\so\libCommu.so
LOAD C:\Program Files\EPT-Tools\EPT-SDK\EPT-A9L\so\libDhcp.so
LOAD C:\Program Files\EPT-Tools\EPT-SDK\EPT-A9L\so\libfam.so
LOAD C:\Program Files\EPT-Tools\EPT-SDK\EPT-A9L\so\libfindhidcomdev.so
LOAD C:\Program Files\EPT-Tools\EPT-SDK\EPT-A9L\so\libfs.so
LOAD C:\Program Files\EPT-Tools\EPT-SDK\EPT-A9L\so\libFsk.so
LOAD C:\Program Files\EPT-Tools\EPT-SDK\EPT-A9L\so\libGps.so
LOAD C:\Program Files\EPT-Tools\EPT-SDK\EPT-A9L\so\libGsm.so
LOAD C:\Program Files\EPT-Tools\EPT-SDK\EPT-A9L\so\libIccard.so
LOAD C:\Program Files\EPT-Tools\EPT-SDK\EPT-A9L\so\libissl.so
LOAD C:\Program Files\EPT-Tools\EPT-SDK\EPT-A9L\so\libjpeg.so
LOAD C:\Program Files\EPT-Tools\EPT-SDK\EPT-A9L\so\libMagcard.so
LOAD C:\Program Files\EPT-Tools\EPT-SDK\EPT-A9L\so\libMifs.so
LOAD C:\Program Files\EPT-Tools\EPT-SDK\EPT-A9L\so\libmodem.so
LOAD C:\Program Files\EPT-Tools\EPT-SDK\EPT-A9L\so\libpara.so
LOAD C:\Program Files\EPT-Tools\EPT-SDK\EPT-A9L\so\libpinpad.so
LOAD C:\Program Files\EPT-Tools\EPT-SDK\EPT-A9L\so\libpl2303.so
LOAD C:\Program Files\EPT-Tools\EPT-SDK\EPT-A9L\so\libpm.so
LOAD C:\Program Files\EPT-Tools\EPT-SDK\EPT-A9L\so\libPppdial.so
LOAD C:\Program Files\EPT-Tools\EPT-SDK\EPT-A9L\so\libPrinter.so
LOAD C:\Program Files\EPT-Tools\EPT-SDK\EPT-A9L\so\libscan.so
LOAD C:\Program Files\EPT-Tools\EPT-SDK\EPT-A9L\so\libsfs.so
LOAD C:\Program Files\EPT-Tools\EPT-SDK\EPT-A9L\so\libSim4428.so
LOAD C:\Program Files\EPT-Tools\EPT-SDK\EPT-A9L\so\libSim4442.so
LOAD C:\Program Files\EPT-Tools\EPT-SDK\EPT-A9L\so\libsysserv.so
LOAD C:\Program Files\EPT-Tools\EPT-SDK\EPT-A9L\so\libtms.so
LOAD C:\Program Files\EPT-Tools\EPT-SDK\EPT-A9L\so\libui.so
LOAD C:\Program Files\EPT-Tools\EPT-SDK\EPT-A9L\so\libvoice.so
LOAD C:\Program Files\EPT-Tools\EPT-SDK\Sourcery G++ Lite\arm-none-linux-gnueabi\libc\usr\lib/librt.so
LOAD C:\Program Files\EPT-Tools\EPT-SDK\Sourcery G++ Lite\arm-none-linux-gnueabi\libc\usr\lib/libpthread.so
START GROUP
LOAD c:\program files\ept-tools\ept-sdk\sourcery g++ lite\bin\../arm-none-linux-gnueabi/libc/lib/libpthread.so.0
LOAD c:\program files\ept-tools\ept-sdk\sourcery g++ lite\bin\../arm-none-linux-gnueabi/libc/usr/lib/libpthread_nonshared.a
END GROUP
LOAD C:\Program Files\EPT-Tools\EPT-SDK\Sourcery G++ Lite\arm-none-linux-gnueabi\libc\usr\lib/libdl.so
LOAD c:/program files/ept-tools/ept-sdk/sourcery g++ lite/bin/../lib/gcc/arm-none-linux-gnueabi/4.3.3\libgcc.a
LOAD c:/program files/ept-tools/ept-sdk/sourcery g++ lite/bin/../arm-none-linux-gnueabi/libc/lib/libgcc_s.so
LOAD C:\Program Files\EPT-Tools\EPT-SDK\Sourcery G++ Lite\arm-none-linux-gnueabi\libc\usr\lib/libc.so
START GROUP
LOAD c:\program files\ept-tools\ept-sdk\sourcery g++ lite\bin\../arm-none-linux-gnueabi/libc/lib/libc.so.6
LOAD c:\program files\ept-tools\ept-sdk\sourcery g++ lite\bin\../arm-none-linux-gnueabi/libc/usr/lib/libc_nonshared.a
LOAD c:\program files\ept-tools\ept-sdk\sourcery g++ lite\bin\../arm-none-linux-gnueabi/libc/lib/ld-linux.so.3
END GROUP
LOAD c:/program files/ept-tools/ept-sdk/sourcery g++ lite/bin/../lib/gcc/arm-none-linux-gnueabi/4.3.3\libgcc.a
LOAD c:/program files/ept-tools/ept-sdk/sourcery g++ lite/bin/../arm-none-linux-gnueabi/libc/lib/libgcc_s.so
LOAD c:/program files/ept-tools/ept-sdk/sourcery g++ lite/bin/../lib/gcc/arm-none-linux-gnueabi/4.3.3/crtend.o
LOAD c:/program files/ept-tools/ept-sdk/sourcery g++ lite/bin/../arm-none-linux-gnueabi/libc/usr/lib/crtn.o
                0x00008000                PROVIDE (__executable_start, 0x8000)
                0x00008114                . = (0x8000 + SIZEOF_HEADERS)

.interp         0x00008114       0x13
 *(.interp)
 .interp        0x00008114       0x13 c:/program files/ept-tools/ept-sdk/sourcery g++ lite/bin/../arm-none-linux-gnueabi/libc/usr/lib/crti.o

.note.gnu.build-id
 *(.note.gnu.build-id)

.hash
 *(.hash)

.gnu.hash       0x00008128      0x508
 *(.gnu.hash)
 .gnu.hash      0x00008128      0x508 c:/program files/ept-tools/ept-sdk/sourcery g++ lite/bin/../arm-none-linux-gnueabi/libc/usr/lib/crti.o

.dynsym         0x00008630      0x690
 *(.dynsym)
 .dynsym        0x00008630      0x690 c:/program files/ept-tools/ept-sdk/sourcery g++ lite/bin/../arm-none-linux-gnueabi/libc/usr/lib/crti.o

.dynstr         0x00008cc0      0x692
 *(.dynstr)
 .dynstr        0x00008cc0      0x692 c:/program files/ept-tools/ept-sdk/sourcery g++ lite/bin/../arm-none-linux-gnueabi/libc/usr/lib/crti.o

.gnu.version    0x00009352       0xd2
 *(.gnu.version)
 .gnu.version   0x00009352       0xd2 c:/program files/ept-tools/ept-sdk/sourcery g++ lite/bin/../arm-none-linux-gnueabi/libc/usr/lib/crti.o

.gnu.version_d  0x00009424        0x0
 *(.gnu.version_d)
 .gnu.version_d
                0x00000000        0x0 c:/program files/ept-tools/ept-sdk/sourcery g++ lite/bin/../arm-none-linux-gnueabi/libc/usr/lib/crti.o

.gnu.version_r  0x00009424      0x1d0
 *(.gnu.version_r)
 .gnu.version_r
                0x00009424      0x1d0 c:/program files/ept-tools/ept-sdk/sourcery g++ lite/bin/../arm-none-linux-gnueabi/libc/usr/lib/crti.o

.rel.dyn        0x000095f4        0x8
 *(.rel.init)
 *(.rel.text .rel.text.* .rel.gnu.linkonce.t.*)
 *(.rel.fini)
 *(.rel.rodata .rel.rodata.* .rel.gnu.linkonce.r.*)
 *(.rel.data.rel.ro* .rel.gnu.linkonce.d.rel.ro.*)
 *(.rel.data .rel.data.* .rel.gnu.linkonce.d.*)
 *(.rel.tdata .rel.tdata.* .rel.gnu.linkonce.td.*)
 *(.rel.tbss .rel.tbss.* .rel.gnu.linkonce.tb.*)
 *(.rel.ctors)
 *(.rel.dtors)
 *(.rel.got)
 .rel.got       0x000095f4        0x8 c:/program files/ept-tools/ept-sdk/sourcery g++ lite/bin/../arm-none-linux-gnueabi/libc/usr/lib/crti.o
 *(.rel.bss .rel.bss.* .rel.gnu.linkonce.b.*)
 .rel.bss       0x00000000        0x0 c:/program files/ept-tools/ept-sdk/sourcery g++ lite/bin/../arm-none-linux-gnueabi/libc/usr/lib/crti.o

.rel.ifunc.dyn
 *(.rel.ifunc.*)

.rela.dyn
 *(.rela.init)
 *(.rela.text .rela.text.* .rela.gnu.linkonce.t.*)
 *(.rela.fini)
 *(.rela.rodata .rela.rodata.* .rela.gnu.linkonce.r.*)
 *(.rela.data .rela.data.* .rela.gnu.linkonce.d.*)
 *(.rela.tdata .rela.tdata.* .rela.gnu.linkonce.td.*)
 *(.rela.tbss .rela.tbss.* .rela.gnu.linkonce.tb.*)
 *(.rela.ctors)
 *(.rela.dtors)
 *(.rela.got)
 *(.rela.bss .rela.bss.* .rela.gnu.linkonce.b.*)

.rela.ifunc.dyn
 *(.rela.ifunc.*)

.rel.plt        0x000095fc      0x308
 *(.rel.plt)
 .rel.plt       0x000095fc      0x308 c:/program files/ept-tools/ept-sdk/sourcery g++ lite/bin/../arm-none-linux-gnueabi/libc/usr/lib/crti.o

.rela.plt
 *(.rela.plt)

.init           0x00009904        0xc
 *(.init)
 .init          0x00009904        0x8 c:/program files/ept-tools/ept-sdk/sourcery g++ lite/bin/../arm-none-linux-gnueabi/libc/usr/lib/crti.o
                0x00009904                _init
 .init          0x0000990c        0x4 c:/program files/ept-tools/ept-sdk/sourcery g++ lite/bin/../arm-none-linux-gnueabi/libc/usr/lib/crtn.o

.plt            0x00009910      0x4a0
 *(.plt)
 .plt           0x00009910      0x4a0 c:/program files/ept-tools/ept-sdk/sourcery g++ lite/bin/../arm-none-linux-gnueabi/libc/usr/lib/crti.o
                0x00009924                EA_ucICInitModule@@Iccard_1.0
                0x00009930                EA_ucPFReadRec@@FFS_1.0
                0x0000993c                EA_ucPrinterAutoFeeding@@PRINT_1.0
                0x00009948                EA_ucPFDel@@FFS_1.0
                0x00009954                EA_ucInitPpp@@PPPDIAL_1.0
                0x00009960                EA_ucMIFHalt@@Mifs_1.0
                0x0000996c                abort@@GLIBC_2.4
                0x00009978                connect@@GLIBC_2.4
                0x00009984                memcmp@@GLIBC_2.4
                0x00009990                EA_ucICInComing@@Iccard_1.0
                0x0000999c                __libc_start_main@@GLIBC_2.4
                0x000099a8                EA_ucPFOpen@@FFS_1.0
                0x000099b4                EA_ucGetPowerInfo@@PM_1.1
                0x000099c0                EA_vTextOut@@UI_1.0
                0x000099cc                EA_ucMIFSelect@@Mifs_1.0
                0x000099e4                EA_ucGetDateTime@@COMMON_1.0
                0x000099f0                inet_addr@@GLIBC_2.4
                0x000099fc                __strcat_chk@@GLIBC_2.4
                0x00009a08                fclose@@GLIBC_2.4
                0x00009a14                strchr@@GLIBC_2.4
                0x00009a20                EA_ucICOutGoing@@Iccard_1.0
                0x00009a2c                EA_ucMIFRequest@@Mifs_1.0
                0x00009a38                EA_ucGetInputStr@@UI_1.0
                0x00009a44                EA_ucLinePrinter@@PRINT_1.0
                0x00009a50                EA_ucBlkSearch@@FFS_1.0
                0x00009a5c                EA_ucCommuExpand@@CommuLib_1.0
                0x00009a68                EA_ucInitPrinter@@PRINT_1.0
                0x00009a74                fopen@@GLIBC_2.4
                0x00009a80                EA_vDelayMs@@COMMON_1.0
                0x00009a8c                memset@@GLIBC_2.4
                0x00009a98                EA_ucSetDateTime@@COMMON_1.0
                0x00009aa4                EA_ucClrKeyBuf@@UI_1.0
                0x00009ab0                EA_vDrawIcons@@UI_1.0
                0x00009abc                dlopen@@GLIBC_2.4
                0x00009ac8                EA_ucPFFormat@@FFS_1.0
                0x00009ad4                EA_ucPFClose@@FFS_1.0
                0x00009ae0                EA_ucMIFRead@@Mifs_1.0
                0x00009aec                read@@GLIBC_2.4
                0x00009af8                write@@GLIBC_2.4
                0x00009b04                EA_ucPFCreateLoop@@FFS_1.0
                0x00009b10                access@@GLIBC_2.4
                0x00009b1c                EA_ucMIFWrite@@Mifs_1.0
                0x00009b28                fseek@@GLIBC_2.4
                0x00009b34                EA_ucICExchangeAPDU@@Iccard_1.0
                0x00009b40                EA_vDisp@@UI_1.0
                0x00009b4c                __memcpy_chk@@GLIBC_2.4
                0x00009b58                socket@@GLIBC_2.4
                0x00009b64                EA_ucMIFAntiColl@@Mifs_1.0
                0x00009b70                EA_ucGetPartInfo@@COMMON_1.0
                0x00009b7c                strlen@@GLIBC_2.4
                0x00009b88                sscanf@@GLIBC_2.4
                0x00009b94                EA_uiInkey@@UI_1.0
                0x00009ba0                memcpy@@GLIBC_2.4
                0x00009bac                EA_ucPFInfo@@FFS_1.0
                0x00009bb8                EA_ucGetPrinterStatus@@PRINT_1.0
                0x00009bc4                ftell@@GLIBC_2.4
                0x00009bd0                EA_vCls@@UI_1.0
                0x00009bdc                strtol@@GLIBC_2.4
                0x00009be8                strcpy@@GLIBC_2.4
                0x00009bf4                EA_ucBlkAppendBase@@FFS_1.0
                0x00009c00                EA_ucPFWriteRec@@FFS_1.0
                0x00009c0c                EA_vDisplay@@UI_1.0
                0x00009c18                EA_ucBlkClose@@FFS_1.0
                0x00009c24                EA_ucInitRS232@@COMMON_1.0
                0x00009c30                EA_ucBlkGetFileInfo@@FFS_1.0
                0x00009c3c                EA_ucSetInverse@@UI_1.0
                0x00009c48                EA_ucAuthenPara@@PPPDIAL_1.0
                0x00009c54                close@@GLIBC_2.4
                0x00009c60                EA_ucKBHit@@UI_1.0
                0x00009c6c                EA_vSystemManage@@SYSSERV_1.0
                0x00009c78                EA_ucSetPrinterFormat@@PRINT_1.0
                0x00009c84                EA_ucGetLocalDynIp@@PPPDIAL_1.0
                0x00009c90                fwrite@@GLIBC_2.4
                0x00009c9c                EA_ucDialOffPpp@@PPPDIAL_1.0
                0x00009ca8                EA_ucICPowerDown@@Iccard_1.0
                0x00009cb4                EA_vBeepMs@@COMMON_1.0
                0x00009cc0                EA_ucGetLinkState@@PPPDIAL_1.0
                0x00009ccc                EA_ucICPowerUp@@Iccard_1.0
                0x00009cd8                EA_ucOpenDevice@@COMMON_1.0
                0x00009ce4                EA_ucBlkCreate@@FFS_1.0
                0x00009cf0                EA_uiInkeyMs@@UI_1.0
                0x00009cfc                EA_ucCloseDevice@@COMMON_1.0
                0x00009d08                EA_ucBlkClean@@FFS_1.0
                0x00009d14                EA_ucCallPpp@@PPPDIAL_1.0
                0x00009d20                EA_ucBlkOpen@@FFS_1.0
                0x00009d2c                __sprintf_chk@@GLIBC_2.4
                0x00009d38                EA_ucPFCreate@@FFS_1.0
                0x00009d44                EA_ucMIFAuthToRam@@Mifs_1.0
                0x00009d50                __strcpy_chk@@GLIBC_2.4
                0x00009d5c                EA_ucGetDiskInfo@@COMMON_1.0
                0x00009d68                EA_ucSetStopFlag@@PM_1.0
                0x00009d74                setsockopt@@GLIBC_2.4
                0x00009d80                EI_win_ptGetDefaultWindow@@UI_1.0
                0x00009d8c                strcmp@@GLIBC_2.4
                0x00009d98                dlsym@@GLIBC_2.4
                0x00009da4                EA_ucBlkDelete@@FFS_1.0

.text           0x00009db0     0xa988
 *(.text .stub .text.* .gnu.linkonce.t.*)
 .text          0x00009db0       0x38 c:/program files/ept-tools/ept-sdk/sourcery g++ lite/bin/../arm-none-linux-gnueabi/libc/usr/lib/crt1.o
                0x00009db0                _start
 .text          0x00009de8       0x24 c:/program files/ept-tools/ept-sdk/sourcery g++ lite/bin/../arm-none-linux-gnueabi/libc/usr/lib/crti.o
 .text          0x00009e0c       0x4c c:/program files/ept-tools/ept-sdk/sourcery g++ lite/bin/../lib/gcc/arm-none-linux-gnueabi/4.3.3/crtbegin.o
 .text.BlackName_Find
                0x00009e58       0x90 o\DB.o
                0x00009e58                BlackName_Find
 .text.SaveCardRecord
                0x00009ee8      0x148 o\DB.o
                0x00009ee8                SaveCardRecord
 .text.select_gas_oil_Setting
                0x0000a030       0xa8 o\Function.o
                0x0000a030                select_gas_oil_Setting
 .text.PasswordCheck
                0x0000a0d8       0xd8 o\Function.o
                0x0000a0d8                PasswordCheck
 .text.oper_code_setting
                0x0000a1b0      0x304 o\Function.o
                0x0000a1b0                oper_code_setting
 .text.SetUserID
                0x0000a4b4      0x110 o\Function.o
                0x0000a4b4                SetUserID
 .text.SetID    0x0000a5c4      0x114 o\Function.o
                0x0000a5c4                SetID
 .text.Reprint_sale_record
                0x0000a6d8        0x4 o\Function.o
                0x0000a6d8                Reprint_sale_record
 .text.Note_Query
                0x0000a6dc      0x1f0 o\Function.o
                0x0000a6dc                Note_Query
 .text.AnalyAndDisplay
                0x0000a8cc      0x324 o\Function.o
                0x0000a8cc                AnalyAndDisplay
 .text.Record_Query
                0x0000abf0      0x1f0 o\Function.o
                0x0000abf0                Record_Query
 .text.price_Setting
                0x0000ade0      0x544 o\Function.o
                0x0000ade0                price_Setting
 .text.PasswordSetting
                0x0000b324      0x1fc o\Function.o
                0x0000b324                PasswordSetting
 .text.Parm_Setting
                0x0000b520      0x10c o\Function.o
                0x0000b520                Parm_Setting
 .text.CardInit
                0x0000b62c       0xc0 o\M1card.o
                0x0000b62c                CardInit
 .text.Get_Sector_PermissionA
                0x0000b6ec       0x34 o\M1card.o
                0x0000b6ec                Get_Sector_PermissionA
 .text.M1_Card_Consume_Process
                0x0000b720      0x404 o\M1card.o
                0x0000b720                M1_Card_Consume_Process
 .text.StoreRectoSD
                0x0000bb24      0x254 o\M1card.o
                0x0000bb24                StoreRectoSD
 .text.StoreRecord
                0x0000bd78      0x2c0 o\M1card.o
                0x0000bd78                StoreRecord
 .text.ICCardProcess
                0x0000c038      0x210 o\M1card.o
                0x0000c038                ICCardProcess
 .text.M1CardProcess
                0x0000c248      0x3d0 o\M1card.o
                0x0000c248                M1CardProcess
 .text.Power_Down
                0x0000c618       0x20 o\main.o
                0x0000c618                Power_Down
 .text.format_process
                0x0000c638       0xf8 o\main.o
                0x0000c638                format_process
 .text.Device_Handle_Init
                0x0000c730      0x370 o\main.o
                0x0000c730                Device_Handle_Init
 .text.appfile_Init
                0x0000caa0       0x70 o\main.o
                0x0000caa0                appfile_Init
 .text.SystemCheck
                0x0000cb10       0x50 o\main.o
                0x0000cb10                SystemCheck
 .text.DisplayWelcomeMenu
                0x0000cb60       0x94 o\main.o
                0x0000cb60                DisplayWelcomeMenu
 .text.AnalyAndDisplayNote
                0x0000cbf4      0x154 o\main.o
                0x0000cbf4                AnalyAndDisplayNote
 .text.query_oil_price
                0x0000cd48       0xd8 o\main.o
                0x0000cd48                query_oil_price
 .text.query_note_and_record
                0x0000ce20       0x48 o\main.o
                0x0000ce20                query_note_and_record
 .text.man_set_busnum
                0x0000ce68      0x15c o\main.o
                0x0000ce68                man_set_busnum
 .text.kuaijiefangshi
                0x0000cfc4       0x7c o\main.o
                0x0000cfc4                kuaijiefangshi
 .text.LowBatteryDisplay
                0x0000d040       0xa4 o\main.o
                0x0000d040                LowBatteryDisplay
 .text.print_work_note_his
                0x0000d0e4      0x6e4 o\main.o
                0x0000d0e4                print_work_note_his
 .text.System_Init
                0x0000d7c8      0x134 o\main.o
                0x0000d7c8                System_Init
 .text.main     0x0000d8fc      0x15c o\main.o
                0x0000d8fc                main
 .text.Cal_CRC  0x0000da58       0x68 o\Menu.o
                0x0000da58                Cal_CRC
 .text.a_to_h   0x0000dac0       0x68 o\Menu.o
                0x0000dac0                a_to_h
 .text.htoa2    0x0000db28       0x60 o\Menu.o
                0x0000db28                htoa2
 .text.htoa     0x0000db88       0x60 o\Menu.o
                0x0000db88                htoa
 .text.GPRS_Input_IP
                0x0000dbe8      0x1d8 o\Menu.o
                0x0000dbe8                GPRS_Input_IP
 .text.print_work_note
                0x0000ddc0      0x728 o\Menu.o
                0x0000ddc0                print_work_note
 .text.print_record
                0x0000e4e8      0x5e0 o\Menu.o
                0x0000e4e8                print_record
 .text.print_sale_record
                0x0000eac8      0xb60 o\Menu.o
                0x0000eac8                print_sale_record
 .text.TextHeadDisplayTimer
                0x0000f628      0x134 o\opercard.o
                0x0000f628                TextHeadDisplayTimer
 .text.Sec0_Block_Is_Legal
                0x0000f75c       0x50 o\opercard.o
                0x0000f75c                Sec0_Block_Is_Legal
 .text.CardFlush
                0x0000f7ac       0x74 o\opercard.o
                0x0000f7ac                CardFlush
 .text.SaveCardInTime
                0x0000f820       0x54 o\opercard.o
                0x0000f820                SaveCardInTime
 .text.query_rec_num
                0x0000f874       0x84 o\opercard.o
                0x0000f874                query_rec_num
 .text.Beeperr  0x0000f8f8       0x20 o\opercard.o
                0x0000f8f8                Beeperr
 .text.Beep     0x0000f918        0x4 o\opercard.o
                0x0000f918                Beep
 .text.DisplayPurchaseResult
                0x0000f91c      0x164 o\opercard.o
                0x0000f91c                DisplayPurchaseResult
 .text.printf_debug
                0x0000fa80       0x30 o\opercard.o
                0x0000fa80                printf_debug
 .text.Logout   0x0000fab0       0x80 o\opercard.o
                0x0000fab0                Logout
 .text.download_price_table
                0x0000fb30      0x2dc o\opercard.o
                0x0000fb30                download_price_table
 .text.oper_login_check
                0x0000fe0c      0x280 o\opercard.o
                0x0000fe0c                oper_login_check
 .text.Login    0x0001008c      0x2bc o\opercard.o
                0x0001008c                Login
 .text.download_whiltelist
                0x00010348      0x39c o\opercard.o
                0x00010348                download_whiltelist
 .text.CmdPsam  0x000106e4       0x34 o\sam_card.o
                0x000106e4                CmdPsam
 .text.SamCheck
                0x00010718      0x188 o\sam_card.o
                0x00010718                SamCheck
 .text.PsamRst  0x000108a0       0x98 o\sam_card.o
                0x000108a0                PsamRst
 .text.gprs_test
                0x00010938       0xcc o\SIM200.o
                0x00010938                gprs_test
 .text.SaveNoteRecord
                0x00010a04       0x90 o\SIM200.o
                0x00010a04                SaveNoteRecord
 .text.PackageCheck
                0x00010a94       0xec o\SIM200.o
                0x00010a94                PackageCheck
 .text.gprs_send_record
                0x00010b80      0x5e0 o\SIM200.o
                0x00010b80                gprs_send_record
 .text.Gprs_Upload_data
                0x00011160      0x130 o\SIM200.o
                0x00011160                Gprs_Upload_data
 .text.SIM_power_off
                0x00011290       0x38 o\tcpip.o
                0x00011290                SIM_power_off
 .text.close_gprs_module
                0x000112c8       0xc4 o\tcpip.o
                0x000112c8                close_gprs_module
 .text.GPRS_Close
                0x0001138c       0x38 o\tcpip.o
                0x0001138c                GPRS_Close
 .text.ConnectServer
                0x000113c4      0x208 o\tcpip.o
                0x000113c4                ConnectServer
 .text.open_gprs_module
                0x000115cc      0x358 o\tcpip.o
                0x000115cc                open_gprs_module
 .text.FindStr  0x00011924      0x66c o\tcpip.o
                0x00011924                FindStr
 .text.GPRS_Send_Receive
                0x00011f90      0x1d0 o\tcpip.o
                0x00011f90                GPRS_Send_Receive
 .text.bcd2asc  0x00012160       0x34 o\utils.o
                0x00012160                bcd2asc
 .text.var_bcd2asc
                0x00012194       0x38 o\utils.o
                0x00012194                var_bcd2asc
 .text.asc2bcd  0x000121cc       0x48 o\utils.o
                0x000121cc                asc2bcd
 .text.var_asc2bcd
                0x00012214       0x38 o\utils.o
                0x00012214                var_asc2bcd
 .text.CheckTimeFormat
                0x0001224c       0x84 o\ydt.o
                0x0001224c                CheckTimeFormat
 .text.ascii_to_hex
                0x000122d0       0x64 o\ydt.o
                0x000122d0                ascii_to_hex
 .text.hextobcd
                0x00012334       0x24 o\ydt.o
                0x00012334                hextobcd
 .text.SleepMs  0x00012358       0x10 o\ydt.o
                0x00012358                SleepMs
 .text.lcddisperr
                0x00012368       0x6c o\ydt.o
                0x00012368                lcddisperr
 .text.ReadParam
                0x000123d4       0xb4 o\ydt.o
                0x000123d4                ReadParam
 .text.WriteParam
                0x00012488       0x88 o\ydt.o
                0x00012488                WriteParam
 .text.lcddisp  0x00012510        0x4 o\ydt.o
                0x00012510                lcddisp
 .text.get_input_str
                0x00012514      0x460 o\ydt.o
                0x00012514                get_input_str
 .text.browse_menu
                0x00012974      0x514 o\ydt.o
                0x00012974                browse_menu
 .text.Modify_Time
                0x00012e88       0xb8 o\ydt.o
                0x00012e88                Modify_Time
 .text.Get_Time
                0x00012f40      0x110 o\ydt.o
                0x00012f40                Get_Time
 .text.param_factory_default
                0x00013050      0x3f4 o\ydt.o
                0x00013050                param_factory_default
 .text          0x00013444      0x9a8 C:\Program Files\EPT-Tools\EPT-SDK\EPT-A9L\so\libcolorui.a(color_ui.o)
                0x00013cbc                EA_iSetMode
                0x00013590                EA_iLockFB
                0x00013460                EA_iUnLockFB
                0x000136c0                EA_iGetLockScreenConfig
                0x00013a6c                EA_iIsEnableZoomMode
                0x00013b94                EA_iGetMode
                0x00013930                EA_vGetLcdInfo
                0x00013444                EA_SetUILibName
                0x000137f8                EA_iSetLockScreenConfig
 .text          0x00013dec      0x3b8 c:/program files/ept-tools/ept-sdk/sourcery g++ lite/bin/../lib/gcc/arm-none-linux-gnueabi/4.3.3\libgcc.a(_arm_addsubdf3.o)
                0x00014130                __floatundidf
                0x000140c8                __floatsidf
                0x000140a4                __aeabi_ui2d
                0x000140c8                __aeabi_i2d
                0x000140a4                __floatunsidf
                0x00013df4                __subdf3
                0x00014144                __floatdidf
                0x00013df8                __adddf3
                0x00014144                __aeabi_l2d
                0x000140f0                __aeabi_f2d
                0x00014130                __aeabi_ul2d
                0x00013dec                __aeabi_drsub
                0x000140f0                __extendsfdf2
                0x00013df8                __aeabi_dadd
                0x00013df4                __aeabi_dsub
 .text          0x000141a4      0x470 c:/program files/ept-tools/ept-sdk/sourcery g++ lite/bin/../lib/gcc/arm-none-linux-gnueabi/4.3.3\libgcc.a(_arm_muldivdf3.o)
                0x000141a4                __muldf3
                0x00014410                __divdf3
                0x000141a4                __aeabi_dmul
                0x00014410                __aeabi_ddiv
 .text          0x00014614       0x54 c:/program files/ept-tools/ept-sdk/sourcery g++ lite/bin/../lib/gcc/arm-none-linux-gnueabi/4.3.3\libgcc.a(_arm_fixunsdfsi.o)
                0x00014614                __fixunsdfsi
                0x00014614                __aeabi_d2uiz
 .text          0x00014668       0x60 c:/program files/ept-tools/ept-sdk/sourcery g++ lite/bin/../lib/gcc/arm-none-linux-gnueabi/4.3.3\libgcc.a(_fixunsdfdi.o)
                0x00014668                __aeabi_d2ulz
                0x00014668                __fixunsdfdi
 .text          0x000146c8       0x70 c:\program files\ept-tools\ept-sdk\sourcery g++ lite\bin\../arm-none-linux-gnueabi/libc/usr/lib/libc_nonshared.a(elf-init.oS)
                0x000146c8                __libc_csu_fini
                0x000146cc                __libc_csu_init
 *(.gnu.warning)
 *(.glue_7t)
 .glue_7t       0x00000000        0x0 linker stubs
 *(.glue_7)
 .glue_7        0x00000000        0x0 linker stubs
 *(.vfp11_veneer)
 .vfp11_veneer  0x00000000        0x0 linker stubs
 *(.v4_bx)
 .v4_bx         0x00000000        0x0 linker stubs

.fini           0x00014738        0x8
 *(.fini)
 .fini          0x00014738        0x4 c:/program files/ept-tools/ept-sdk/sourcery g++ lite/bin/../arm-none-linux-gnueabi/libc/usr/lib/crti.o
                0x00014738                _fini
 .fini          0x0001473c        0x4 c:/program files/ept-tools/ept-sdk/sourcery g++ lite/bin/../arm-none-linux-gnueabi/libc/usr/lib/crtn.o
                0x00014740                PROVIDE (__etext, .)
                0x00014740                PROVIDE (_etext, .)
                0x00014740                PROVIDE (etext, .)

.rodata         0x00014740     0x1fe8
 *(.rodata .rodata.* .gnu.linkonce.r.*)
 .rodata.str1.4
                0x00014740       0xa9 o\DB.o
                                 0xac (size before relaxing)
 *fill*         0x000147e9        0x3 00
 .rodata        0x000147ec       0x58 o\Function.o
 .rodata.str1.4
                0x00014844      0x399 o\Function.o
                                0x3b8 (size before relaxing)
 *fill*         0x00014bdd        0x3 00
 .rodata.str1.4
                0x00014be0      0x22c o\M1card.o
                                0x2c4 (size before relaxing)
 .rodata        0x00014e0c        0xc o\main.o
 .rodata.str1.4
                0x00014e18      0x75e o\main.o
                                0x7e8 (size before relaxing)
 *fill*         0x00015576        0x2 00
 .rodata.str1.4
                0x00015578      0x529 o\Menu.o
                                0x638 (size before relaxing)
 *fill*         0x00015aa1        0x3 00
 .rodata.str1.4
                0x00015aa4      0x39d o\opercard.o
                                0x478 (size before relaxing)
 *fill*         0x00015e41        0x3 00
 .rodata        0x00015e44        0x4 o\sam_card.o
 .rodata.SELECT_SAM_ADF1
                0x00015e48        0x7 o\sam_card.o
                0x00015e48                SELECT_SAM_ADF1
 *fill*         0x00015e4f        0x1 00
 .rodata.str1.4
                0x00015e50       0x43 o\sam_card.o
                                 0x44 (size before relaxing)
 .rodata.ReadPOSNumber
                0x00015e93        0x5 o\sam_card.o
                0x00015e93                ReadPOSNumber
 .rodata.GET_M1_KEY
                0x00015e98        0x5 o\sam_card.o
                0x00015e98                GET_M1_KEY
 *fill*         0x00015e9d        0x3 00
 .rodata.str1.4
                0x00015ea0      0x239 o\SIM200.o
                                0x2a8 (size before relaxing)
 *fill*         0x000160d9        0x3 00
 .rodata.str1.4
                0x000160dc      0x33b o\tcpip.o
                                0x348 (size before relaxing)
 *fill*         0x00016417        0x1 00
 .rodata.blackFileName
                0x00016418        0x8 o\ydt.o
                0x00016418                blackFileName
 .rodata.conrecFileName
                0x00016420        0x8 o\ydt.o
                0x00016420                conrecFileName
 .rodata.str1.4
                0x00016428      0x255 o\ydt.o
                                0x28c (size before relaxing)
 *fill*         0x0001667d        0x3 00
 .rodata.parmFileName
                0x00016680        0x8 o\ydt.o
                0x00016680                parmFileName
 .rodata.currecFileName
                0x00016688        0x8 o\ydt.o
                0x00016688                currecFileName
 .rodata.hisrecFileName
                0x00016690        0x8 o\ydt.o
                0x00016690                hisrecFileName
 .rodata.str1.4
                0x00016698       0x90 C:\Program Files\EPT-Tools\EPT-SDK\EPT-A9L\so\libcolorui.a(color_ui.o)

.rodata1
 *(.rodata1)

.ARM.extab      0x00016728       0x3c
 *(.ARM.extab* .gnu.linkonce.armextab.*)
 .ARM.extab.text.download_price_table
                0x00016728        0xc o\opercard.o
 .ARM.extab.text.download_whiltelist
                0x00016734        0xc o\opercard.o
 .ARM.extab.text.FindStr
                0x00016740        0xc o\tcpip.o
 .ARM.extab.text.GPRS_Send_Receive
                0x0001674c        0xc o\tcpip.o
 .ARM.extab.text.browse_menu
                0x00016758        0xc o\ydt.o
                0x00016764                __exidx_start = .

.ARM.exidx      0x00016764      0x310
 *(.ARM.exidx* .gnu.linkonce.armexidx.*)
 .ARM.exidx     0x00016774        0x0 c:/program files/ept-tools/ept-sdk/sourcery g++ lite/bin/../arm-none-linux-gnueabi/libc/usr/lib/crt1.o
                                  0x8 (size before relaxing)
 .ARM.exidx     0x00016774        0x8 c:/program files/ept-tools/ept-sdk/sourcery g++ lite/bin/../arm-none-linux-gnueabi/libc/usr/lib/crti.o
 .ARM.exidx     0x0001677c        0x8 c:/program files/ept-tools/ept-sdk/sourcery g++ lite/bin/../lib/gcc/arm-none-linux-gnueabi/4.3.3/crtbegin.o
                                 0x10 (size before relaxing)
 .ARM.exidx.text.BlackName_Find
                0x00016784        0x8 o\DB.o
 .ARM.exidx.text.SaveCardRecord
                0x0001678c        0x8 o\DB.o
 .ARM.exidx.text.select_gas_oil_Setting
                0x00016794        0x8 o\Function.o
 .ARM.exidx.text.PasswordCheck
                0x0001679c        0x8 o\Function.o
 .ARM.exidx.text.oper_code_setting
                0x000167a4        0x8 o\Function.o
 .ARM.exidx.text.SetUserID
                0x000167ac        0x8 o\Function.o
 .ARM.exidx.text.SetID
                0x000167b4        0x8 o\Function.o
 .ARM.exidx.text.Reprint_sale_record
                0x000167bc        0x8 o\Function.o
 .ARM.exidx.text.Note_Query
                0x000167c4        0x8 o\Function.o
 .ARM.exidx.text.AnalyAndDisplay
                0x000167cc        0x8 o\Function.o
 .ARM.exidx.text.Record_Query
                0x000167d4        0x8 o\Function.o
 .ARM.exidx.text.price_Setting
                0x000167dc        0x8 o\Function.o
 .ARM.exidx.text.PasswordSetting
                0x000167e4        0x8 o\Function.o
 .ARM.exidx.text.Parm_Setting
                0x000167ec        0x8 o\Function.o
 .ARM.exidx.text.CardInit
                0x000167f4        0x8 o\M1card.o
 .ARM.exidx.text.Get_Sector_PermissionA
                0x000167fc        0x8 o\M1card.o
 .ARM.exidx.text.M1_Card_Consume_Process
                0x00016804        0x8 o\M1card.o
 .ARM.exidx.text.StoreRectoSD
                0x0001680c        0x8 o\M1card.o
 .ARM.exidx.text.StoreRecord
                0x00016814        0x8 o\M1card.o
 .ARM.exidx.text.ICCardProcess
                0x0001681c        0x8 o\M1card.o
 .ARM.exidx.text.M1CardProcess
                0x00016824        0x8 o\M1card.o
 .ARM.exidx.text.Power_Down
                0x0001682c        0x8 o\main.o
 .ARM.exidx.text.format_process
                0x00016834        0x8 o\main.o
 .ARM.exidx.text.Device_Handle_Init
                0x0001683c        0x8 o\main.o
 .ARM.exidx.text.appfile_Init
                0x00016844        0x8 o\main.o
 .ARM.exidx.text.SystemCheck
                0x0001684c        0x0 o\main.o
                                  0x8 (size before relaxing)
 .ARM.exidx.text.DisplayWelcomeMenu
                0x0001684c        0x0 o\main.o
                                  0x8 (size before relaxing)
 .ARM.exidx.text.AnalyAndDisplayNote
                0x0001684c        0x8 o\main.o
 .ARM.exidx.text.query_oil_price
                0x00016854        0x8 o\main.o
 .ARM.exidx.text.query_note_and_record
                0x0001685c        0x8 o\main.o
 .ARM.exidx.text.man_set_busnum
                0x00016864        0x8 o\main.o
 .ARM.exidx.text.kuaijiefangshi
                0x0001686c        0x8 o\main.o
 .ARM.exidx.text.LowBatteryDisplay
                0x00016874        0x8 o\main.o
 .ARM.exidx.text.print_work_note_his
                0x0001687c        0x8 o\main.o
 .ARM.exidx.text.System_Init
                0x00016884        0x8 o\main.o
 .ARM.exidx.text.main
                0x0001688c        0x0 o\main.o
                                  0x8 (size before relaxing)
 .ARM.exidx.text.Cal_CRC
                0x0001688c        0x8 o\Menu.o
 .ARM.exidx.text.a_to_h
                0x00016894        0x8 o\Menu.o
 .ARM.exidx.text.htoa2
                0x0001689c        0x8 o\Menu.o
 .ARM.exidx.text.htoa
                0x000168a4        0x0 o\Menu.o
                                  0x8 (size before relaxing)
 .ARM.exidx.text.GPRS_Input_IP
                0x000168a4        0x8 o\Menu.o
 .ARM.exidx.text.print_work_note
                0x000168ac        0x8 o\Menu.o
 .ARM.exidx.text.print_record
                0x000168b4        0x8 o\Menu.o
 .ARM.exidx.text.print_sale_record
                0x000168bc        0x8 o\Menu.o
 .ARM.exidx.text.TextHeadDisplayTimer
                0x000168c4        0x8 o\opercard.o
 .ARM.exidx.text.Sec0_Block_Is_Legal
                0x000168cc        0x8 o\opercard.o
 .ARM.exidx.text.CardFlush
                0x000168d4        0x0 o\opercard.o
                                  0x8 (size before relaxing)
 .ARM.exidx.text.SaveCardInTime
                0x000168d4        0x8 o\opercard.o
 .ARM.exidx.text.query_rec_num
                0x000168dc        0x8 o\opercard.o
 .ARM.exidx.text.Beeperr
                0x000168e4        0x8 o\opercard.o
 .ARM.exidx.text.Beep
                0x000168ec        0x8 o\opercard.o
 .ARM.exidx.text.DisplayPurchaseResult
                0x000168f4        0x8 o\opercard.o
 .ARM.exidx.text.printf_debug
                0x000168fc        0x8 o\opercard.o
 .ARM.exidx.text.Logout
                0x00016904        0x8 o\opercard.o
 .ARM.exidx.text.download_price_table
                0x0001690c        0x8 o\opercard.o
 .ARM.exidx.text.oper_login_check
                0x00016914        0x8 o\opercard.o
 .ARM.exidx.text.Login
                0x0001691c        0x8 o\opercard.o
 .ARM.exidx.text.download_whiltelist
                0x00016924        0x8 o\opercard.o
 .ARM.exidx.text.CmdPsam
                0x0001692c        0x8 o\sam_card.o
 .ARM.exidx.text.SamCheck
                0x00016934        0x8 o\sam_card.o
 .ARM.exidx.text.PsamRst
                0x0001693c        0x8 o\sam_card.o
 .ARM.exidx.text.gprs_test
                0x00016944        0x8 o\SIM200.o
 .ARM.exidx.text.SaveNoteRecord
                0x0001694c        0x8 o\SIM200.o
 .ARM.exidx.text.PackageCheck
                0x00016954        0x8 o\SIM200.o
 .ARM.exidx.text.gprs_send_record
                0x0001695c        0x8 o\SIM200.o
 .ARM.exidx.text.Gprs_Upload_data
                0x00016964        0x8 o\SIM200.o
 .ARM.exidx.text.SIM_power_off
                0x0001696c        0x8 o\tcpip.o
 .ARM.exidx.text.close_gprs_module
                0x00016974        0x8 o\tcpip.o
 .ARM.exidx.text.GPRS_Close
                0x0001697c        0x8 o\tcpip.o
 .ARM.exidx.text.ConnectServer
                0x00016984        0x8 o\tcpip.o
 .ARM.exidx.text.open_gprs_module
                0x0001698c        0x8 o\tcpip.o
 .ARM.exidx.text.FindStr
                0x00016994        0x8 o\tcpip.o
 .ARM.exidx.text.GPRS_Send_Receive
                0x0001699c        0x8 o\tcpip.o
 .ARM.exidx.text.bcd2asc
                0x000169a4        0x8 o\utils.o
 .ARM.exidx.text.var_bcd2asc
                0x000169ac        0x8 o\utils.o
 .ARM.exidx.text.asc2bcd
                0x000169b4        0x8 o\utils.o
 .ARM.exidx.text.var_asc2bcd
                0x000169bc        0x8 o\utils.o
 .ARM.exidx.text.CheckTimeFormat
                0x000169c4        0x8 o\ydt.o
 .ARM.exidx.text.ascii_to_hex
                0x000169cc        0x0 o\ydt.o
                                  0x8 (size before relaxing)
 .ARM.exidx.text.hextobcd
                0x000169cc        0x0 o\ydt.o
                                  0x8 (size before relaxing)
 .ARM.exidx.text.SleepMs
                0x000169cc        0x8 o\ydt.o
 .ARM.exidx.text.lcddisperr
                0x000169d4        0x8 o\ydt.o
 .ARM.exidx.text.ReadParam
                0x000169dc        0x8 o\ydt.o
 .ARM.exidx.text.WriteParam
                0x000169e4        0x8 o\ydt.o
 .ARM.exidx.text.lcddisp
                0x000169ec        0x8 o\ydt.o
 .ARM.exidx.text.get_input_str
                0x000169f4        0x8 o\ydt.o
 .ARM.exidx.text.browse_menu
                0x000169fc        0x8 o\ydt.o
 .ARM.exidx.text.Modify_Time
                0x00016a04        0x8 o\ydt.o
 .ARM.exidx.text.Get_Time
                0x00016a0c        0x8 o\ydt.o
 .ARM.exidx.text.param_factory_default
                0x00016a14        0x8 o\ydt.o
 .ARM.exidx     0x00016a1c       0x28 C:\Program Files\EPT-Tools\EPT-SDK\EPT-A9L\so\libcolorui.a(color_ui.o)
                                 0x48 (size before relaxing)
 .ARM.exidx     0x00016a44        0x8 c:/program files/ept-tools/ept-sdk/sourcery g++ lite/bin/../lib/gcc/arm-none-linux-gnueabi/4.3.3\libgcc.a(_fixunsdfdi.o)
 .ARM.exidx     0x00016a4c       0x18 c:\program files\ept-tools\ept-sdk\sourcery g++ lite\bin\../arm-none-linux-gnueabi/libc/usr/lib/libc_nonshared.a(elf-init.oS)
                                 0x10 (size before relaxing)
 .ARM.exidx.init
                0x00016764       0x10 c:/program files/ept-tools/ept-sdk/sourcery g++ lite/bin/../arm-none-linux-gnueabi/libc/usr/lib/crtn.o
                                  0x8 (size before relaxing)
 .ARM.exidx.fini
                0x00016a64       0x10 c:/program files/ept-tools/ept-sdk/sourcery g++ lite/bin/../arm-none-linux-gnueabi/libc/usr/lib/crtn.o
                                  0x8 (size before relaxing)
                0x00016a74                __exidx_end = .

.eh_frame_hdr
 *(.eh_frame_hdr)

.eh_frame       0x00016a74        0x4
 *(.eh_frame)
 .eh_frame      0x00016a74        0x4 c:/program files/ept-tools/ept-sdk/sourcery g++ lite/bin/../lib/gcc/arm-none-linux-gnueabi/4.3.3/crtend.o

.gcc_except_table
 *(.gcc_except_table .gcc_except_table.*)
                0x00016a78                . = (ALIGN (0x8000) - ((0x8000 - .) & 0x7fff))
                0x0001ea78                . = (0x8000 DATA_SEGMENT_ALIGN 0x1000)

.eh_frame
 *(.eh_frame)

.gcc_except_table
 *(.gcc_except_table .gcc_except_table.*)

.tdata
 *(.tdata .tdata.* .gnu.linkonce.td.*)

.tbss
 *(.tbss .tbss.* .gnu.linkonce.tb.*)
 *(.tcommon)

.preinit_array  0x0001ea78        0x0
                0x0001ea78                PROVIDE (__preinit_array_start, .)
 *(.preinit_array)
                0x0001ea78                PROVIDE (__preinit_array_end, .)

.init_array     0x0001ea78        0x4
                0x0001ea78                PROVIDE (__init_array_start, .)
 *(SORT(.init_array.*))
 *(.init_array)
 .init_array    0x0001ea78        0x4 c:/program files/ept-tools/ept-sdk/sourcery g++ lite/bin/../lib/gcc/arm-none-linux-gnueabi/4.3.3/crtbegin.o
                0x0001ea7c                PROVIDE (__init_array_end, .)

.fini_array     0x0001ea7c        0x4
                0x0001ea7c                PROVIDE (__fini_array_start, .)
 *(.fini_array)
 .fini_array    0x0001ea7c        0x4 c:/program files/ept-tools/ept-sdk/sourcery g++ lite/bin/../lib/gcc/arm-none-linux-gnueabi/4.3.3/crtbegin.o
 *(SORT(.fini_array.*))
                0x0001ea80                PROVIDE (__fini_array_end, .)

.ctors
 *crtbegin.o(.ctors)
 *crtbegin?.o(.ctors)
 *(EXCLUDE_FILE(*crtend?.o *crtend.o) .ctors)
 *(SORT(.ctors.*))
 *(.ctors)

.dtors
 *crtbegin.o(.dtors)
 *crtbegin?.o(.dtors)
 *(EXCLUDE_FILE(*crtend?.o *crtend.o) .dtors)
 *(SORT(.dtors.*))
 *(.dtors)

.jcr            0x0001ea80        0x4
 *(.jcr)
 .jcr           0x0001ea80        0x0 c:/program files/ept-tools/ept-sdk/sourcery g++ lite/bin/../lib/gcc/arm-none-linux-gnueabi/4.3.3/crtbegin.o
 .jcr           0x0001ea80        0x4 c:/program files/ept-tools/ept-sdk/sourcery g++ lite/bin/../lib/gcc/arm-none-linux-gnueabi/4.3.3/crtend.o

.data.rel.ro
 *(.data.rel.ro.local* .gnu.linkonce.d.rel.ro.local.*)
 *(.data.rel.ro* .gnu.linkonce.d.rel.ro.*)

.dynamic        0x0001ea84      0x150
 *(.dynamic)
 .dynamic       0x0001ea84      0x150 c:/program files/ept-tools/ept-sdk/sourcery g++ lite/bin/../arm-none-linux-gnueabi/libc/usr/lib/crti.o
                0x0001ea84                _DYNAMIC
                0x0001ebd4                . = (. DATA_SEGMENT_RELRO_END 0x0)

.got            0x0001ebd4      0x194
 *(.got.plt)
 .got.plt       0x0001ebd4      0x190 c:/program files/ept-tools/ept-sdk/sourcery g++ lite/bin/../arm-none-linux-gnueabi/libc/usr/lib/crti.o
                0x0001ebd4                _GLOBAL_OFFSET_TABLE_
 *(.got)
 .got           0x0001ed64        0x4 c:/program files/ept-tools/ept-sdk/sourcery g++ lite/bin/../arm-none-linux-gnueabi/libc/usr/lib/crti.o

.data           0x0001ed68      0x1cc
                0x0001ed68                __data_start = .
 *(.data .data.* .gnu.linkonce.d.*)
 .data.gas_set  0x0001ed68       0x54 o\Function.o
                0x0001ed68                gas_set
 .data.parm_set
                0x0001edbc       0xcc o\Function.o
                0x0001edbc                parm_set
 .data.rec_query
                0x0001ee88       0x2c o\Function.o
                0x0001ee88                rec_query
 .data.VERSION  0x0001eeb4        0x4 o\main.o
                0x0001eeb4                VERSION
 .data.kuaijie_set
                0x0001eeb8       0x68 o\main.o
                0x0001eeb8                kuaijie_set
 .data.uihisrecLen
                0x0001ef20        0x4 o\ydt.o
                0x0001ef20                uihisrecLen
 .data.uicurrecLen
                0x0001ef24        0x4 o\ydt.o
                0x0001ef24                uicurrecLen
 .data.uiblackLen
                0x0001ef28        0x4 o\ydt.o
                0x0001ef28                uiblackLen
 .data.uiparamclen
                0x0001ef2c        0x4 o\ydt.o
                0x0001ef2c                uiparamclen
 .data.rel.local
                0x0001ef30        0x4 C:\Program Files\EPT-Tools\EPT-SDK\EPT-A9L\so\libcolorui.a(color_ui.o)

.data1
 *(.data1)
                0x0001ef34                _edata = .
                0x0001ef34                PROVIDE (edata, .)
                0x0001ef34                __bss_start = .
                0x0001ef34                __bss_start__ = .

.bss            0x0001ef38      0xc6c
 *(.dynbss)
 .dynbss        0x00000000        0x0 c:/program files/ept-tools/ept-sdk/sourcery g++ lite/bin/../arm-none-linux-gnueabi/libc/usr/lib/crti.o
 *(.bss .bss.* .gnu.linkonce.b.*)
 .bss           0x0001ef38        0x1 c:/program files/ept-tools/ept-sdk/sourcery g++ lite/bin/../lib/gcc/arm-none-linux-gnueabi/4.3.3/crtbegin.o
 *fill*         0x0001ef39        0x3 00
 .bss           0x0001ef3c       0x20 C:\Program Files\EPT-Tools\EPT-SDK\EPT-A9L\so\libcolorui.a(color_ui.o)
 *(COMMON)
 COMMON         0x0001ef5c      0x434 o\M1card.o
                0x0001ef5c                send_buffer
                0x0001f35c                ErrCardInfo
 COMMON         0x0001f390      0x28c o\main.o
                0x0001f390                ptPartInfo
                0x0001f3c8                clerk_list
                0x0001f468                DevStat
                0x0001f530                hDprinterHandle
                0x0001f534                hRS232Handle
                0x0001f538                hUSBDHandle
                0x0001f53c                hMifsHandle
                0x0001f540                hSam2Handle
                0x0001f544                hSam1Handle
                0x0001f548                hCpuHandle
                0x0001f54c                CardInfo
                0x0001f604                hSIMHandle
                0x0001f608                ptDiskInfo
                0x0001f618                hWLMHandle
 COMMON         0x0001f61c       0x54 o\opercard.o
                0x0001f61c                KeySector
 COMMON         0x0001f670      0x400 o\SIM200.o
                0x0001f670                sendbuf
 COMMON         0x0001fa70      0x134 o\tcpip.o
                0x0001fa70                tmpch
                0x0001fa74                s_add
                0x0001fa84                pppn
                0x0001fa88                gtPara
                0x0001fba0                socketID
                0x0001fba4                . = ALIGN ((. != 0x0)?0x4:0x1)
                0x0001fba4                _bss_end__ = .
                0x0001fba4                __bss_end__ = .
                0x0001fba4                . = ALIGN (0x4)
                0x0001fba4                . = ALIGN (0x4)
                0x0001fba4                __end__ = .
                0x0001fba4                _end = .
                0x0001fba4                PROVIDE (end, .)
                0x0001fba4                . = DATA_SEGMENT_END (.)

.stab
 *(.stab)

.stabstr
 *(.stabstr)

.stab.excl
 *(.stab.excl)

.stab.exclstr
 *(.stab.exclstr)

.stab.index
 *(.stab.index)

.stab.indexstr
 *(.stab.indexstr)

.ARM.attributes
                0x00000000       0x2d
 .ARM.attributes
                0x00000000       0x2d c:/program files/ept-tools/ept-sdk/sourcery g++ lite/bin/../arm-none-linux-gnueabi/libc/usr/lib/crt1.o
 .ARM.attributes
                0x0000002d       0x31 c:/program files/ept-tools/ept-sdk/sourcery g++ lite/bin/../arm-none-linux-gnueabi/libc/usr/lib/crti.o
 .ARM.attributes
                0x0000005e       0x31 c:/program files/ept-tools/ept-sdk/sourcery g++ lite/bin/../lib/gcc/arm-none-linux-gnueabi/4.3.3/crtbegin.o
 .ARM.attributes
                0x0000008f       0x31 o\DB.o
 .ARM.attributes
                0x000000c0       0x31 o\Function.o
 .ARM.attributes
                0x000000f1       0x31 o\M1card.o
 .ARM.attributes
                0x00000122       0x31 o\main.o
 .ARM.attributes
                0x00000153       0x31 o\Menu.o
 .ARM.attributes
                0x00000184       0x31 o\NormalData.o
 .ARM.attributes
                0x000001b5       0x31 o\opercard.o
 .ARM.attributes
                0x000001e6       0x31 o\sam_card.o
 .ARM.attributes
                0x00000217       0x31 o\SIM200.o
 .ARM.attributes
                0x00000248       0x31 o\tcpip.o
 .ARM.attributes
                0x00000279       0x31 o\utils.o
 .ARM.attributes
                0x000002aa       0x31 o\ydt.o
 .ARM.attributes
                0x000002db       0x31 C:\Program Files\EPT-Tools\EPT-SDK\EPT-A9L\so\libcolorui.a(color_ui.o)
 .ARM.attributes
                0x0000030c       0x16 c:/program files/ept-tools/ept-sdk/sourcery g++ lite/bin/../lib/gcc/arm-none-linux-gnueabi/4.3.3\libgcc.a(_arm_addsubdf3.o)
 .ARM.attributes
                0x00000322       0x16 c:/program files/ept-tools/ept-sdk/sourcery g++ lite/bin/../lib/gcc/arm-none-linux-gnueabi/4.3.3\libgcc.a(_arm_muldivdf3.o)
 .ARM.attributes
                0x00000338       0x16 c:/program files/ept-tools/ept-sdk/sourcery g++ lite/bin/../lib/gcc/arm-none-linux-gnueabi/4.3.3\libgcc.a(_arm_fixunsdfsi.o)
 .ARM.attributes
                0x0000034e       0x31 c:/program files/ept-tools/ept-sdk/sourcery g++ lite/bin/../lib/gcc/arm-none-linux-gnueabi/4.3.3\libgcc.a(_fixunsdfdi.o)
 .ARM.attributes
                0x0000037f       0x31 c:\program files\ept-tools\ept-sdk\sourcery g++ lite\bin\../arm-none-linux-gnueabi/libc/usr/lib/libc_nonshared.a(elf-init.oS)
 .ARM.attributes
                0x000003b0       0x31 c:/program files/ept-tools/ept-sdk/sourcery g++ lite/bin/../lib/gcc/arm-none-linux-gnueabi/4.3.3/crtend.o
 .ARM.attributes
                0x000003e1       0x31 c:/program files/ept-tools/ept-sdk/sourcery g++ lite/bin/../arm-none-linux-gnueabi/libc/usr/lib/crtn.o

.comment        0x00000000      0x22f
 *(.comment)
 .comment       0x00000000       0x2b o\DB.o
 .comment       0x0000002b       0x2b o\Function.o
 .comment       0x00000056       0x2b o\M1card.o
 .comment       0x00000081       0x2b o\main.o
 .comment       0x000000ac       0x2b o\Menu.o
 .comment       0x000000d7       0x2b o\NormalData.o
 .comment       0x00000102       0x2b o\opercard.o
 .comment       0x0000012d       0x2b o\sam_card.o
 .comment       0x00000158       0x2b o\SIM200.o
 .comment       0x00000183       0x2b o\tcpip.o
 .comment       0x000001ae       0x2b o\utils.o
 .comment       0x000001d9       0x2b o\ydt.o
 .comment       0x00000204       0x2b C:\Program Files\EPT-Tools\EPT-SDK\EPT-A9L\so\libcolorui.a(color_ui.o)

.debug
 *(.debug)

.line
 *(.line)

.debug_srcinfo
 *(.debug_srcinfo)

.debug_sfnames
 *(.debug_sfnames)

.debug_aranges  0x00000000      0x5a0
 *(.debug_aranges)
 .debug_aranges
                0x00000000       0x30 o\DB.o
 .debug_aranges
                0x00000030       0x90 o\Function.o
 .debug_aranges
                0x000000c0       0xa8 o\M1card.o
 .debug_aranges
                0x00000168       0xd0 o\main.o
 .debug_aranges
                0x00000238       0x68 o\Menu.o
 .debug_aranges
                0x000002a0       0xb8 o\opercard.o
 .debug_aranges
                0x00000358       0x30 o\sam_card.o
 .debug_aranges
                0x00000388       0x48 o\SIM200.o
 .debug_aranges
                0x000003d0       0x68 o\tcpip.o
 .debug_aranges
                0x00000438       0x90 o\utils.o
 .debug_aranges
                0x000004c8       0xd8 o\ydt.o

.debug_pubnames
                0x00000000     0x1033
 *(.debug_pubnames)
 .debug_pubnames
                0x00000000       0x49 o\DB.o
 .debug_pubnames
                0x00000049      0x16f o\Function.o
 .debug_pubnames
                0x000001b8      0x27c o\M1card.o
 .debug_pubnames
                0x00000434      0x2c8 o\main.o
 .debug_pubnames
                0x000006fc       0xb2 o\Menu.o
 .debug_pubnames
                0x000007ae      0x190 o\opercard.o
 .debug_pubnames
                0x0000093e      0x225 o\sam_card.o
 .debug_pubnames
                0x00000b63       0x8f o\SIM200.o
 .debug_pubnames
                0x00000bf2      0x10b o\tcpip.o
 .debug_pubnames
                0x00000cfd       0xf5 o\utils.o
 .debug_pubnames
                0x00000df2      0x241 o\ydt.o

.debug_info     0x00000000     0xce60
 *(.debug_info .gnu.linkonce.wi.*)
 .debug_info    0x00000000      0x9cd o\DB.o
 .debug_info    0x000009cd     0x145a o\Function.o
 .debug_info    0x00001e27     0x1af8 o\M1card.o
 .debug_info    0x0000391f     0x19ae o\main.o
 .debug_info    0x000052cd     0x1473 o\Menu.o
 .debug_info    0x00006740        0x0 o\NormalData.o
 .debug_info    0x00006740     0x14f7 o\opercard.o
 .debug_info    0x00007c37      0xd0f o\sam_card.o
 .debug_info    0x00008946      0xe18 o\SIM200.o
 .debug_info    0x0000975e     0x11cf o\tcpip.o
 .debug_info    0x0000a92d      0xb45 o\utils.o
 .debug_info    0x0000b472     0x19ee o\ydt.o

.debug_abbrev   0x00000000     0x2096
 *(.debug_abbrev)
 .debug_abbrev  0x00000000      0x195 o\DB.o
 .debug_abbrev  0x00000195      0x2d5 o\Function.o
 .debug_abbrev  0x0000046a      0x3df o\M1card.o
 .debug_abbrev  0x00000849      0x34c o\main.o
 .debug_abbrev  0x00000b95      0x2e1 o\Menu.o
 .debug_abbrev  0x00000e76        0x1 o\NormalData.o
 .debug_abbrev  0x00000e77      0x37b o\opercard.o
 .debug_abbrev  0x000011f2      0x1e0 o\sam_card.o
 .debug_abbrev  0x000013d2      0x2e3 o\SIM200.o
 .debug_abbrev  0x000016b5      0x36e o\tcpip.o
 .debug_abbrev  0x00001a23      0x2f2 o\utils.o
 .debug_abbrev  0x00001d15      0x381 o\ydt.o

.debug_line     0x00000000     0x442b
 *(.debug_line)
 .debug_line    0x00000000      0x275 o\DB.o
 .debug_line    0x00000275      0x6c5 o\Function.o
 .debug_line    0x0000093a      0x78e o\M1card.o
 .debug_line    0x000010c8      0x84a o\main.o
 .debug_line    0x00001912      0x7a4 o\Menu.o
 .debug_line    0x000020b6        0x0 o\NormalData.o
 .debug_line    0x000020b6      0x751 o\opercard.o
 .debug_line    0x00002807      0x2f0 o\sam_card.o
 .debug_line    0x00002af7      0x51f o\SIM200.o
 .debug_line    0x00003016      0x757 o\tcpip.o
 .debug_line    0x0000376d      0x45c o\utils.o
 .debug_line    0x00003bc9      0x862 o\ydt.o

.debug_frame    0x00000000     0x119c
 *(.debug_frame)
 .debug_frame   0x00000000       0x64 o\DB.o
 .debug_frame   0x00000064      0x1e0 o\Function.o
 .debug_frame   0x00000244      0x200 o\M1card.o
 .debug_frame   0x00000444      0x2a0 o\main.o
 .debug_frame   0x000006e4      0x148 o\Menu.o
 .debug_frame   0x0000082c      0x25c o\opercard.o
 .debug_frame   0x00000a88       0x6c o\sam_card.o
 .debug_frame   0x00000af4       0xd4 o\SIM200.o
 .debug_frame   0x00000bc8      0x158 o\tcpip.o
 .debug_frame   0x00000d20      0x1ac o\utils.o
 .debug_frame   0x00000ecc      0x260 o\ydt.o
 .debug_frame   0x0000112c       0x2c c:/program files/ept-tools/ept-sdk/sourcery g++ lite/bin/../lib/gcc/arm-none-linux-gnueabi/4.3.3\libgcc.a(_fixunsdfdi.o)
 .debug_frame   0x00001158       0x44 c:\program files\ept-tools\ept-sdk\sourcery g++ lite\bin\../arm-none-linux-gnueabi/libc/usr/lib/libc_nonshared.a(elf-init.oS)

.debug_str      0x00000000     0x1dd4
 *(.debug_str)
 .debug_str     0x00000000      0x5f4 o\DB.o
                                0x6b0 (size before relaxing)
 .debug_str     0x000005f4      0x3df o\Function.o
                                0xa6d (size before relaxing)
 .debug_str     0x000009d3      0x3e2 o\M1card.o
                                0xcdd (size before relaxing)
 .debug_str     0x00000db5      0x4ea o\main.o
                                0xe8c (size before relaxing)
 .debug_str     0x0000129f       0xa1 o\Menu.o
                                0x72f (size before relaxing)
 .debug_str     0x00001340      0x1ba o\opercard.o
                                0xab0 (size before relaxing)
 .debug_str     0x000014fa      0x207 o\sam_card.o
                                0x7d2 (size before relaxing)
 .debug_str     0x00001701       0x93 o\SIM200.o
                                0x744 (size before relaxing)
 .debug_str     0x00001794      0x28b o\tcpip.o
                                0x988 (size before relaxing)
 .debug_str     0x00001a1f       0xf3 o\utils.o
                                0x3cd (size before relaxing)
 .debug_str     0x00001b12      0x2c2 o\ydt.o
                                0xb76 (size before relaxing)

.debug_loc      0x00000000     0x3160
 *(.debug_loc)
 .debug_loc     0x00000000      0x19e o\DB.o
 .debug_loc     0x0000019e      0x53e o\Function.o
 .debug_loc     0x000006dc      0x62c o\M1card.o
 .debug_loc     0x00000d08      0x45c o\main.o
 .debug_loc     0x00001164      0x340 o\Menu.o
 .debug_loc     0x000014a4      0x48d o\opercard.o
 .debug_loc     0x00001931       0xda o\sam_card.o
 .debug_loc     0x00001a0b      0x2d6 o\SIM200.o
 .debug_loc     0x00001ce1      0x683 o\tcpip.o
 .debug_loc     0x00002364      0x5a1 o\utils.o
 .debug_loc     0x00002905      0x85b o\ydt.o

.debug_macinfo
 *(.debug_macinfo)

.debug_weaknames
 *(.debug_weaknames)

.debug_funcnames
 *(.debug_funcnames)

.debug_typenames
 *(.debug_typenames)

.debug_varnames
 *(.debug_varnames)

.debug_pubtypes
 *(.debug_pubtypes)

.debug_ranges   0x00000000     0x11c8
 *(.debug_ranges)
 .debug_ranges  0x00000000       0x28 o\DB.o
 .debug_ranges  0x00000028      0x220 o\Function.o
 .debug_ranges  0x00000248      0x2e8 o\M1card.o
 .debug_ranges  0x00000530      0x168 o\main.o
 .debug_ranges  0x00000698       0xd8 o\Menu.o
 .debug_ranges  0x00000770      0x2c8 o\opercard.o
 .debug_ranges  0x00000a38       0x70 o\sam_card.o
 .debug_ranges  0x00000aa8      0x108 o\SIM200.o
 .debug_ranges  0x00000bb0      0x1d8 o\tcpip.o
 .debug_ranges  0x00000d88      0x198 o\utils.o
 .debug_ranges  0x00000f20      0x2a8 o\ydt.o

.gnu.attributes
 *(.gnu.attributes)

.note.gnu.arm.ident
 *(.note.gnu.arm.ident)

/DISCARD/
 *(.note.GNU-stack)
 *(.gnu_debuglink)
OUTPUT(o\POS elf32-littlearm)
