Archive member included because of file (symbol)

c:/program files/ept-tools/ept-sdk/sourcery g++ lite/bin/../lib/gcc/arm-none-linux-gnueabi/4.3.3\libgcc.a(_divsi3.o)
                              o\cpucard.o (__aeabi_idiv)
c:/program files/ept-tools/ept-sdk/sourcery g++ lite/bin/../lib/gcc/arm-none-linux-gnueabi/4.3.3\libgcc.a(_arm_addsubdf3.o)
                              o\Menu.o (__aeabi_ui2d)
c:/program files/ept-tools/ept-sdk/sourcery g++ lite/bin/../lib/gcc/arm-none-linux-gnueabi/4.3.3\libgcc.a(_arm_muldivdf3.o)
                              o\Menu.o (__aeabi_ddiv)
c:/program files/ept-tools/ept-sdk/sourcery g++ lite/bin/../lib/gcc/arm-none-linux-gnueabi/4.3.3\libgcc.a(_arm_truncdfsf2.o)
                              o\Menu.o (__aeabi_d2f)
c:/program files/ept-tools/ept-sdk/sourcery g++ lite/bin/../lib/gcc/arm-none-linux-gnueabi/4.3.3\libgcc.a(_arm_addsubsf3.o)
                              o\cpucard.o (__aeabi_ui2f)
c:/program files/ept-tools/ept-sdk/sourcery g++ lite/bin/../lib/gcc/arm-none-linux-gnueabi/4.3.3\libgcc.a(_arm_muldivsf3.o)
                              o\cpucard.o (__aeabi_fmul)
c:/program files/ept-tools/ept-sdk/sourcery g++ lite/bin/../lib/gcc/arm-none-linux-gnueabi/4.3.3\libgcc.a(_arm_cmpsf2.o)
                              o\cpucard.o (__aeabi_fcmpeq)
c:/program files/ept-tools/ept-sdk/sourcery g++ lite/bin/../lib/gcc/arm-none-linux-gnueabi/4.3.3\libgcc.a(_arm_fixunssfsi.o)
                              o\cpucard.o (__aeabi_f2uiz)
c:/program files/ept-tools/ept-sdk/sourcery g++ lite/bin/../lib/gcc/arm-none-linux-gnueabi/4.3.3\libgcc.a(_dvmd_lnx.o)
                              c:/program files/ept-tools/ept-sdk/sourcery g++ lite/bin/../lib/gcc/arm-none-linux-gnueabi/4.3.3\libgcc.a(_divsi3.o) (__aeabi_idiv0)
c:/program files/ept-tools/ept-sdk/sourcery g++ lite/bin/../lib/gcc/arm-none-linux-gnueabi/4.3.3\libgcc.a(_fixunsdfdi.o)
                              C:\Program Files\EPT-Tools\EPT-SDK\EPT-A9L\so\libfs.so (__aeabi_d2ulz)
c:/program files/ept-tools/ept-sdk/sourcery g++ lite/bin/../lib/gcc/arm-none-linux-gnueabi/4.3.3\libgcc.a(_arm_fixunsdfsi.o)
                              c:/program files/ept-tools/ept-sdk/sourcery g++ lite/bin/../lib/gcc/arm-none-linux-gnueabi/4.3.3\libgcc.a(_fixunsdfdi.o) (__aeabi_d2uiz)
c:\program files\ept-tools\ept-sdk\sourcery g++ lite\bin\../arm-none-linux-gnueabi/libc/usr/lib/libc_nonshared.a(elf-init.oS)
                              c:/program files/ept-tools/ept-sdk/sourcery g++ lite/bin/../arm-none-linux-gnueabi/libc/usr/lib/crt1.o (__libc_csu_fini)

Allocating common symbols
Common symbol       size              file

send_buffer         0x400             o\M1card.o
clerk_list          0xa0              o\main.o
DevStat             0x84              o\main.o
hDprinterHandle     0x4               o\main.o
hRS232Handle        0x4               o\main.o
tmpch               0x4               o\tcpip.o
hMifsHandle         0x4               o\main.o
KeySector           0x54              o\cpucard.o
hSam2Handle         0x4               o\main.o
s_add               0x10              o\tcpip.o
hSam1Handle         0x4               o\main.o
ErrCardInfo         0x34              o\M1card.o
hCpuHandle          0x4               o\main.o
CardInfo            0xac              o\M1card.o
hSIMHandle          0x4               o\main.o
ReceiveChar         0x1               o\Function.o
pppn                0x4               o\tcpip.o
dbuf                0x64              o\main.o
gtPara              0x118             o\tcpip.o
socketID            0x4               o\tcpip.o
hWLMHandle          0x4               o\main.o

Discarded input sections

 .note.ABI-tag  0x00000000        0x0 c:/program files/ept-tools/ept-sdk/sourcery g++ lite/bin/../arm-none-linux-gnueabi/libc/usr/lib/crt1.o
 .rodata.cst4   0x00000000        0x0 c:/program files/ept-tools/ept-sdk/sourcery g++ lite/bin/../arm-none-linux-gnueabi/libc/usr/lib/crt1.o
 .ARM.extab     0x00000000        0x0 c:/program files/ept-tools/ept-sdk/sourcery g++ lite/bin/../arm-none-linux-gnueabi/libc/usr/lib/crt1.o
 .data          0x00000000        0x0 c:/program files/ept-tools/ept-sdk/sourcery g++ lite/bin/../arm-none-linux-gnueabi/libc/usr/lib/crt1.o
 .bss           0x00000000        0x0 c:/program files/ept-tools/ept-sdk/sourcery g++ lite/bin/../arm-none-linux-gnueabi/libc/usr/lib/crt1.o
 .note.GNU-stack
                0x00000000        0x0 c:/program files/ept-tools/ept-sdk/sourcery g++ lite/bin/../arm-none-linux-gnueabi/libc/usr/lib/crt1.o
 .data          0x00000000        0x0 c:/program files/ept-tools/ept-sdk/sourcery g++ lite/bin/../arm-none-linux-gnueabi/libc/usr/lib/crti.o
 .bss           0x00000000        0x0 c:/program files/ept-tools/ept-sdk/sourcery g++ lite/bin/../arm-none-linux-gnueabi/libc/usr/lib/crti.o
 .ARM.extab     0x00000000        0x0 c:/program files/ept-tools/ept-sdk/sourcery g++ lite/bin/../arm-none-linux-gnueabi/libc/usr/lib/crti.o
 .note.GNU-stack
[...]
Memory Configuration

Name             Origin             Length             Attributes
*default*        0x00000000         0xffffffff

Linker script and memory map

LOAD c:/program files/ept-tools/ept-sdk/sourcery g++ lite/bin/../arm-none-linux-gnueabi/libc/usr/lib/crt1.o
LOAD c:/program files/ept-tools/ept-sdk/sourcery g++ lite/bin/../arm-none-linux-gnueabi/libc/usr/lib/crti.o
LOAD c:/program files/ept-tools/ept-sdk/sourcery g++ lite/bin/../lib/gcc/arm-none-linux-gnueabi/4.3.3/crtbegin.o
LOAD o\cpucard.o
LOAD o\DB.o
LOAD o\Function.o
LOAD o\M1card.o
LOAD o\main.o
LOAD o\Menu.o
LOAD o\NormalData.o
LOAD o\sam_card.o
LOAD o\SIM200.o
LOAD o\tcpip.o
LOAD o\ydt.o
LOAD C:\Program Files\EPT-Tools\EPT-SDK\EPT-A9L\so\libalgorithm.so
LOAD C:\Program Files\EPT-Tools\EPT-SDK\EPT-A9L\so\libAt1604.so
LOAD C:\Program Files\EPT-Tools\EPT-SDK\EPT-A9L\so\libAt1608.so
LOAD C:\Program Files\EPT-Tools\EPT-SDK\EPT-A9L\so\libat24cxx.so
LOAD C:\Program Files\EPT-Tools\EPT-SDK\EPT-A9L\so\libAt45d041.so
LOAD C:\Program Files\EPT-Tools\EPT-SDK\EPT-A9L\so\libaudio.so
LOAD C:\Program Files\EPT-Tools\EPT-SDK\EPT-A9L\so\libbaseinfo.so
LOAD C:\Program Files\EPT-Tools\EPT-SDK\EPT-A9L\so\libcfginfo.so
LOAD C:\Program Files\EPT-Tools\EPT-SDK\EPT-A9L\so\libcommon.so
LOAD C:\Program Files\EPT-Tools\EPT-SDK\EPT-A9L\so\libCommu.so
LOAD C:\Program Files\EPT-Tools\EPT-SDK\EPT-A9L\so\libDhcp.so
LOAD C:\Program Files\EPT-Tools\EPT-SDK\EPT-A9L\so\libfam.so
LOAD C:\Program Files\EPT-Tools\EPT-SDK\EPT-A9L\so\libfs.so
LOAD C:\Program Files\EPT-Tools\EPT-SDK\EPT-A9L\so\libFsk.so
LOAD C:\Program Files\EPT-Tools\EPT-SDK\EPT-A9L\so\libGps.so
LOAD C:\Program Files\EPT-Tools\EPT-SDK\EPT-A9L\so\libGsm.so
LOAD C:\Program Files\EPT-Tools\EPT-SDK\EPT-A9L\so\libIccard.so
LOAD C:\Program Files\EPT-Tools\EPT-SDK\EPT-A9L\so\libissl.so
LOAD C:\Program Files\EPT-Tools\EPT-SDK\EPT-A9L\so\libjpeg.so
LOAD C:\Program Files\EPT-Tools\EPT-SDK\EPT-A9L\so\libMagcard.so
LOAD C:\Program Files\EPT-Tools\EPT-SDK\EPT-A9L\so\libMifs.so
LOAD C:\Program Files\EPT-Tools\EPT-SDK\EPT-A9L\so\libmodem.so
LOAD C:\Program Files\EPT-Tools\EPT-SDK\EPT-A9L\so\libpara.so
LOAD C:\Program Files\EPT-Tools\EPT-SDK\EPT-A9L\so\libpinpad.so
LOAD C:\Program Files\EPT-Tools\EPT-SDK\EPT-A9L\so\libpm.so
LOAD C:\Program Files\EPT-Tools\EPT-SDK\EPT-A9L\so\libPppdial.so
LOAD C:\Program Files\EPT-Tools\EPT-SDK\EPT-A9L\so\libPrinter.so
LOAD C:\Program Files\EPT-Tools\EPT-SDK\EPT-A9L\so\libscan.so
LOAD C:\Program Files\EPT-Tools\EPT-SDK\EPT-A9L\so\libsfs.so
LOAD C:\Program Files\EPT-Tools\EPT-SDK\EPT-A9L\so\libSim4428.so
LOAD C:\Program Files\EPT-Tools\EPT-SDK\EPT-A9L\so\libSim4442.so
LOAD C:\Program Files\EPT-Tools\EPT-SDK\EPT-A9L\so\libsysserv.so
LOAD C:\Program Files\EPT-Tools\EPT-SDK\EPT-A9L\so\libtms.so
LOAD C:\Program Files\EPT-Tools\EPT-SDK\EPT-A9L\so\libui.so
LOAD C:\Program Files\EPT-Tools\EPT-SDK\EPT-A9L\so\libvoice.so
LOAD C:\Program Files\EPT-Tools\EPT-SDK\Sourcery G++ Lite\arm-none-linux-gnueabi\libc\usr\lib/librt.so
LOAD C:\Program Files\EPT-Tools\EPT-SDK\Sourcery G++ Lite\arm-none-linux-gnueabi\libc\usr\lib/libpthread.so
START GROUP
LOAD c:\program files\ept-tools\ept-sdk\sourcery g++ lite\bin\../arm-none-linux-gnueabi/libc/lib/libpthread.so.0
LOAD c:\program files\ept-tools\ept-sdk\sourcery g++ lite\bin\../arm-none-linux-gnueabi/libc/usr/lib/libpthread_nonshared.a
END GROUP
LOAD c:/program files/ept-tools/ept-sdk/sourcery g++ lite/bin/../lib/gcc/arm-none-linux-gnueabi/4.3.3\libgcc.a
LOAD c:/program files/ept-tools/ept-sdk/sourcery g++ lite/bin/../arm-none-linux-gnueabi/libc/lib/libgcc_s.so
LOAD C:\Program Files\EPT-Tools\EPT-SDK\Sourcery G++ Lite\arm-none-linux-gnueabi\libc\usr\lib/libc.so
START GROUP
LOAD c:\program files\ept-tools\ept-sdk\sourcery g++ lite\bin\../arm-none-linux-gnueabi/libc/lib/libc.so.6
LOAD c:\program files\ept-tools\ept-sdk\sourcery g++ lite\bin\../arm-none-linux-gnueabi/libc/usr/lib/libc_nonshared.a
LOAD c:\program files\ept-tools\ept-sdk\sourcery g++ lite\bin\../arm-none-linux-gnueabi/libc/lib/ld-linux.so.3
END GROUP
LOAD c:/program files/ept-tools/ept-sdk/sourcery g++ lite/bin/../lib/gcc/arm-none-linux-gnueabi/4.3.3\libgcc.a
LOAD c:/program files/ept-tools/ept-sdk/sourcery g++ lite/bin/../arm-none-linux-gnueabi/libc/lib/libgcc_s.so
LOAD c:/program files/ept-tools/ept-sdk/sourcery g++ lite/bin/../lib/gcc/arm-none-linux-gnueabi/4.3.3/crtend.o
LOAD c:/program files/ept-tools/ept-sdk/sourcery g++ lite/bin/../arm-none-linux-gnueabi/libc/usr/lib/crtn.o
                0x00008000                PROVIDE (__executable_start, 0x8000)
                0x00008114                . = (0x8000 + SIZEOF_HEADERS)

.interp         0x00008114       0x13
 *(.interp)
 .interp        0x00008114       0x13 c:/program files/ept-tools/ept-sdk/sourcery g++ lite/bin/../arm-none-linux-gnueabi/libc/usr/lib/crti.o

.note.gnu.build-id
 *(.note.gnu.build-id)

.hash
 *(.hash)

.gnu.hash       0x00008128      0x3f4
 *(.gnu.hash)
 .gnu.hash      0x00008128      0x3f4 c:/program files/ept-tools/ept-sdk/sourcery g++ lite/bin/../arm-none-linux-gnueabi/libc/usr/lib/crti.o

.dynsym         0x0000851c      0x5e0
 *(.dynsym)
 .dynsym        0x0000851c      0x5e0 c:/program files/ept-tools/ept-sdk/sourcery g++ lite/bin/../arm-none-linux-gnueabi/libc/usr/lib/crti.o

.dynstr         0x00008afc      0x629
 *(.dynstr)
 .dynstr        0x00008afc      0x629 c:/program files/ept-tools/ept-sdk/sourcery g++ lite/bin/../arm-none-linux-gnueabi/libc/usr/lib/crti.o

.gnu.version    0x00009126       0xbc
 *(.gnu.version)
 .gnu.version   0x00009126       0xbc c:/program files/ept-tools/ept-sdk/sourcery g++ lite/bin/../arm-none-linux-gnueabi/libc/usr/lib/crti.o

.gnu.version_d  0x000091e4        0x0 load address 0x000091e2
 *(.gnu.version_d)
 .gnu.version_d
                0x00000000        0x0 c:/program files/ept-tools/ept-sdk/sourcery g++ lite/bin/../arm-none-linux-gnueabi/libc/usr/lib/crti.o

.gnu.version_r  0x000091e4      0x1b0
 *(.gnu.version_r)
 .gnu.version_r
                0x000091e4      0x1b0 c:/program files/ept-tools/ept-sdk/sourcery g++ lite/bin/../arm-none-linux-gnueabi/libc/usr/lib/crti.o

.rel.dyn        0x00009394        0x8
 *(.rel.init)
 *(.rel.text .rel.text.* .rel.gnu.linkonce.t.*)
 *(.rel.fini)
 *(.rel.rodata .rel.rodata.* .rel.gnu.linkonce.r.*)
 *(.rel.data.rel.ro* .rel.gnu.linkonce.d.rel.ro.*)
 *(.rel.data .rel.data.* .rel.gnu.linkonce.d.*)
 *(.rel.tdata .rel.tdata.* .rel.gnu.linkonce.td.*)
 *(.rel.tbss .rel.tbss.* .rel.gnu.linkonce.tb.*)
 *(.rel.ctors)
 *(.rel.dtors)
 *(.rel.got)
 .rel.got       0x00009394        0x8 c:/program files/ept-tools/ept-sdk/sourcery g++ lite/bin/../arm-none-linux-gnueabi/libc/usr/lib/crti.o
 *(.rel.bss .rel.bss.* .rel.gnu.linkonce.b.*)
 .rel.bss       0x00000000        0x0 c:/program files/ept-tools/ept-sdk/sourcery g++ lite/bin/../arm-none-linux-gnueabi/libc/usr/lib/crti.o

.rel.ifunc.dyn
 *(.rel.ifunc.*)

.rela.dyn
 *(.rela.init)
 *(.rela.text .rela.text.* .rela.gnu.linkonce.t.*)
 *(.rela.fini)
 *(.rela.rodata .rela.rodata.* .rela.gnu.linkonce.r.*)
 *(.rela.data .rela.data.* .rela.gnu.linkonce.d.*)
 *(.rela.tdata .rela.tdata.* .rela.gnu.linkonce.td.*)
 *(.rela.tbss .rela.tbss.* .rela.gnu.linkonce.tb.*)
 *(.rela.ctors)
 *(.rela.dtors)
 *(.rela.got)
 *(.rela.bss .rela.bss.* .rela.gnu.linkonce.b.*)

.rela.ifunc.dyn
 *(.rela.ifunc.*)

.rel.plt        0x0000939c      0x298
 *(.rel.plt)
 .rel.plt       0x0000939c      0x298 c:/program files/ept-tools/ept-sdk/sourcery g++ lite/bin/../arm-none-linux-gnueabi/libc/usr/lib/crti.o

.rela.plt
 *(.rela.plt)

.init           0x00009634        0xc
 *(.init)
 .init          0x00009634        0x8 c:/program files/ept-tools/ept-sdk/sourcery g++ lite/bin/../arm-none-linux-gnueabi/libc/usr/lib/crti.o
                0x00009634                _init
 .init          0x0000963c        0x4 c:/program files/ept-tools/ept-sdk/sourcery g++ lite/bin/../arm-none-linux-gnueabi/libc/usr/lib/crtn.o

.plt            0x00009640      0x3f8
 *(.plt)
 .plt           0x00009640      0x3f8 c:/program files/ept-tools/ept-sdk/sourcery g++ lite/bin/../arm-none-linux-gnueabi/libc/usr/lib/crti.o
                0x00009654                EA_ucICInitModule@@Iccard_1.0
                0x00009660                EA_ucPFReadRec@@FFS_1.0
                0x0000966c                EA_ucPrinterAutoFeeding@@PRINT_1.0
                0x00009678                EA_ucPFDel@@FFS_1.0
                0x00009684                EA_ucInitPpp@@PPPDIAL_1.0
                0x00009690                EA_ucMIFHalt@@Mifs_1.0
                0x0000969c                abort@@GLIBC_2.4
                0x000096a8                connect@@GLIBC_2.4
                0x000096b4                memcmp@@GLIBC_2.4
                0x000096c0                EA_ucICInComing@@Iccard_1.0
                0x000096cc                __libc_start_main@@GLIBC_2.4
                0x000096d8                EA_ucPFOpen@@FFS_1.0
                0x000096e4                EA_ucGetPowerInfo@@PM_1.1
                0x000096f0                EA_vTextOut@@UI_1.0
                0x000096fc                EA_ucMIFSelect@@Mifs_1.0
                0x00009714                EA_ucGetDateTime@@COMMON_1.0
                0x00009720                inet_addr@@GLIBC_2.4
                0x0000972c                EA_ucBlkUpdate@@FFS_1.0
                0x00009738                __strcat_chk@@GLIBC_2.4
                0x00009744                strchr@@GLIBC_2.4
                0x00009750                EA_ucICOutGoing@@Iccard_1.0
                0x0000975c                EA_ucMIFRequest@@Mifs_1.0
                0x00009768                EA_ucGetInputStr@@UI_1.0
                0x00009774                EA_ucLinePrinter@@PRINT_1.0
                0x00009780                EA_ucCommuExpand@@CommuLib_1.0
                0x0000978c                EA_ucInitPrinter@@PRINT_1.0
                0x00009798                EA_vDelayMs@@COMMON_1.0
                0x000097a4                memset@@GLIBC_2.4
                0x000097b0                EA_ucSetDateTime@@COMMON_1.0
                0x000097bc                EA_ucClrKeyBuf@@UI_1.0
                0x000097c8                EA_ucPFClose@@FFS_1.0
                0x000097d4                EA_ucMIFRead@@Mifs_1.0
                0x000097e0                read@@GLIBC_2.4
                0x000097ec                write@@GLIBC_2.4
                0x000097f8                EA_ucPFCreateLoop@@FFS_1.0
                0x00009804                EA_ucICExchangeAPDU@@Iccard_1.0
                0x00009810                EA_vDisp@@UI_1.0
                0x0000981c                __memcpy_chk@@GLIBC_2.4
                0x00009828                socket@@GLIBC_2.4
                0x00009834                EA_ucMIFAntiColl@@Mifs_1.0
                0x00009840                strlen@@GLIBC_2.4
                0x0000984c                sscanf@@GLIBC_2.4
                0x00009858                EA_uiInkey@@UI_1.0
                0x00009864                EA_ucWriteDevice@@COMMON_1.0
                0x00009870                memcpy@@GLIBC_2.4
                0x0000987c                EA_ucPFInfo@@FFS_1.0
                0x00009888                EA_ucGetPrinterStatus@@PRINT_1.0
                0x00009894                EA_vCls@@UI_1.0
                0x000098a0                strtol@@GLIBC_2.4
                0x000098ac                strcpy@@GLIBC_2.4
                0x000098b8                EA_ucPFWriteRec@@FFS_1.0
                0x000098c4                EA_vDisplay@@UI_1.0
                0x000098d0                EA_ucBlkClose@@FFS_1.0
                0x000098dc                raise@@GLIBC_2.4
                0x000098e8                EA_ucInitRS232@@COMMON_1.0
                0x000098f4                EA_ucSetInverse@@UI_1.0
                0x00009900                EA_ucAuthenPara@@PPPDIAL_1.0
                0x0000990c                close@@GLIBC_2.4
                0x00009918                EA_ucKBHit@@UI_1.0
                0x00009924                EA_vSystemManage@@SYSSERV_1.0
                0x00009930                EA_ucSetPrinterFormat@@PRINT_1.0
                0x0000993c                EA_ucGetLocalDynIp@@PPPDIAL_1.0
                0x00009948                EA_ucDialOffPpp@@PPPDIAL_1.0
                0x00009954                EA_ucICPowerDown@@Iccard_1.0
                0x00009960                EA_vBeepMs@@COMMON_1.0
                0x0000996c                EA_ucGetLinkState@@PPPDIAL_1.0
                0x00009978                EA_ucICPowerUp@@Iccard_1.0
                0x00009984                EA_ucOpenDevice@@COMMON_1.0
                0x00009990                EA_ucBlkCreate@@FFS_1.0
                0x0000999c                EA_uiInkeyMs@@UI_1.0
                0x000099a8                EA_ucCloseDevice@@COMMON_1.0
                0x000099b4                EA_ucBlkClean@@FFS_1.0
                0x000099c0                EA_ucCallPpp@@PPPDIAL_1.0
                0x000099cc                EA_ucBlkOpen@@FFS_1.0
                0x000099d8                __sprintf_chk@@GLIBC_2.4
                0x000099e4                EA_ucPFCreate@@FFS_1.0
                0x000099f0                EA_ucMIFAuthToRam@@Mifs_1.0
                0x000099fc                __strcpy_chk@@GLIBC_2.4
                0x00009a08                EA_ucSetStopFlag@@PM_1.0
                0x00009a14                setsockopt@@GLIBC_2.4
                0x00009a20                strcmp@@GLIBC_2.4
                0x00009a2c                EA_ucBlkDelete@@FFS_1.0

.text           0x00009a38     0x7780
 *(.text .stub .text.* .gnu.linkonce.t.*)
 .text          0x00009a38       0x38 c:/program files/ept-tools/ept-sdk/sourcery g++ lite/bin/../arm-none-linux-gnueabi/libc/usr/lib/crt1.o
                0x00009a38                _start
 .text          0x00009a70       0x24 c:/program files/ept-tools/ept-sdk/sourcery g++ lite/bin/../arm-none-linux-gnueabi/libc/usr/lib/crti.o
 .text          0x00009a94       0x4c c:/program files/ept-tools/ept-sdk/sourcery g++ lite/bin/../lib/gcc/arm-none-linux-gnueabi/4.3.3/crtbegin.o
 .text.CardFlush
                0x00009ae0       0x48 o\cpucard.o
                0x00009ae0                CardFlush
 .text.SaveCardInTime
                0x00009b28       0x54 o\cpucard.o
                0x00009b28                SaveCardInTime
 .text.query_rec_num
                0x00009b7c       0x84 o\cpucard.o
                0x00009b7c                query_rec_num
 .text.Beeperr  0x00009c00       0x20 o\cpucard.o
                0x00009c00                Beeperr
 .text.Beep     0x00009c20        0x4 o\cpucard.o
                0x00009c20                Beep
 .text.DisplayPurchaseResult
                0x00009c24      0x14c o\cpucard.o
                0x00009c24                DisplayPurchaseResult
 .text.printf_debug
                0x00009d70       0x30 o\cpucard.o
                0x00009d70                printf_debug
 .text.Logout   0x00009da0       0x8c o\cpucard.o
                0x00009da0                Logout
 .text.download_whiltelist
                0x00009e2c      0x418 o\cpucard.o
                0x00009e2c                download_whiltelist
 .text.oper_login_check
                0x0000a244      0x1e4 o\cpucard.o
                0x0000a244                oper_login_check
 .text.CalTAC   0x0000a428       0x90 o\cpucard.o
                0x0000a428                CalTAC
 .text.Login    0x0000a4b8      0x29c o\cpucard.o
                0x0000a4b8                Login
 .text.BlackName_Find
                0x0000a754       0x10 o\DB.o
                0x0000a754                BlackName_Find
 .text.SaveCardRecord
                0x0000a764       0xd4 o\DB.o
                0x0000a764                SaveCardRecord
 .text.select_gas_oil_Setting
                0x0000a838       0x58 o\Function.o
                0x0000a838                select_gas_oil_Setting
 .text.SAMCompSelect
                0x0000a890       0x88 o\Function.o
                0x0000a890                SAMCompSelect
 .text.SetID    0x0000a918      0x114 o\Function.o
                0x0000a918                SetID
 .text.SetUserID
                0x0000aa2c      0x110 o\Function.o
                0x0000aa2c                SetUserID
 .text.PasswordCheck
                0x0000ab3c       0xd8 o\Function.o
                0x0000ab3c                PasswordCheck
 .text.PasswordSetting
                0x0000ac14      0x1fc o\Function.o
                0x0000ac14                PasswordSetting
 .text.Parm_Setting
                0x0000ae10      0x12c o\Function.o
                0x0000ae10                Parm_Setting
 .text.CardInit
                0x0000af3c       0x90 o\M1card.o
                0x0000af3c                CardInit
 .text.M1_Card_Consume_Process
                0x0000afcc      0x29c o\M1card.o
                0x0000afcc                M1_Card_Consume_Process
 .text.StoreRecord
                0x0000b268      0x144 o\M1card.o
                0x0000b268                StoreRecord
 .text.M1CardProcess
                0x0000b3ac      0x60c o\M1card.o
                0x0000b3ac                M1CardProcess
 .text.System_reset
                0x0000b9b8       0x20 o\main.o
                0x0000b9b8                System_reset
 .text.Power_Down
                0x0000b9d8       0x20 o\main.o
                0x0000b9d8                Power_Down
 .text.format_process
                0x0000b9f8       0xf8 o\main.o
                0x0000b9f8                format_process
 .text.DisplayWelcomeMenu
                0x0000baf0       0xd4 o\main.o
                0x0000baf0                DisplayWelcomeMenu
 .text.Device_Handle_Init
                0x0000bbc4      0x204 o\main.o
                0x0000bbc4                Device_Handle_Init
 .text.zbClerkReadFile
                0x0000bdc8       0x4c o\main.o
                0x0000bdc8                zbClerkReadFile
 .text.zbClerkSaveFile
                0x0000be14       0x40 o\main.o
                0x0000be14                zbClerkSaveFile
 .text.SystemCheck
                0x0000be54       0x50 o\main.o
                0x0000be54                SystemCheck
 .text.Debugprintf
                0x0000bea4       0x3c o\main.o
                0x0000bea4                Debugprintf
 .text.LowBatteryDisplay
                0x0000bee0       0xa4 o\main.o
                0x0000bee0                LowBatteryDisplay
 .text.zbClerkFileInit
                0x0000bf84       0xc0 o\main.o
                0x0000bf84                zbClerkFileInit
 .text.System_Init
                0x0000c044      0x164 o\main.o
                0x0000c044                System_Init
 .text.main     0x0000c1a8      0x1ac o\main.o
                0x0000c1a8                main
 .text.Cal_CRC  0x0000c354       0x68 o\Menu.o
                0x0000c354                Cal_CRC
 .text.a_to_h   0x0000c3bc       0x68 o\Menu.o
                0x0000c3bc                a_to_h
 .text.htoa     0x0000c424       0x60 o\Menu.o
                0x0000c424                htoa
 .text.print_work_note
                0x0000c484      0x464 o\Menu.o
                0x0000c484                print_work_note
 .text.print_sale_record
                0x0000c8e8      0x898 o\Menu.o
                0x0000c8e8                print_sale_record
 .text.CmdPsam  0x0000d180       0x34 o\sam_card.o
                0x0000d180                CmdPsam
 .text.SamCheck
                0x0000d1b4      0x188 o\sam_card.o
                0x0000d1b4                SamCheck
 .text.PsamRst  0x0000d33c       0x98 o\sam_card.o
                0x0000d33c                PsamRst
 .text.CalTAC2  0x0000d3d4      0x1c8 o\sam_card.o
                0x0000d3d4                CalTAC2
 .text.GPRS_TEST
                0x0000d59c       0xdc o\SIM200.o
                0x0000d59c                GPRS_TEST
 .text.SaveNoteRecord
                0x0000d678       0x90 o\SIM200.o
                0x0000d678                SaveNoteRecord
 .text.PackageCheck
                0x0000d708       0xec o\SIM200.o
                0x0000d708                PackageCheck
 .text.GPRS_SEND_RECORD
                0x0000d7f4      0x5e0 o\SIM200.o
                0x0000d7f4                GPRS_SEND_RECORD
 .text.Gprs_Upload_data
                0x0000ddd4      0x114 o\SIM200.o
                0x0000ddd4                Gprs_Upload_data
 .text.Close_GPRS_Module
                0x0000dee8       0x9c o\tcpip.o
                0x0000dee8                Close_GPRS_Module
 .text.FindStr  0x0000df84      0x568 o\tcpip.o
                0x0000df84                FindStr
 .text.GPRS_Close
                0x0000e4ec       0x4c o\tcpip.o
                0x0000e4ec                GPRS_Close
 .text.ConnectServer
                0x0000e538      0x1dc o\tcpip.o
                0x0000e538                ConnectServer
 .text.Open_GPRS_Module
                0x0000e714      0x3d0 o\tcpip.o
                0x0000e714                Open_GPRS_Module
 .text.GPRS_SEND_Receive
                0x0000eae4      0x188 o\tcpip.o
                0x0000eae4                GPRS_SEND_Receive
 .text.CheckTimeFormat
                0x0000ec6c       0x84 o\ydt.o
                0x0000ec6c                CheckTimeFormat
 .text.ascii_to_hex
                0x0000ecf0       0x64 o\ydt.o
                0x0000ecf0                ascii_to_hex
 .text.hextobcd
                0x0000ed54       0x24 o\ydt.o
                0x0000ed54                hextobcd
 .text.SleepMs  0x0000ed78       0x10 o\ydt.o
                0x0000ed78                SleepMs
 .text.pf_open  0x0000ed88        0x4 o\ydt.o
                0x0000ed88                pf_open
 .text.pf_close
                0x0000ed8c        0x4 o\ydt.o
                0x0000ed8c                pf_close
 .text.pf_exist
                0x0000ed90       0x34 o\ydt.o
                0x0000ed90                pf_exist
 .text.pf_read  0x0000edc4        0x4 o\ydt.o
                0x0000edc4                pf_read
 .text.pf_write
                0x0000edc8        0x4 o\ydt.o
                0x0000edc8                pf_write
 .text.pf_creat
                0x0000edcc        0x4 o\ydt.o
                0x0000edcc                pf_creat
 .text.lcddisperr
                0x0000edd0       0x70 o\ydt.o
                0x0000edd0                lcddisperr
 .text.ReadParam
                0x0000ee40       0xb4 o\ydt.o
                0x0000ee40                ReadParam
 .text.WriteParam
                0x0000eef4       0x88 o\ydt.o
                0x0000eef4                WriteParam
 .text.lcddisp  0x0000ef7c        0x4 o\ydt.o
                0x0000ef7c                lcddisp
 .text.get_input_str
                0x0000ef80      0x460 o\ydt.o
                0x0000ef80                get_input_str
 .text.browse_menu
                0x0000f3e0      0x514 o\ydt.o
                0x0000f3e0                browse_menu
 .text.Modify_Time
                0x0000f8f4       0xb8 o\ydt.o
                0x0000f8f4                Modify_Time
 .text.Get_Time
                0x0000f9ac      0x110 o\ydt.o
                0x0000f9ac                Get_Time
 .text.param_factory_default
                0x0000fabc      0x428 o\ydt.o
                0x0000fabc                param_factory_default
 .text          0x0000fee4      0x240 c:/program files/ept-tools/ept-sdk/sourcery g++ lite/bin/../lib/gcc/arm-none-linux-gnueabi/4.3.3\libgcc.a(_divsi3.o)
                0x0000fee4                __divsi3
                0x00010104                __aeabi_idivmod
                0x0000fee4                __aeabi_idiv
 .text          0x00010124      0x3b8 c:/program files/ept-tools/ept-sdk/sourcery g++ lite/bin/../lib/gcc/arm-none-linux-gnueabi/4.3.3\libgcc.a(_arm_addsubdf3.o)
                0x00010468                __floatundidf
                0x00010400                __floatsidf
                0x000103dc                __aeabi_ui2d
                0x00010400                __aeabi_i2d
                0x000103dc                __floatunsidf
                0x0001012c                __subdf3
                0x0001047c                __floatdidf
                0x00010130                __adddf3
                0x0001047c                __aeabi_l2d
                0x00010428                __aeabi_f2d
                0x00010468                __aeabi_ul2d
                0x00010124                __aeabi_drsub
                0x00010428                __extendsfdf2
                0x00010130                __aeabi_dadd
                0x0001012c                __aeabi_dsub
 .text          0x000104dc      0x470 c:/program files/ept-tools/ept-sdk/sourcery g++ lite/bin/../lib/gcc/arm-none-linux-gnueabi/4.3.3\libgcc.a(_arm_muldivdf3.o)
                0x000104dc                __muldf3
                0x00010748                __divdf3
                0x000104dc                __aeabi_dmul
                0x00010748                __aeabi_ddiv
 .text          0x0001094c       0xa0 c:/program files/ept-tools/ept-sdk/sourcery g++ lite/bin/../lib/gcc/arm-none-linux-gnueabi/4.3.3\libgcc.a(_arm_truncdfsf2.o)
                0x0001094c                __aeabi_d2f
                0x0001094c                __truncdfsf2
 .text          0x000109ec      0x250 c:/program files/ept-tools/ept-sdk/sourcery g++ lite/bin/../lib/gcc/arm-none-linux-gnueabi/4.3.3\libgcc.a(_arm_addsubsf3.o)
                0x000109f8                __aeabi_fadd
                0x00010bc0                __aeabi_l2f
                0x00010bb0                __aeabi_ul2f
                0x000109f4                __subsf3
                0x00010b90                __floatsisf
                0x000109f8                __addsf3
                0x000109ec                __aeabi_frsub
                0x00010bc0                __floatdisf
                0x000109f4                __aeabi_fsub
                0x00010b88                __aeabi_ui2f
                0x00010b90                __aeabi_i2f
                0x00010b88                __floatunsisf
                0x00010bb0                __floatundisf
 .text          0x00010c3c      0x2f8 c:/program files/ept-tools/ept-sdk/sourcery g++ lite/bin/../lib/gcc/arm-none-linux-gnueabi/4.3.3\libgcc.a(_arm_muldivsf3.o)
                0x00010dd4                __aeabi_fdiv
                0x00010dd4                __divsf3
                0x00010c3c                __aeabi_fmul
                0x00010c3c                __mulsf3
 .text          0x00010f34       0xfc c:/program files/ept-tools/ept-sdk/sourcery g++ lite/bin/../lib/gcc/arm-none-linux-gnueabi/4.3.3\libgcc.a(_arm_cmpsf2.o)
                0x00010f34                __gesf2
                0x00011008                __aeabi_fcmpge
                0x00010fb8                __aeabi_cfcmple
                0x00010f44                __cmpsf2
                0x00010fa8                __aeabi_cfrcmple
                0x00010fb8                __aeabi_cfcmpeq
                0x00010f3c                __lesf2
                0x00010f3c                __ltsf2
                0x00010f34                __gtsf2
                0x00010fe0                __aeabi_fcmplt
                0x00010f44                __eqsf2
                0x00010fcc                __aeabi_fcmpeq
                0x00010f44                __nesf2
                0x00010ff4                __aeabi_fcmple
                0x0001101c                __aeabi_fcmpgt
 .text          0x00011030       0x54 c:/program files/ept-tools/ept-sdk/sourcery g++ lite/bin/../lib/gcc/arm-none-linux-gnueabi/4.3.3\libgcc.a(_arm_fixunssfsi.o)
                0x00011030                __aeabi_f2uiz
                0x00011030                __fixunssfsi
 .text          0x00011084       0x10 c:/program files/ept-tools/ept-sdk/sourcery g++ lite/bin/../lib/gcc/arm-none-linux-gnueabi/4.3.3\libgcc.a(_dvmd_lnx.o)
                0x00011084                __aeabi_idiv0
                0x00011084                __aeabi_ldiv0
 .text          0x00011094       0x60 c:/program files/ept-tools/ept-sdk/sourcery g++ lite/bin/../lib/gcc/arm-none-linux-gnueabi/4.3.3\libgcc.a(_fixunsdfdi.o)
                0x00011094                __aeabi_d2ulz
                0x00011094                __fixunsdfdi
 .text          0x000110f4       0x54 c:/program files/ept-tools/ept-sdk/sourcery g++ lite/bin/../lib/gcc/arm-none-linux-gnueabi/4.3.3\libgcc.a(_arm_fixunsdfsi.o)
                0x000110f4                __fixunsdfsi
                0x000110f4                __aeabi_d2uiz
 .text          0x00011148       0x70 c:\program files\ept-tools\ept-sdk\sourcery g++ lite\bin\../arm-none-linux-gnueabi/libc/usr/lib/libc_nonshared.a(elf-init.oS)
                0x00011148                __libc_csu_fini
                0x0001114c                __libc_csu_init
 *(.gnu.warning)
 *(.glue_7t)
 .glue_7t       0x00000000        0x0 linker stubs
 *(.glue_7)
 .glue_7        0x00000000        0x0 linker stubs
 *(.vfp11_veneer)
 .vfp11_veneer  0x00000000        0x0 linker stubs
 *(.v4_bx)
 .v4_bx         0x00000000        0x0 linker stubs

.fini           0x000111b8        0x8
 *(.fini)
 .fini          0x000111b8        0x4 c:/program files/ept-tools/ept-sdk/sourcery g++ lite/bin/../arm-none-linux-gnueabi/libc/usr/lib/crti.o
                0x000111b8                _fini
 .fini          0x000111bc        0x4 c:/program files/ept-tools/ept-sdk/sourcery g++ lite/bin/../arm-none-linux-gnueabi/libc/usr/lib/crtn.o
                0x000111c0                PROVIDE (__etext, .)
                0x000111c0                PROVIDE (_etext, .)
                0x000111c0                PROVIDE (etext, .)

.rodata         0x000111c0     0x1e4c
 *(.rodata .rodata.* .gnu.linkonce.r.*)
 .rodata.str1.4
                0x000111c0      0x687 o\cpucard.o
                                0x690 (size before relaxing)
 *fill*         0x00011847        0x1 00
 .rodata.str1.4
                0x00011848       0x45 o\DB.o
                                 0x5c (size before relaxing)
 *fill*         0x0001188d        0x3 00
 .rodata        0x00011890       0x58 o\Function.o
 .rodata.str1.4
                0x000118e8      0x361 o\Function.o
                                0x3a8 (size before relaxing)
 *fill*         0x00011c49        0x3 00
 .rodata.str1.4
                0x00011c4c      0x1c0 o\M1card.o
                                0x1f4 (size before relaxing)
 .rodata        0x00011e0c        0xc o\main.o
 .rodata.str1.4
                0x00011e18      0x44e o\main.o
                                0x468 (size before relaxing)
 *fill*         0x00012266        0x2 00
 .rodata.str1.4
                0x00012268      0x49a o\Menu.o
                                0x4e4 (size before relaxing)
 *fill*         0x00012702        0x2 00
 .rodata        0x00012704       0x10 o\sam_card.o
 .rodata.GET_MI_FUZA_KEY_YINZI
                0x00012714        0x8 o\sam_card.o
                0x00012714                GET_MI_FUZA_KEY_YINZI
 .rodata.FUZHA_TAC_INIT
                0x0001271c        0x5 o\sam_card.o
                0x0001271c                FUZHA_TAC_INIT
 .rodata.GET_M1_FUZA_KEY
                0x00012721        0x5 o\sam_card.o
                0x00012721                GET_M1_FUZA_KEY
 *fill*         0x00012726        0x2 00
 .rodata.str1.4
                0x00012728       0x43 o\sam_card.o
                                 0x44 (size before relaxing)
 .rodata.SELECT_SAM_3F01
                0x0001276b        0x7 o\sam_card.o
                0x0001276b                SELECT_SAM_3F01
 .rodata.ReadPOSNumber
                0x00012772        0x5 o\sam_card.o
                0x00012772                ReadPOSNumber
 .rodata.FUZHA_CAL_TAC_M1
                0x00012777        0x5 o\sam_card.o
                0x00012777                FUZHA_CAL_TAC_M1
 .rodata.str1.4
                0x0001277c      0x2e1 o\SIM200.o
                                0x3ac (size before relaxing)
 *fill*         0x00012a5d        0x3 00
 .rodata.str1.4
                0x00012a60      0x331 o\tcpip.o
                                0x334 (size before relaxing)
 *fill*         0x00012d91        0x3 00
 .rodata.clerkFileName
                0x00012d94        0x8 o\ydt.o
                0x00012d94                clerkFileName
 .rodata.blackFileName
                0x00012d9c        0x8 o\ydt.o
                0x00012d9c                blackFileName
 .rodata.str1.4
                0x00012da4      0x250 o\ydt.o
                                0x264 (size before relaxing)
 .rodata.parmFileName
                0x00012ff4        0x8 o\ydt.o
                0x00012ff4                parmFileName
 .rodata.currecFileName
                0x00012ffc        0x8 o\ydt.o
                0x00012ffc                currecFileName
 .rodata.hisrecFileName
                0x00013004        0x8 o\ydt.o
                0x00013004                hisrecFileName

.rodata1
 *(.rodata1)

.ARM.extab      0x0001300c       0x3c
 *(.ARM.extab* .gnu.linkonce.armextab.*)
 .ARM.extab.text.download_whiltelist
                0x0001300c        0xc o\cpucard.o
 .ARM.extab.text.GPRS_SEND_RECORD
                0x00013018        0xc o\SIM200.o
 .ARM.extab.text.FindStr
                0x00013024        0xc o\tcpip.o
 .ARM.extab.text.GPRS_SEND_Receive
                0x00013030        0xc o\tcpip.o
 .ARM.extab.text.browse_menu
                0x0001303c        0xc o\ydt.o
                0x00013048                __exidx_start = .

.ARM.exidx      0x00013048      0x290
 *(.ARM.exidx* .gnu.linkonce.armexidx.*)
 .ARM.exidx     0x00013058        0x0 c:/program files/ept-tools/ept-sdk/sourcery g++ lite/bin/../arm-none-linux-gnueabi/libc/usr/lib/crt1.o
                                  0x8 (size before relaxing)
 .ARM.exidx     0x00013058        0x8 c:/program files/ept-tools/ept-sdk/sourcery g++ lite/bin/../arm-none-linux-gnueabi/libc/usr/lib/crti.o
 .ARM.exidx     0x00013060        0x8 c:/program files/ept-tools/ept-sdk/sourcery g++ lite/bin/../lib/gcc/arm-none-linux-gnueabi/4.3.3/crtbegin.o
                                 0x10 (size before relaxing)
 .ARM.exidx.text.CardFlush
                0x00013068        0x0 o\cpucard.o
                                  0x8 (size before relaxing)
 .ARM.exidx.text.SaveCardInTime
                0x00013068        0x8 o\cpucard.o
 .ARM.exidx.text.query_rec_num
                0x00013070        0x8 o\cpucard.o
 .ARM.exidx.text.Beeperr
                0x00013078        0x8 o\cpucard.o
 .ARM.exidx.text.Beep
                0x00013080        0x8 o\cpucard.o
 .ARM.exidx.text.DisplayPurchaseResult
                0x00013088        0x8 o\cpucard.o
 .ARM.exidx.text.printf_debug
                0x00013090        0x8 o\cpucard.o
 .ARM.exidx.text.Logout
                0x00013098        0x8 o\cpucard.o
 .ARM.exidx.text.download_whiltelist
                0x000130a0        0x8 o\cpucard.o
 .ARM.exidx.text.oper_login_check
                0x000130a8        0x8 o\cpucard.o
 .ARM.exidx.text.CalTAC
                0x000130b0        0x8 o\cpucard.o
 .ARM.exidx.text.Login
                0x000130b8        0x8 o\cpucard.o
 .ARM.exidx.text.BlackName_Find
                0x000130c0        0x8 o\DB.o
 .ARM.exidx.text.SaveCardRecord
                0x000130c8        0x8 o\DB.o
 .ARM.exidx.text.select_gas_oil_Setting
                0x000130d0        0x8 o\Function.o
 .ARM.exidx.text.SAMCompSelect
                0x000130d8        0x8 o\Function.o
 .ARM.exidx.text.SetID
                0x000130e0        0x8 o\Function.o
 .ARM.exidx.text.SetUserID
                0x000130e8        0x8 o\Function.o
 .ARM.exidx.text.PasswordCheck
                0x000130f0        0x8 o\Function.o
 .ARM.exidx.text.PasswordSetting
                0x000130f8        0x8 o\Function.o
 .ARM.exidx.text.Parm_Setting
                0x00013100        0x8 o\Function.o
 .ARM.exidx.text.CardInit
                0x00013108        0x8 o\M1card.o
 .ARM.exidx.text.M1_Card_Consume_Process
                0x00013110        0x8 o\M1card.o
 .ARM.exidx.text.StoreRecord
                0x00013118        0x8 o\M1card.o
 .ARM.exidx.text.M1CardProcess
                0x00013120        0x8 o\M1card.o
 .ARM.exidx.text.System_reset
                0x00013128        0x8 o\main.o
 .ARM.exidx.text.Power_Down
                0x00013130        0x0 o\main.o
                                  0x8 (size before relaxing)
 .ARM.exidx.text.format_process
                0x00013130        0x8 o\main.o
 .ARM.exidx.text.DisplayWelcomeMenu
                0x00013138        0x8 o\main.o
 .ARM.exidx.text.Device_Handle_Init
                0x00013140        0x8 o\main.o
 .ARM.exidx.text.zbClerkReadFile
                0x00013148        0x8 o\main.o
 .ARM.exidx.text.zbClerkSaveFile
                0x00013150        0x8 o\main.o
 .ARM.exidx.text.SystemCheck
                0x00013158        0x8 o\main.o
 .ARM.exidx.text.Debugprintf
                0x00013160        0x8 o\main.o
 .ARM.exidx.text.LowBatteryDisplay
                0x00013168        0x8 o\main.o
 .ARM.exidx.text.zbClerkFileInit
                0x00013170        0x8 o\main.o
 .ARM.exidx.text.System_Init
                0x00013178        0x8 o\main.o
 .ARM.exidx.text.main
                0x00013180        0x8 o\main.o
 .ARM.exidx.text.Cal_CRC
                0x00013188        0x8 o\Menu.o
 .ARM.exidx.text.a_to_h
                0x00013190        0x8 o\Menu.o
 .ARM.exidx.text.htoa
                0x00013198        0x8 o\Menu.o
 .ARM.exidx.text.print_work_note
                0x000131a0        0x8 o\Menu.o
 .ARM.exidx.text.print_sale_record
                0x000131a8        0x8 o\Menu.o
 .ARM.exidx.text.CmdPsam
                0x000131b0        0x8 o\sam_card.o
 .ARM.exidx.text.SamCheck
                0x000131b8        0x8 o\sam_card.o
 .ARM.exidx.text.PsamRst
                0x000131c0        0x8 o\sam_card.o
 .ARM.exidx.text.CalTAC2
                0x000131c8        0x8 o\sam_card.o
 .ARM.exidx.text.GPRS_TEST
                0x000131d0        0x8 o\SIM200.o
 .ARM.exidx.text.SaveNoteRecord
                0x000131d8        0x8 o\SIM200.o
 .ARM.exidx.text.PackageCheck
                0x000131e0        0x8 o\SIM200.o
 .ARM.exidx.text.GPRS_SEND_RECORD
                0x000131e8        0x8 o\SIM200.o
 .ARM.exidx.text.Gprs_Upload_data
                0x000131f0        0x8 o\SIM200.o
 .ARM.exidx.text.Close_GPRS_Module
                0x000131f8        0x8 o\tcpip.o
 .ARM.exidx.text.FindStr
                0x00013200        0x8 o\tcpip.o
 .ARM.exidx.text.GPRS_Close
                0x00013208        0x8 o\tcpip.o
 .ARM.exidx.text.ConnectServer
                0x00013210        0x8 o\tcpip.o
 .ARM.exidx.text.Open_GPRS_Module
                0x00013218        0x8 o\tcpip.o
 .ARM.exidx.text.GPRS_SEND_Receive
                0x00013220        0x8 o\tcpip.o
 .ARM.exidx.text.CheckTimeFormat
                0x00013228        0x8 o\ydt.o
 .ARM.exidx.text.ascii_to_hex
                0x00013230        0x0 o\ydt.o
                                  0x8 (size before relaxing)
 .ARM.exidx.text.hextobcd
                0x00013230        0x0 o\ydt.o
                                  0x8 (size before relaxing)
 .ARM.exidx.text.SleepMs
                0x00013230        0x8 o\ydt.o
 .ARM.exidx.text.pf_open
                0x00013238        0x8 o\ydt.o
 .ARM.exidx.text.pf_close
                0x00013240        0x0 o\ydt.o
                                  0x8 (size before relaxing)
 .ARM.exidx.text.pf_exist
                0x00013240        0x8 o\ydt.o
 .ARM.exidx.text.pf_read
                0x00013248        0x8 o\ydt.o
 .ARM.exidx.text.pf_write
                0x00013250        0x0 o\ydt.o
                                  0x8 (size before relaxing)
 .ARM.exidx.text.pf_creat
                0x00013250        0x0 o\ydt.o
                                  0x8 (size before relaxing)
 .ARM.exidx.text.lcddisperr
                0x00013250        0x8 o\ydt.o
 .ARM.exidx.text.ReadParam
                0x00013258        0x8 o\ydt.o
 .ARM.exidx.text.WriteParam
                0x00013260        0x8 o\ydt.o
 .ARM.exidx.text.lcddisp
                0x00013268        0x8 o\ydt.o
 .ARM.exidx.text.get_input_str
                0x00013270        0x8 o\ydt.o
 .ARM.exidx.text.browse_menu
                0x00013278        0x8 o\ydt.o
 .ARM.exidx.text.Modify_Time
                0x00013280        0x8 o\ydt.o
 .ARM.exidx.text.Get_Time
                0x00013288        0x8 o\ydt.o
 .ARM.exidx.text.param_factory_default
                0x00013290       0x10 o\ydt.o
                                  0x8 (size before relaxing)
 .ARM.exidx     0x000132a0       0x10 c:/program files/ept-tools/ept-sdk/sourcery g++ lite/bin/../lib/gcc/arm-none-linux-gnueabi/4.3.3\libgcc.a(_fixunsdfdi.o)
                                  0x8 (size before relaxing)
 .ARM.exidx     0x000132b0       0x18 c:\program files\ept-tools\ept-sdk\sourcery g++ lite\bin\../arm-none-linux-gnueabi/libc/usr/lib/libc_nonshared.a(elf-init.oS)
                                 0x10 (size before relaxing)
 .ARM.exidx.init
                0x00013048       0x10 c:/program files/ept-tools/ept-sdk/sourcery g++ lite/bin/../arm-none-linux-gnueabi/libc/usr/lib/crtn.o
                                  0x8 (size before relaxing)
 .ARM.exidx.fini
                0x000132c8       0x10 c:/program files/ept-tools/ept-sdk/sourcery g++ lite/bin/../arm-none-linux-gnueabi/libc/usr/lib/crtn.o
                                  0x8 (size before relaxing)
                0x000132d8                __exidx_end = .

.eh_frame_hdr
 *(.eh_frame_hdr)

.eh_frame       0x000132d8        0x4
 *(.eh_frame)
 .eh_frame      0x000132d8        0x4 c:/program files/ept-tools/ept-sdk/sourcery g++ lite/bin/../lib/gcc/arm-none-linux-gnueabi/4.3.3/crtend.o

.gcc_except_table
 *(.gcc_except_table .gcc_except_table.*)
                0x000132dc                . = (ALIGN (0x8000) - ((0x8000 - .) & 0x7fff))
                0x0001b2dc                . = (0x8000 DATA_SEGMENT_ALIGN 0x1000)

.eh_frame
 *(.eh_frame)

.gcc_except_table
 *(.gcc_except_table .gcc_except_table.*)

.tdata
 *(.tdata .tdata.* .gnu.linkonce.td.*)

.tbss
 *(.tbss .tbss.* .gnu.linkonce.tb.*)
 *(.tcommon)

.preinit_array  0x0001b2dc        0x0
                0x0001b2dc                PROVIDE (__preinit_array_start, .)
 *(.preinit_array)
                0x0001b2dc                PROVIDE (__preinit_array_end, .)

.init_array     0x0001b2dc        0x4
                0x0001b2dc                PROVIDE (__init_array_start, .)
 *(SORT(.init_array.*))
 *(.init_array)
 .init_array    0x0001b2dc        0x4 c:/program files/ept-tools/ept-sdk/sourcery g++ lite/bin/../lib/gcc/arm-none-linux-gnueabi/4.3.3/crtbegin.o
                0x0001b2e0                PROVIDE (__init_array_end, .)

.fini_array     0x0001b2e0        0x4
                0x0001b2e0                PROVIDE (__fini_array_start, .)
 *(.fini_array)
 .fini_array    0x0001b2e0        0x4 c:/program files/ept-tools/ept-sdk/sourcery g++ lite/bin/../lib/gcc/arm-none-linux-gnueabi/4.3.3/crtbegin.o
 *(SORT(.fini_array.*))
                0x0001b2e4                PROVIDE (__fini_array_end, .)

.ctors
 *crtbegin.o(.ctors)
 *crtbegin?.o(.ctors)
 *(EXCLUDE_FILE(*crtend?.o *crtend.o) .ctors)
 *(SORT(.ctors.*))
 *(.ctors)

.dtors
 *crtbegin.o(.dtors)
 *crtbegin?.o(.dtors)
 *(EXCLUDE_FILE(*crtend?.o *crtend.o) .dtors)
 *(SORT(.dtors.*))
 *(.dtors)

.jcr            0x0001b2e4        0x4
 *(.jcr)
 .jcr           0x0001b2e4        0x0 c:/program files/ept-tools/ept-sdk/sourcery g++ lite/bin/../lib/gcc/arm-none-linux-gnueabi/4.3.3/crtbegin.o
 .jcr           0x0001b2e4        0x4 c:/program files/ept-tools/ept-sdk/sourcery g++ lite/bin/../lib/gcc/arm-none-linux-gnueabi/4.3.3/crtend.o

.data.rel.ro
 *(.data.rel.ro.local* .gnu.linkonce.d.rel.ro.local.*)
 *(.data.rel.ro* .gnu.linkonce.d.rel.ro.*)

.dynamic        0x0001b2e8      0x148
 *(.dynamic)
 .dynamic       0x0001b2e8      0x148 c:/program files/ept-tools/ept-sdk/sourcery g++ lite/bin/../arm-none-linux-gnueabi/libc/usr/lib/crti.o
                0x0001b2e8                _DYNAMIC
                0x0001b430                . = (. DATA_SEGMENT_RELRO_END 0x0)

.got            0x0001b430      0x15c
 *(.got.plt)
 .got.plt       0x0001b430      0x158 c:/program files/ept-tools/ept-sdk/sourcery g++ lite/bin/../arm-none-linux-gnueabi/libc/usr/lib/crti.o
                0x0001b430                _GLOBAL_OFFSET_TABLE_
 *(.got)
 .got           0x0001b588        0x4 c:/program files/ept-tools/ept-sdk/sourcery g++ lite/bin/../arm-none-linux-gnueabi/libc/usr/lib/crti.o

.data           0x0001b58c       0xf8
                0x0001b58c                __data_start = .
 *(.data .data.* .gnu.linkonce.d.*)
 .data.gas_set  0x0001b58c       0x40 o\Function.o
                0x0001b58c                gas_set
 .data.parm_set
                0x0001b5cc       0xa4 o\Function.o
                0x0001b5cc                parm_set
 .data.VERSION  0x0001b670        0x4 o\main.o
                0x0001b670                VERSION
 .data.uihisrecLen
                0x0001b674        0x4 o\ydt.o
                0x0001b674                uihisrecLen
 .data.uicurrecLen
                0x0001b678        0x4 o\ydt.o
                0x0001b678                uicurrecLen
 .data.uiblackLen
                0x0001b67c        0x4 o\ydt.o
                0x0001b67c                uiblackLen
 .data.uiparamclen
                0x0001b680        0x4 o\ydt.o
                0x0001b680                uiparamclen

.data1
 *(.data1)
                0x0001b684                _edata = .
                0x0001b684                PROVIDE (edata, .)
                0x0001b684                __bss_start = .
                0x0001b684                __bss_start__ = .

.bss            0x0001b684      0x814
 *(.dynbss)
 .dynbss        0x00000000        0x0 c:/program files/ept-tools/ept-sdk/sourcery g++ lite/bin/../arm-none-linux-gnueabi/libc/usr/lib/crti.o
 *(.bss .bss.* .gnu.linkonce.b.*)
 .bss           0x0001b684        0x1 c:/program files/ept-tools/ept-sdk/sourcery g++ lite/bin/../lib/gcc/arm-none-linux-gnueabi/4.3.3/crtbegin.o
 *(COMMON)
 COMMON         0x0001b685       0x54 o\cpucard.o
                0x0001b685                KeySector
 *fill*         0x0001b6d9        0x3 00
 COMMON         0x0001b6dc      0x4e0 o\M1card.o
                0x0001b6dc                send_buffer
                0x0001badc                ErrCardInfo
                0x0001bb10                CardInfo
 COMMON         0x0001bbbc      0x1a8 o\main.o
                0x0001bbbc                clerk_list
                0x0001bc5c                DevStat
                0x0001bce0                hDprinterHandle
                0x0001bce4                hRS232Handle
                0x0001bce8                hMifsHandle
                0x0001bcec                hSam2Handle
                0x0001bcf0                hSam1Handle
                0x0001bcf4                hCpuHandle
                0x0001bcf8                hSIMHandle
                0x0001bcfc                dbuf
                0x0001bd60                hWLMHandle
 COMMON         0x0001bd64      0x134 o\tcpip.o
                0x0001bd64                tmpch
                0x0001bd68                s_add
                0x0001bd78                pppn
                0x0001bd7c                gtPara
                0x0001be94                socketID
                0x0001be98                . = ALIGN ((. != 0x0)?0x4:0x1)
                0x0001be98                _bss_end__ = .
                0x0001be98                __bss_end__ = .
                0x0001be98                . = ALIGN (0x4)
                0x0001be98                . = ALIGN (0x4)
                0x0001be98                __end__ = .
                0x0001be98                _end = .
                0x0001be98                PROVIDE (end, .)
                0x0001be98                . = DATA_SEGMENT_END (.)

.stab
 *(.stab)

.stabstr
 *(.stabstr)

.stab.excl
 *(.stab.excl)

.stab.exclstr
 *(.stab.exclstr)

.stab.index
 *(.stab.index)

.stab.indexstr
 *(.stab.indexstr)

.ARM.attributes
                0x00000000       0x2d
 .ARM.attributes
                0x00000000       0x2d c:/program files/ept-tools/ept-sdk/sourcery g++ lite/bin/../arm-none-linux-gnueabi/libc/usr/lib/crt1.o
 .ARM.attributes
                0x0000002d       0x31 c:/program files/ept-tools/ept-sdk/sourcery g++ lite/bin/../arm-none-linux-gnueabi/libc/usr/lib/crti.o
 .ARM.attributes
                0x0000005e       0x31 c:/program files/ept-tools/ept-sdk/sourcery g++ lite/bin/../lib/gcc/arm-none-linux-gnueabi/4.3.3/crtbegin.o
 .ARM.attributes
                0x0000008f       0x31 o\cpucard.o
 .ARM.attributes
                0x000000c0       0x31 o\DB.o
 .ARM.attributes
                0x000000f1       0x31 o\Function.o
 .ARM.attributes
                0x00000122       0x31 o\M1card.o
 .ARM.attributes
                0x00000153       0x31 o\main.o
 .ARM.attributes
                0x00000184       0x31 o\Menu.o
 .ARM.attributes
                0x000001b5       0x31 o\NormalData.o
 .ARM.attributes
                0x000001e6       0x31 o\sam_card.o
 .ARM.attributes
                0x00000217       0x31 o\SIM200.o
 .ARM.attributes
                0x00000248       0x31 o\tcpip.o
 .ARM.attributes
                0x00000279       0x31 o\ydt.o
 .ARM.attributes
                0x000002aa       0x16 c:/program files/ept-tools/ept-sdk/sourcery g++ lite/bin/../lib/gcc/arm-none-linux-gnueabi/4.3.3\libgcc.a(_divsi3.o)
 .ARM.attributes
                0x000002c0       0x16 c:/program files/ept-tools/ept-sdk/sourcery g++ lite/bin/../lib/gcc/arm-none-linux-gnueabi/4.3.3\libgcc.a(_arm_addsubdf3.o)
 .ARM.attributes
                0x000002d6       0x16 c:/program files/ept-tools/ept-sdk/sourcery g++ lite/bin/../lib/gcc/arm-none-linux-gnueabi/4.3.3\libgcc.a(_arm_muldivdf3.o)
 .ARM.attributes
                0x000002ec       0x16 c:/program files/ept-tools/ept-sdk/sourcery g++ lite/bin/../lib/gcc/arm-none-linux-gnueabi/4.3.3\libgcc.a(_arm_truncdfsf2.o)
 .ARM.attributes
                0x00000302       0x16 c:/program files/ept-tools/ept-sdk/sourcery g++ lite/bin/../lib/gcc/arm-none-linux-gnueabi/4.3.3\libgcc.a(_arm_addsubsf3.o)
 .ARM.attributes
                0x00000318       0x16 c:/program files/ept-tools/ept-sdk/sourcery g++ lite/bin/../lib/gcc/arm-none-linux-gnueabi/4.3.3\libgcc.a(_arm_muldivsf3.o)
 .ARM.attributes
                0x0000032e       0x16 c:/program files/ept-tools/ept-sdk/sourcery g++ lite/bin/../lib/gcc/arm-none-linux-gnueabi/4.3.3\libgcc.a(_arm_cmpsf2.o)
 .ARM.attributes
                0x00000344       0x16 c:/program files/ept-tools/ept-sdk/sourcery g++ lite/bin/../lib/gcc/arm-none-linux-gnueabi/4.3.3\libgcc.a(_arm_fixunssfsi.o)
 .ARM.attributes
                0x0000035a       0x14 c:/program files/ept-tools/ept-sdk/sourcery g++ lite/bin/../lib/gcc/arm-none-linux-gnueabi/4.3.3\libgcc.a(_dvmd_lnx.o)
 .ARM.attributes
                0x0000036e       0x31 c:/program files/ept-tools/ept-sdk/sourcery g++ lite/bin/../lib/gcc/arm-none-linux-gnueabi/4.3.3\libgcc.a(_fixunsdfdi.o)
 .ARM.attributes
                0x0000039f       0x16 c:/program files/ept-tools/ept-sdk/sourcery g++ lite/bin/../lib/gcc/arm-none-linux-gnueabi/4.3.3\libgcc.a(_arm_fixunsdfsi.o)
 .ARM.attributes
                0x000003b5       0x31 c:\program files\ept-tools\ept-sdk\sourcery g++ lite\bin\../arm-none-linux-gnueabi/libc/usr/lib/libc_nonshared.a(elf-init.oS)
 .ARM.attributes
                0x000003e6       0x31 c:/program files/ept-tools/ept-sdk/sourcery g++ lite/bin/../lib/gcc/arm-none-linux-gnueabi/4.3.3/crtend.o
 .ARM.attributes
                0x00000417       0x31 c:/program files/ept-tools/ept-sdk/sourcery g++ lite/bin/../arm-none-linux-gnueabi/libc/usr/lib/crtn.o

.comment        0x00000000      0x1d9
 *(.comment)
 .comment       0x00000000       0x2b o\cpucard.o
 .comment       0x0000002b       0x2b o\DB.o
 .comment       0x00000056       0x2b o\Function.o
 .comment       0x00000081       0x2b o\M1card.o
 .comment       0x000000ac       0x2b o\main.o
 .comment       0x000000d7       0x2b o\Menu.o
 .comment       0x00000102       0x2b o\NormalData.o
 .comment       0x0000012d       0x2b o\sam_card.o
 .comment       0x00000158       0x2b o\SIM200.o
 .comment       0x00000183       0x2b o\tcpip.o
 .comment       0x000001ae       0x2b o\ydt.o

.debug
 *(.debug)

.line
 *(.line)

.debug_srcinfo
 *(.debug_srcinfo)

.debug_sfnames
 *(.debug_sfnames)

.debug_aranges  0x00000000      0x5f8
 *(.debug_aranges)
 .debug_aranges
                0x00000000      0x168 o\cpucard.o
 .debug_aranges
                0x00000168       0x30 o\DB.o
 .debug_aranges
                0x00000198       0xb8 o\Function.o
 .debug_aranges
                0x00000250       0xb8 o\M1card.o
 .debug_aranges
                0x00000308       0xb8 o\main.o
 .debug_aranges
                0x000003c0       0x78 o\Menu.o
 .debug_aranges
                0x00000438       0x38 o\sam_card.o
 .debug_aranges
                0x00000470       0x48 o\SIM200.o
 .debug_aranges
                0x000004b8       0x68 o\tcpip.o
 .debug_aranges
                0x00000520       0xd8 o\ydt.o

.debug_pubnames
                0x00000000     0x118e
 *(.debug_pubnames)
 .debug_pubnames
                0x00000000      0x316 o\cpucard.o
 .debug_pubnames
                0x00000316       0x49 o\DB.o
 .debug_pubnames
                0x0000035f      0x1dd o\Function.o
 .debug_pubnames
                0x0000053c      0x327 o\M1card.o
 .debug_pubnames
                0x00000863      0x255 o\main.o
 .debug_pubnames
                0x00000ab8       0xd7 o\Menu.o
 .debug_pubnames
                0x00000b8f      0x231 o\sam_card.o
 .debug_pubnames
                0x00000dc0       0x82 o\SIM200.o
 .debug_pubnames
                0x00000e42      0x10b o\tcpip.o
 .debug_pubnames
                0x00000f4d      0x241 o\ydt.o

.debug_info     0x00000000     0xca3f
 *(.debug_info .gnu.linkonce.wi.*)
 .debug_info    0x00000000     0x1e3a o\cpucard.o
 .debug_info    0x00001e3a      0x889 o\DB.o
 .debug_info    0x000026c3     0x140b o\Function.o
 .debug_info    0x00003ace     0x19f8 o\M1card.o
 .debug_info    0x000054c6     0x177a o\main.o
 .debug_info    0x00006c40     0x123a o\Menu.o
 .debug_info    0x00007e7a        0x0 o\NormalData.o
 .debug_info    0x00007e7a     0x1270 o\sam_card.o
 .debug_info    0x000090ea      0xcdc o\SIM200.o
 .debug_info    0x00009dc6     0x11b6 o\tcpip.o
 .debug_info    0x0000af7c     0x1ac3 o\ydt.o

.debug_abbrev   0x00000000     0x1d8e
 *(.debug_abbrev)
 .debug_abbrev  0x00000000      0x455 o\cpucard.o
 .debug_abbrev  0x00000455      0x186 o\DB.o
 .debug_abbrev  0x000005db      0x2b0 o\Function.o
 .debug_abbrev  0x0000088b      0x2f2 o\M1card.o
 .debug_abbrev  0x00000b7d      0x31a o\main.o
 .debug_abbrev  0x00000e97      0x2de o\Menu.o
 .debug_abbrev  0x00001175        0x1 o\NormalData.o
 .debug_abbrev  0x00001176      0x27f o\sam_card.o
 .debug_abbrev  0x000013f5      0x296 o\SIM200.o
 .debug_abbrev  0x0000168b      0x37b o\tcpip.o
 .debug_abbrev  0x00001a06      0x388 o\ydt.o

.debug_line     0x00000000     0x4119
 *(.debug_line)
 .debug_line    0x00000000      0xb20 o\cpucard.o
 .debug_line    0x00000b20      0x260 o\DB.o
 .debug_line    0x00000d80      0x571 o\Function.o
 .debug_line    0x000012f1      0x7df o\M1card.o
 .debug_line    0x00001ad0      0x775 o\main.o
 .debug_line    0x00002245      0x6c4 o\Menu.o
 .debug_line    0x00002909        0x0 o\NormalData.o
 .debug_line    0x00002909      0x395 o\sam_card.o
 .debug_line    0x00002c9e      0x4cd o\SIM200.o
 .debug_line    0x0000316b      0x721 o\tcpip.o
 .debug_line    0x0000388c      0x88d o\ydt.o

.debug_frame    0x00000000     0x1278
 *(.debug_frame)
 .debug_frame   0x00000000      0x444 o\cpucard.o
 .debug_frame   0x00000444       0x5c o\DB.o
 .debug_frame   0x000004a0      0x238 o\Function.o
 .debug_frame   0x000006d8      0x224 o\M1card.o
 .debug_frame   0x000008fc      0x268 o\main.o
 .debug_frame   0x00000b64      0x15c o\Menu.o
 .debug_frame   0x00000cc0       0x98 o\sam_card.o
 .debug_frame   0x00000d58       0xdc o\SIM200.o
 .debug_frame   0x00000e34      0x14c o\tcpip.o
 .debug_frame   0x00000f80      0x268 o\ydt.o
 .debug_frame   0x000011e8       0x20 c:/program files/ept-tools/ept-sdk/sourcery g++ lite/bin/../lib/gcc/arm-none-linux-gnueabi/4.3.3\libgcc.a(_divsi3.o)
 .debug_frame   0x00001208       0x2c c:/program files/ept-tools/ept-sdk/sourcery g++ lite/bin/../lib/gcc/arm-none-linux-gnueabi/4.3.3\libgcc.a(_fixunsdfdi.o)
 .debug_frame   0x00001234       0x44 c:\program files\ept-tools\ept-sdk\sourcery g++ lite\bin\../arm-none-linux-gnueabi/libc/usr/lib/libc_nonshared.a(elf-init.oS)

.debug_str      0x00000000     0x1e91
 *(.debug_str)
 .debug_str     0x00000000      0xbe9 o\cpucard.o
                                0xd49 (size before relaxing)
 .debug_str     0x00000be9       0x5f o\DB.o
                                0x5d9 (size before relaxing)
 .debug_str     0x00000c48      0x204 o\Function.o
                                0xb06 (size before relaxing)
 .debug_str     0x00000e4c      0x3a5 o\M1card.o
                                0xd47 (size before relaxing)
 .debug_str     0x000011f1      0x43e o\main.o
                                0xdad (size before relaxing)
 .debug_str     0x0000162f       0xb5 o\Menu.o
                                0x734 (size before relaxing)
 .debug_str     0x000016e4      0x1dd o\sam_card.o
                                0xa9f (size before relaxing)
 .debug_str     0x000018c1       0x91 o\SIM200.o
                                0x676 (size before relaxing)
 .debug_str     0x00001952      0x284 o\tcpip.o
                                0x96a (size before relaxing)
 .debug_str     0x00001bd6      0x2bb o\ydt.o
                                0xbd6 (size before relaxing)

.debug_loc      0x00000000     0x2f9e
 *(.debug_loc)
 .debug_loc     0x00000000      0x9af o\cpucard.o
 .debug_loc     0x000009af      0x166 o\DB.o
 .debug_loc     0x00000b15      0x416 o\Function.o
 .debug_loc     0x00000f2b      0x598 o\M1card.o
 .debug_loc     0x000014c3      0x4ee o\main.o
 .debug_loc     0x000019b1      0x38b o\Menu.o
 .debug_loc     0x00001d3c      0x149 o\sam_card.o
 .debug_loc     0x00001e85      0x321 o\SIM200.o
 .debug_loc     0x000021a6      0x59d o\tcpip.o
 .debug_loc     0x00002743      0x85b o\ydt.o

.debug_macinfo
 *(.debug_macinfo)

.debug_weaknames
 *(.debug_weaknames)

.debug_funcnames
 *(.debug_funcnames)

.debug_typenames
 *(.debug_typenames)

.debug_varnames
 *(.debug_varnames)

.debug_pubtypes
 *(.debug_pubtypes)

.debug_ranges   0x00000000     0x14b0
 *(.debug_ranges)
 .debug_ranges  0x00000000      0x490 o\cpucard.o
 .debug_ranges  0x00000490       0x28 o\DB.o
 .debug_ranges  0x000004b8      0x238 o\Function.o
 .debug_ranges  0x000006f0      0x458 o\M1card.o
 .debug_ranges  0x00000b48      0x178 o\main.o
 .debug_ranges  0x00000cc0      0x108 o\Menu.o
 .debug_ranges  0x00000dc8      0x178 o\sam_card.o
 .debug_ranges  0x00000f40      0x128 o\SIM200.o
 .debug_ranges  0x00001068      0x190 o\tcpip.o
 .debug_ranges  0x000011f8      0x2b8 o\ydt.o

.gnu.attributes
 *(.gnu.attributes)

.note.gnu.arm.ident
 *(.note.gnu.arm.ident)

/DISCARD/
 *(.note.GNU-stack)
 *(.gnu_debuglink)
OUTPUT(o\POS elf32-littlearm)
